FED_STATEWISE_PROOF_PASS
STATE_COUNT 13
ALL_YES_ASK_COST 0.996
ALL_YES_GROSS_FLOOR_EDGE 0.0040000000000000036
ALL_YES_TOP_SIZE 75.0
IDENTITY 616902
QUESTION Will no Fed rate cuts happen in 2026?
SYNTH_NO_ASK 0.03900000000000001
SYNTH_TOP_SIZE 75.0
DIRECT_NO_BID 0.043
DIRECT_NO_BID_SIZE 2987.34
GROSS_REPRESENTATION_EDGE 0.00399999999999999
IDENTITY 616903
QUESTION Will 1 Fed rate cut happen in 2026?
SYNTH_NO_ASK 0.981
SYNTH_TOP_SIZE 274.79
DIRECT_NO_BID 0.985
DIRECT_NO_BID_SIZE 75.0
GROSS_REPRESENTATION_EDGE 0.0040000000000000036
IDENTITY 616904
QUESTION Will 2 Fed rate cuts happen in 2026?
SYNTH_NO_ASK 0.991
SYNTH_TOP_SIZE 75.0
DIRECT_NO_BID 0.995
DIRECT_NO_BID_SIZE 2335.94
GROSS_REPRESENTATION_EDGE 0.0040000000000000036
IDENTITY 616905
QUESTION Will 3 Fed rate cuts happen in 2026?
SYNTH_NO_ASK 0.99
SYNTH_TOP_SIZE 75.0
DIRECT_NO_BID 0.994
DIRECT_NO_BID_SIZE 2333.51
GROSS_REPRESENTATION_EDGE 0.0040000000000000036
IDENTITY 616906
QUESTION Will 4 Fed rate cuts happen in 2026?
SYNTH_NO_ASK 0.993
SYNTH_TOP_SIZE 75.0
DIRECT_NO_BID 0.997
DIRECT_NO_BID_SIZE 4737.18
GROSS_REPRESENTATION_EDGE 0.0040000000000000036
IDENTITY 616907
QUESTION Will 5 Fed rate cuts happen in 2026?
SYNTH_NO_ASK 0.994
SYNTH_TOP_SIZE 75.0
DIRECT_NO_BID 0.998
DIRECT_NO_BID_SIZE 5762.92
GROSS_REPRESENTATION_EDGE 0.0040000000000000036
IDENTITY 616908
QUESTION Will 6 Fed rate cuts happen in 2026?
SYNTH_NO_ASK 0.995
SYNTH_TOP_SIZE 75.0
DIRECT_NO_BID 0.999
DIRECT_NO_BID_SIZE 274.79
GROSS_REPRESENTATION_EDGE 0.0040000000000000036
IDENTITY 616909
QUESTION Will 7 Fed rate cuts happen in 2026?
SYNTH_NO_ASK 0.994
SYNTH_TOP_SIZE 75.0
DIRECT_NO_BID 0.998
DIRECT_NO_BID_SIZE 21132.37
GROSS_REPRESENTATION_EDGE 0.0040000000000000036
IDENTITY 616910
QUESTION Will 8 Fed rate cuts happen in 2026?
SYNTH_NO_ASK 0.995
SYNTH_TOP_SIZE 75.0
DIRECT_NO_BID 0.999
DIRECT_NO_BID_SIZE 168145.15
GROSS_REPRESENTATION_EDGE 0.0040000000000000036
IDENTITY 616911
QUESTION Will 9 Fed rate cuts happen in 2026?
SYNTH_NO_ASK 0.995
SYNTH_TOP_SIZE 75.0
DIRECT_NO_BID 0.999
DIRECT_NO_BID_SIZE 442983.73
GROSS_REPRESENTATION_EDGE 0.0040000000000000036
IDENTITY 616912
QUESTION Will 10 Fed rate cuts happen in 2026?
SYNTH_NO_ASK 0.995
SYNTH_TOP_SIZE 75.0
DIRECT_NO_BID 0.999
DIRECT_NO_BID_SIZE 461176.62
GROSS_REPRESENTATION_EDGE 0.0040000000000000036
IDENTITY 616913
QUESTION Will 11 Fed rate cuts happen in 2026?
SYNTH_NO_ASK 0.995
SYNTH_TOP_SIZE 75.0
DIRECT_NO_BID 0.999
DIRECT_NO_BID_SIZE 470192.54
GROSS_REPRESENTATION_EDGE 0.0040000000000000036
IDENTITY 616914
QUESTION Will 12 or more Fed rate cuts happen in 2026?
SYNTH_NO_ASK 0.995
SYNTH_TOP_SIZE 75.0
DIRECT_NO_BID 0.999
DIRECT_NO_BID_SIZE 194022.31
GROSS_REPRESENTATION_EDGE 0.0040000000000000036
REPRESENTATION_GROSS_POSITIVE 13
BEST_REPRESENTATION_EDGE 0.0040000000000000036
FED_IDENTITY_TEST_PASS
