FED_RULE_CAPTURE_PASS
HTTP 200
EVENT_ID 51456
TITLE How many Fed rate cuts in 2026?
NEG_RISK True
NEG_RISK_AUGMENTED False
NEG_RISK_MARKET_ID 0xdcd7daabcacdc4ecf4f9a48d0a2708b52f356dd086c8070992136da62eb72b00
DESCRIPTION
This market will resolve according to the exact amount of cuts of 25 basis points in 2026 by the Fed (including any cuts made during the December meeting).

Emergency rate cuts outside of scheduled FOMC meetings will also count toward the total number of cuts in 2026. This market will remain open until December 31, 2026, 11:59 PM ET, to account for any such emergency actions.

For example, if the Fed cuts rates by 50 bps after a meeting, it would be considered 2 cuts (of 25 bps each).

This market will resolve early to "No" if the specified number of cuts becomes impossible — i.e., if more cuts have already occurred than the strike in question.

Note that cuts between 1–24 bps (inclusive) will also be considered 1 rate cut.

The resolution source for this market will be FOMC statements after meetings scheduled in 2026 according to the official calendar: https://www.federalreserve.gov/monetarypolicy/fomccalendars.htm. The level and change of the target federal funds rate is also published at the official website of the Federal Reserve at https://www.federalreserve.gov/monetarypolicy/openmarket.htm.
MARKET_COUNT 13
MARKET_ID 616902
QUESTION Will no Fed rate cuts happen in 2026?
NEG_RISK True
NEG_RISK_OTHER False
END_DATE 2026-12-31T00:00:00Z
DESCRIPTION This market will resolve according to the exact amount of cuts of 25 basis points in 2026 by the Fed (including any cuts made during the December meeting).  Emergency rate cuts outside of scheduled FOMC meetings will also count toward the total number of cuts in 2026. This market will remain open until December 31, 2026, 11:59 PM ET, to account for any such emergency actions.  For example, if the Fed cuts rates by 50 bps after a meeting, it would be considered 2 cuts (of 25 bps each).  This market will resolve early to "No" if the specified number of cuts becomes impossible — i.e., if more cuts have already occurred than the strike in question.  Note that cuts between 1–24 bps (inclusive) will also be considered 1 rate cut.  The resolution source for this market will be FOMC statements after meetings scheduled in 2026 according to the official calendar: https://www.federalreserve.gov/monetarypolicy/fomccalendars.htm. The level and change of the target federal funds rate is also published at the official website of the Federal Reserve at https://www.federalreserve.gov/monetarypolicy/openmarket.htm.
---
MARKET_ID 616903
QUESTION Will 1 Fed rate cut happen in 2026?
NEG_RISK True
NEG_RISK_OTHER False
END_DATE 2026-12-31T00:00:00Z
DESCRIPTION This market will resolve according to the exact amount of cuts of 25 basis points in 2026 by the Fed (including any cuts made during the December meeting).  Emergency rate cuts outside of scheduled FOMC meetings will also count toward the total number of cuts in 2026. This market will remain open until December 31, 2026, 11:59 PM ET, to account for any such emergency actions.  For example, if the Fed cuts rates by 50 bps after a meeting, it would be considered 2 cuts (of 25 bps each).  This market will resolve early to "No" if the specified number of cuts becomes impossible — i.e., if more cuts have already occurred than the strike in question.  Note that cuts between 1–24 bps (inclusive) will also be considered 1 rate cut.  The resolution source for this market will be FOMC statements after meetings scheduled in 2026 according to the official calendar: https://www.federalreserve.gov/monetarypolicy/fomccalendars.htm. The level and change of the target federal funds rate is also published at the official website of the Federal Reserve at https://www.federalreserve.gov/monetarypolicy/openmarket.htm.
---
MARKET_ID 616904
QUESTION Will 2 Fed rate cuts happen in 2026?
NEG_RISK True
NEG_RISK_OTHER False
END_DATE 2026-12-31T00:00:00Z
DESCRIPTION This market will resolve according to the exact amount of cuts of 25 basis points in 2026 by the Fed (including any cuts made during the December meeting).  Emergency rate cuts outside of scheduled FOMC meetings will also count toward the total number of cuts in 2026. This market will remain open until December 31, 2026, 11:59 PM ET, to account for any such emergency actions.  For example, if the Fed cuts rates by 50 bps after a meeting, it would be considered 2 cuts (of 25 bps each).  This market will resolve early to "No" if the specified number of cuts becomes impossible — i.e., if more cuts have already occurred than the strike in question.  Note that cuts between 1–24 bps (inclusive) will also be considered 1 rate cut.  The resolution source for this market will be FOMC statements after meetings scheduled in 2026 according to the official calendar: https://www.federalreserve.gov/monetarypolicy/fomccalendars.htm. The level and change of the target federal funds rate is also published at the official website of the Federal Reserve at https://www.federalreserve.gov/monetarypolicy/openmarket.htm.
---
MARKET_ID 616905
QUESTION Will 3 Fed rate cuts happen in 2026?
NEG_RISK True
NEG_RISK_OTHER False
END_DATE 2026-12-31T00:00:00Z
DESCRIPTION This market will resolve according to the exact amount of cuts of 25 basis points in 2026 by the Fed (including any cuts made during the December meeting).  Emergency rate cuts outside of scheduled FOMC meetings will also count toward the total number of cuts in 2026. This market will remain open until December 31, 2026, 11:59 PM ET, to account for any such emergency actions.  For example, if the Fed cuts rates by 50 bps after a meeting, it would be considered 2 cuts (of 25 bps each).  This market will resolve early to "No" if the specified number of cuts becomes impossible — i.e., if more cuts have already occurred than the strike in question.  Note that cuts between 1–24 bps (inclusive) will also be considered 1 rate cut.  The resolution source for this market will be FOMC statements after meetings scheduled in 2026 according to the official calendar: https://www.federalreserve.gov/monetarypolicy/fomccalendars.htm. The level and change of the target federal funds rate is also published at the official website of the Federal Reserve at https://www.federalreserve.gov/monetarypolicy/openmarket.htm.
---
MARKET_ID 616906
QUESTION Will 4 Fed rate cuts happen in 2026?
NEG_RISK True
NEG_RISK_OTHER False
END_DATE 2026-12-31T00:00:00Z
DESCRIPTION This market will resolve according to the exact amount of cuts of 25 basis points in 2026 by the Fed (including any cuts made during the December meeting).  Emergency rate cuts outside of scheduled FOMC meetings will also count toward the total number of cuts in 2026. This market will remain open until December 31, 2026, 11:59 PM ET, to account for any such emergency actions.  For example, if the Fed cuts rates by 50 bps after a meeting, it would be considered 2 cuts (of 25 bps each).  This market will resolve early to "No" if the specified number of cuts becomes impossible — i.e., if more cuts have already occurred than the strike in question.  Note that cuts between 1–24 bps (inclusive) will also be considered 1 rate cut.  The resolution source for this market will be FOMC statements after meetings scheduled in 2026 according to the official calendar: https://www.federalreserve.gov/monetarypolicy/fomccalendars.htm. The level and change of the target federal funds rate is also published at the official website of the Federal Reserve at https://www.federalreserve.gov/monetarypolicy/openmarket.htm.
---
MARKET_ID 616907
QUESTION Will 5 Fed rate cuts happen in 2026?
NEG_RISK True
NEG_RISK_OTHER False
END_DATE 2026-12-31T00:00:00Z
DESCRIPTION This market will resolve according to the exact amount of cuts of 25 basis points in 2026 by the Fed (including any cuts made during the December meeting).  Emergency rate cuts outside of scheduled FOMC meetings will also count toward the total number of cuts in 2026. This market will remain open until December 31, 2026, 11:59 PM ET, to account for any such emergency actions.  For example, if the Fed cuts rates by 50 bps after a meeting, it would be considered 2 cuts (of 25 bps each).  This market will resolve early to "No" if the specified number of cuts becomes impossible — i.e., if more cuts have already occurred than the strike in question.  Note that cuts between 1–24 bps (inclusive) will also be considered 1 rate cut.  The resolution source for this market will be FOMC statements after meetings scheduled in 2026 according to the official calendar: https://www.federalreserve.gov/monetarypolicy/fomccalendars.htm. The level and change of the target federal funds rate is also published at the official website of the Federal Reserve at https://www.federalreserve.gov/monetarypolicy/openmarket.htm.
---
MARKET_ID 616908
QUESTION Will 6 Fed rate cuts happen in 2026?
NEG_RISK True
NEG_RISK_OTHER False
END_DATE 2026-12-31T00:00:00Z
DESCRIPTION This market will resolve according to the exact amount of cuts of 25 basis points in 2026 by the Fed (including any cuts made during the December meeting).  Emergency rate cuts outside of scheduled FOMC meetings will also count toward the total number of cuts in 2026. This market will remain open until December 31, 2026, 11:59 PM ET, to account for any such emergency actions.  For example, if the Fed cuts rates by 50 bps after a meeting, it would be considered 2 cuts (of 25 bps each).  This market will resolve early to "No" if the specified number of cuts becomes impossible — i.e., if more cuts have already occurred than the strike in question.  Note that cuts between 1–24 bps (inclusive) will also be considered 1 rate cut.  The resolution source for this market will be FOMC statements after meetings scheduled in 2026 according to the official calendar: https://www.federalreserve.gov/monetarypolicy/fomccalendars.htm. The level and change of the target federal funds rate is also published at the official website of the Federal Reserve at https://www.federalreserve.gov/monetarypolicy/openmarket.htm.
---
MARKET_ID 616909
QUESTION Will 7 Fed rate cuts happen in 2026?
NEG_RISK True
NEG_RISK_OTHER False
END_DATE 2026-12-31T00:00:00Z
DESCRIPTION This market will resolve according to the exact amount of cuts of 25 basis points in 2026 by the Fed (including any cuts made during the December meeting).  Emergency rate cuts outside of scheduled FOMC meetings will also count toward the total number of cuts in 2026. This market will remain open until December 31, 2026, 11:59 PM ET, to account for any such emergency actions.  For example, if the Fed cuts rates by 50 bps after a meeting, it would be considered 2 cuts (of 25 bps each).  This market will resolve early to "No" if the specified number of cuts becomes impossible — i.e., if more cuts have already occurred than the strike in question.  Note that cuts between 1–24 bps (inclusive) will also be considered 1 rate cut.  The resolution source for this market will be FOMC statements after meetings scheduled in 2026 according to the official calendar: https://www.federalreserve.gov/monetarypolicy/fomccalendars.htm. The level and change of the target federal funds rate is also published at the official website of the Federal Reserve at https://www.federalreserve.gov/monetarypolicy/openmarket.htm.
---
MARKET_ID 616910
QUESTION Will 8 Fed rate cuts happen in 2026?
NEG_RISK True
NEG_RISK_OTHER False
END_DATE 2026-12-31T00:00:00Z
DESCRIPTION This market will resolve according to the exact amount of cuts of 25 basis points in 2026 by the Fed (including any cuts made during the December meeting).  Emergency rate cuts outside of scheduled FOMC meetings will also count toward the total number of cuts in 2026. This market will remain open until December 31, 2026, 11:59 PM ET, to account for any such emergency actions.  For example, if the Fed cuts rates by 50 bps after a meeting, it would be considered 2 cuts (of 25 bps each).  This market will resolve early to "No" if the specified number of cuts becomes impossible — i.e., if more cuts have already occurred than the strike in question.  Note that cuts between 1–24 bps (inclusive) will also be considered 1 rate cut.  The resolution source for this market will be FOMC statements after meetings scheduled in 2026 according to the official calendar: https://www.federalreserve.gov/monetarypolicy/fomccalendars.htm. The level and change of the target federal funds rate is also published at the official website of the Federal Reserve at https://www.federalreserve.gov/monetarypolicy/openmarket.htm.
---
MARKET_ID 616911
QUESTION Will 9 Fed rate cuts happen in 2026?
NEG_RISK True
NEG_RISK_OTHER False
END_DATE 2026-12-31T00:00:00Z
DESCRIPTION This market will resolve according to the exact amount of cuts of 25 basis points in 2026 by the Fed (including any cuts made during the December meeting).  Emergency rate cuts outside of scheduled FOMC meetings will also count toward the total number of cuts in 2026. This market will remain open until December 31, 2026, 11:59 PM ET, to account for any such emergency actions.  For example, if the Fed cuts rates by 50 bps after a meeting, it would be considered 2 cuts (of 25 bps each).  This market will resolve early to "No" if the specified number of cuts becomes impossible — i.e., if more cuts have already occurred than the strike in question.  Note that cuts between 1–24 bps (inclusive) will also be considered 1 rate cut.  The resolution source for this market will be FOMC statements after meetings scheduled in 2026 according to the official calendar: https://www.federalreserve.gov/monetarypolicy/fomccalendars.htm. The level and change of the target federal funds rate is also published at the official website of the Federal Reserve at https://www.federalreserve.gov/monetarypolicy/openmarket.htm.
---
MARKET_ID 616912
QUESTION Will 10 Fed rate cuts happen in 2026?
NEG_RISK True
NEG_RISK_OTHER False
END_DATE 2026-12-31T00:00:00Z
DESCRIPTION This market will resolve according to the exact amount of cuts of 25 basis points in 2026 by the Fed (including any cuts made during the December meeting).  Emergency rate cuts outside of scheduled FOMC meetings will also count toward the total number of cuts in 2026. This market will remain open until December 31, 2026, 11:59 PM ET, to account for any such emergency actions.  For example, if the Fed cuts rates by 50 bps after a meeting, it would be considered 2 cuts (of 25 bps each).  This market will resolve early to "No" if the specified number of cuts becomes impossible — i.e., if more cuts have already occurred than the strike in question.  Note that cuts between 1–24 bps (inclusive) will also be considered 1 rate cut.  The resolution source for this market will be FOMC statements after meetings scheduled in 2026 according to the official calendar: https://www.federalreserve.gov/monetarypolicy/fomccalendars.htm. The level and change of the target federal funds rate is also published at the official website of the Federal Reserve at https://www.federalreserve.gov/monetarypolicy/openmarket.htm.
---
MARKET_ID 616913
QUESTION Will 11 Fed rate cuts happen in 2026?
NEG_RISK True
NEG_RISK_OTHER False
END_DATE 2026-12-31T00:00:00Z
DESCRIPTION This market will resolve according to the exact amount of cuts of 25 basis points in 2026 by the Fed (including any cuts made during the December meeting).  Emergency rate cuts outside of scheduled FOMC meetings will also count toward the total number of cuts in 2026. This market will remain open until December 31, 2026, 11:59 PM ET, to account for any such emergency actions.  For example, if the Fed cuts rates by 50 bps after a meeting, it would be considered 2 cuts (of 25 bps each).  This market will resolve early to "No" if the specified number of cuts becomes impossible — i.e., if more cuts have already occurred than the strike in question.  Note that cuts between 1–24 bps (inclusive) will also be considered 1 rate cut.  The resolution source for this market will be FOMC statements after meetings scheduled in 2026 according to the official calendar: https://www.federalreserve.gov/monetarypolicy/fomccalendars.htm. The level and change of the target federal funds rate is also published at the official website of the Federal Reserve at https://www.federalreserve.gov/monetarypolicy/openmarket.htm.
---
MARKET_ID 616914
QUESTION Will 12 or more Fed rate cuts happen in 2026?
NEG_RISK True
NEG_RISK_OTHER False
END_DATE 2026-12-31T00:00:00Z
DESCRIPTION This market will resolve according to the exact amount of cuts of 25 basis points in 2026 by the Fed (including any cuts made during the December meeting).  Emergency rate cuts outside of scheduled FOMC meetings will also count toward the total number of cuts in 2026. This market will remain open until December 31, 2026, 11:59 PM ET, to account for any such emergency actions.  For example, if the Fed cuts rates by 50 bps after a meeting, it would be considered 2 cuts (of 25 bps each).  This market will resolve early to "No" if the specified number of cuts becomes impossible — i.e., if more cuts have already occurred than the strike in question.  Note that cuts between 1–24 bps (inclusive) will also be considered 1 rate cut.  The resolution source for this market will be FOMC statements after meetings scheduled in 2026 according to the official calendar: https://www.federalreserve.gov/monetarypolicy/fomccalendars.htm. The level and change of the target federal funds rate is also published at the official website of the Federal Reserve at https://www.federalreserve.gov/monetarypolicy/openmarket.htm.
---
PATH /home/leonh/prediction_research/knowledge/raw/market_rules/polymarket/20260920T012355Zevent_51456.json
