SECOND_TIMEPOINT_ASK_SUM 0.98
SECOND_TIMEPOINT_GROSS_PER_SET 0.020000000000000018
SECOND_TIMEPOINT_COMMON_SIZE 27.4
MAKER_LEG 950852
BID 0.2
ASK 0.21
QUEUE_AT_BID 158.07
HEDGE_COST 0.77
HEDGE_DEPTH 27.4
CONDITIONAL_NET_PER_SET 0.013236000000000026
MAKER_LEG 950853
BID 0.21
ASK 0.22
QUEUE_AT_BID 81.06
HEDGE_COST 0.76
HEDGE_DEPTH 30.0
CONDITIONAL_NET_PER_SET 0.013464000000000026
MAKER_LEG 950854
BID 0.54
ASK 0.55
QUEUE_AT_BID 70.0
HEDGE_COST 0.43
HEDGE_DEPTH 27.4
CONDITIONAL_NET_PER_SET 0.01649999999999997
BEST_CONDITIONAL_MAKER_NET_PER_SET 0.01649999999999997
REPRODUCTION_RESULT STRUCTURE_PERSISTS_SECOND_TIMEPOINT
PATH /home/leonh/prediction_research/knowledge/raw/market_data/polymarket_neg_risk_partial/20260920T020742Z106981_reproduction.json
ASSET_SECOND_TIMEPOINT_REPRODUCTION_PASS
