{
  "sha256": "4778025a622cc00d648ad1ebfac78e365ff990992bf072d18daa05d90a3fb489",
  "raw_bytes": 25156,
  "script_count": 17,
  "terms": [
    {
      "term": "__next_data__",
      "count": 0,
      "snippet": ""
    },
    {
      "term": "application/json",
      "count": 0,
      "snippet": ""
    },
    {
      "term": "kalshi",
      "count": 12,
      "snippet": "c/chunks/0v_-6ufka9s-4.js?dpl=dpl_3ZDu7VohAbD8GgaR5gUzomSHAt1C\" async=\"\"></script><link rel=\"preload\" href=\"https://www.googletagmanager.com/gtag/js?id=GTM-5SNHPFVS\" as=\"script\"/><meta name=\"next-size-adjust\" content=\"\"/><title>The Weather Company | Kalshi Weather Data</title><meta name=\"description\" content=\"Official observed weather data from national weather agencies, delivered by The Weather Company\"/><meta name=\"generator\" content=\"v0.app\"/><meta property=\"og:title\" content=\"The Weather Company | Kalshi Weather Data\"/><meta property=\"og:description\" content=\"Official observed weather data from national weather agencies, delivered by The Weather Company\"/><meta property=\"og:url\" content=\"https://weather.com/kalshi\"/><meta property=\"og:site_name\" content=\"The Weather Company\"/><meta property=\"og:locale\" content=\"en_US\"/><meta property=\"og:type\" content=\"website\"/><meta name=\"twitter:card\" content=\"summary\"/><meta name=\"twitter:title\" content=\"The Weather Company | Kalshi Weather Dat"
    },
    {
      "term": "temperature",
      "count": 0,
      "snippet": ""
    },
    {
      "term": "settlement",
      "count": 0,
      "snippet": ""
    },
    {
      "term": "station",
      "count": 1,
      "snippet": "ss=\"text-2xl sm:text-3xl lg:text-4xl font-bold tracking-tight text-foreground\">Official Climate Reports</h1><p class=\"text-muted-foreground text-sm sm:text-base max-w-2xl mx-auto\">Access verified climate observations from official government climate stations</p></div><div dir=\"ltr\" data-orientation=\"horizontal\" data-slot=\"tabs\" class=\"flex flex-col gap-2 space-y-6\"><div class=\"flex justify-center\"><div role=\"tablist\" aria-orientation=\"horizontal\" data-slot=\"tabs-list\" class=\"text-muted-foreground items-center justify-center rounded-lg grid w-full max-w-md grid-cols-2 h-11 bg-secondary/50 p-1\" tabindex=\"-1\" data-orientation=\"horizontal\" style=\"outline:none\"><button type=\"button\" role=\"tab\" aria-selected=\"true\" aria-controls=\"radix-_R_2inpfbb_-content-primary\" data-state=\"active\" id=\"radix-_R_2inpfbb_-trigger-primary\" data-slot=\"tabs-trigger\" class=\"dark:data-[state=active]:text-foreground focus-visible:border-ring focus-visible:ring-ring/50 focus-visible:outline-ring dark:data-[state=ac"
    },
    {
      "term": "latitude",
      "count": 0,
      "snippet": ""
    },
    {
      "term": "longitude",
      "count": 0,
      "snippet": ""
    },
    {
      "term": "currentconditions",
      "count": 0,
      "snippet": ""
    },
    {
      "term": "api.weather.com",
      "count": 0,
      "snippet": ""
    },
    {
      "term": "weather.com/api",
      "count": 0,
      "snippet": ""
    }
  ]
}
