MANIFEST 20260920T024616Z.json
FOUND_COUNT 2
EVENT 178817
TITLE Argentina Official USD Exchange Rate end of 2026?
NEG_RISK_MARKET_ID 0xe3d3ca54234dac19b6a367ed37ad7d55db2097b4211cb0e479223caeb155a000
MARKET_COUNT 9
MARKET_INDEX 0
MARKET_ID 1234153
QUESTION Will the official USD to ARS exchange rate be less than 1250.00 at the end of December 2026?
YES_TOKEN 7772978676249996064582171777912306491229150155562441405848587622126889777044
NO_TOKEN 101571798846757010097253479833829742504357353182642059554203753749516397964304
MARKET_INDEX 1
MARKET_ID 1234154
QUESTION Will the official USD to ARS exchange rate be between 1250.00 and 1299.99 at the end of December 2026?
YES_TOKEN 9276662671220592794723858697040786325894679762031033255969445697526883312345
NO_TOKEN 34253942764909068156117984785696441776424001299294304273993028395849251382264
MARKET_INDEX 2
MARKET_ID 1234155
QUESTION Will the official USD to ARS exchange rate be between 1300.00 and 1349.99 at the end of December 2026?
YES_TOKEN 32262771763134385805434866564654269032691214259465486161097927343407118543369
NO_TOKEN 106222465457851663346157685016557904544539475171184554653264036205850689752902
MARKET_INDEX 3
MARKET_ID 1234156
QUESTION Will the official USD to ARS exchange rate be between 1350.00 and 1399.99 at the end of December 2026?
YES_TOKEN 8632542454312896429634087740644750120248563067147687320279929366081684651200
NO_TOKEN 114392436153848174561334474256583377709368708603715268378697374194016922206400
MARKET_INDEX 4
MARKET_ID 1234157
QUESTION Will the official USD to ARS exchange rate be between 1400.00 and 1449.99 at the end of December 2026?
YES_TOKEN 39429686342316313589820084135238950270306444848838268448042491003720034370266
NO_TOKEN 97170813047511494395796841535866120781479123439483027492269584030498420410575
MARKET_INDEX 5
MARKET_ID 1234158
QUESTION Will the official USD to ARS exchange rate be between 1450.00 and 1499.99 at the end of December 2026?
YES_TOKEN 82481468803458215558457441046438577847101285247309666473019065172122582415651
NO_TOKEN 29265857682380586617191226791620647217203393703721625657751133595907149074765
MARKET_INDEX 6
MARKET_ID 1234159
QUESTION Will the official USD to ARS exchange rate be between 1500.00 and 1549.99 at the end of December 2026?
YES_TOKEN 115486116026185665163301811844219154671164381961343466940381134608614428767218
NO_TOKEN 94554662664951273709953918826607863038062453476922987818127958640972790399681
MARKET_INDEX 7
MARKET_ID 1234160
QUESTION Will the official USD to ARS exchange rate be between 1550.00 and 1599.99 at the end of December 2026?
YES_TOKEN 38401228119707558379756921368380682315706681199094857881826826593513289827923
NO_TOKEN 79562843656271612593395254714574403583003184303194420327475940097995841925387
MARKET_INDEX 8
MARKET_ID 1234161
QUESTION Will the official USD to ARS exchange rate be 1600.00 or higher at the end of December 2026?
YES_TOKEN 90565250112103918039190720476571829557458776613691796915779319366585767749688
NO_TOKEN 62201850260596518916020825552406655585040993346727301701659860147648842953511
---
EVENT 189770
TITLE Argentina Official USD Exchange Rate end of 2026? (Higher Brackets)
NEG_RISK_MARKET_ID 0x5479086eb11a13ace6454674c82fc9e44681a89a7029f45f8710550331a85300
MARKET_COUNT 6
MARKET_INDEX 0
MARKET_ID 1273048
QUESTION Will the official USD to ARS exchange rate be less than 1600.00 at the end of December 2026?
YES_TOKEN 87974148322628244058492873912444949453820910163450780501851365423250543758393
NO_TOKEN 79091932580680027776582499784541368302367969197983532865820918206083699987310
MARKET_INDEX 1
MARKET_ID 1273050
QUESTION Will the official USD to ARS exchange rate be between 1600.00 and 1699.99 at the end of December 2026?
YES_TOKEN 88496484676452352511459621490783202477492171079577767305043260929694608962618
NO_TOKEN 18468890264839876957685675977047814718390202964606603195688062493218259634995
MARKET_INDEX 2
MARKET_ID 1273051
QUESTION Will the official USD to ARS exchange rate be between 1700.00 and 1799.99 at the end of December 2026?
YES_TOKEN 37095239758874238005371249420625570706728580528991648385509330891741274741438
NO_TOKEN 85358860398027293957900966187017453273853286352875555635578669439540317208911
MARKET_INDEX 3
MARKET_ID 1273052
QUESTION Will the official USD to ARS exchange rate be between 1800.00 and 1899.99 at the end of December 2026?
YES_TOKEN 10711590436318421042801149729305631337630538693531945206544461049908675621359
NO_TOKEN 70883512001467701958715845055804118161209335593204656845491849461701128611992
MARKET_INDEX 4
MARKET_ID 1273053
QUESTION Will the official USD to ARS exchange rate be between 1900.00 and 1999.99 at the end of December 2026?
YES_TOKEN 26021654655021485623837725315878577775541137732432576434133795854805519405300
NO_TOKEN 49084262734358062770359373580227390409208928886870401977124075070656712312014
MARKET_INDEX 5
MARKET_ID 1273054
QUESTION Will the official USD to ARS exchange rate be 2000.00 or higher at the end of December 2026?
YES_TOKEN 1083073386391215228217052395765241599604850521545390139670928649807315571744
NO_TOKEN 90455252523265013461852713156361417805876687016602907022399150260261569436839
---
ARGENTINA_FX_CROSS_SERIES_INSPECT_PASS
