GDP_RULE_CAPTURE_PASS
HTTP 200
EVENT_ID 79137
TITLE GDP growth in 2026
NEG_RISK True
NEG_RISK_AUGMENTED False
NEG_RISK_MARKET_ID 0xf7d9100b9111cd01b11d572f3895103b0bc659a5e7a94ed6b601cda38bdcd400
DESCRIPTION
This market will resolve according to the seasonally adjusted real GDP growth rate for the United States in 2026, as reported in the Bureau of Economic Analysis (BEA) "Advance Estimate" release for Q4 of 2026, estimated to be released in January 2027.

If the reported value falls exactly between two brackets, then this market will resolve to the higher range bracket.

The GDP release will be made available here: https://www.bea.gov/data/gdp/gross-domestic-product

Note: The relevant data will be the full-year real GDP growth rate as stated in the advance estimate, typically expressed as the percentage change from the annual level in 2025 to the annual level in 2026. Any revisions to this figure made after the release of the advance estimate will not be considered for this market's resolution.
MARKET_COUNT 6
MARKET_ID 677164
QUESTION Will US GDP growth in 2026 be less than 0.5%?
NEG_RISK True
NEG_RISK_OTHER False
END_DATE 2027-01-29T00:00:00Z
DESCRIPTION This market will resolve according to the seasonally adjusted real GDP growth rate for the United States in 2026, as reported in the Bureau of Economic Analysis (BEA) "Advance Estimate" release for Q4 of 2026, estimated to be released in January 2027.  If the reported value falls exactly between two brackets, then this market will resolve to the higher range bracket.  The GDP release will be made available here: https://www.bea.gov/data/gdp/gross-domestic-product  Note: The relevant data will be the full-year real GDP growth rate as stated in the advance estimate, typically expressed as the percentage change from the annual level in 2025 to the annual level in 2026. Any revisions to this figure made after the release of the advance estimate will not be considered for this market's resolution.
---
MARKET_ID 677165
QUESTION Will US GDP growth in 2026 be between 0.5% and 1.0%?
NEG_RISK True
NEG_RISK_OTHER False
END_DATE 2027-01-29T00:00:00Z
DESCRIPTION This market will resolve according to the seasonally adjusted real GDP growth rate for the United States in 2026, as reported in the Bureau of Economic Analysis (BEA) "Advance Estimate" release for Q4 of 2026, estimated to be released in January 2027.  If the reported value falls exactly between two brackets, then this market will resolve to the higher range bracket.  The GDP release will be made available here: https://www.bea.gov/data/gdp/gross-domestic-product  Note: The relevant data will be the full-year real GDP growth rate as stated in the advance estimate, typically expressed as the percentage change from the annual level in 2025 to the annual level in 2026. Any revisions to this figure made after the release of the advance estimate will not be considered for this market's resolution.
---
MARKET_ID 677166
QUESTION Will US GDP growth in 2026 be between 1.0% and 1.5%?
NEG_RISK True
NEG_RISK_OTHER False
END_DATE 2027-01-29T00:00:00Z
DESCRIPTION This market will resolve according to the seasonally adjusted real GDP growth rate for the United States in 2026, as reported in the Bureau of Economic Analysis (BEA) "Advance Estimate" release for Q4 of 2026, estimated to be released in January 2027.  If the reported value falls exactly between two brackets, then this market will resolve to the higher range bracket.  The GDP release will be made available here: https://www.bea.gov/data/gdp/gross-domestic-product  Note: The relevant data will be the full-year real GDP growth rate as stated in the advance estimate, typically expressed as the percentage change from the annual level in 2025 to the annual level in 2026. Any revisions to this figure made after the release of the advance estimate will not be considered for this market's resolution.
---
MARKET_ID 677167
QUESTION Will US GDP growth in 2026 be between 1.5% and 2.0%?
NEG_RISK True
NEG_RISK_OTHER False
END_DATE 2027-01-29T00:00:00Z
DESCRIPTION This market will resolve according to the seasonally adjusted real GDP growth rate for the United States in 2026, as reported in the Bureau of Economic Analysis (BEA) "Advance Estimate" release for Q4 of 2026, estimated to be released in January 2027.  If the reported value falls exactly between two brackets, then this market will resolve to the higher range bracket.  The GDP release will be made available here: https://www.bea.gov/data/gdp/gross-domestic-product  Note: The relevant data will be the full-year real GDP growth rate as stated in the advance estimate, typically expressed as the percentage change from the annual level in 2025 to the annual level in 2026. Any revisions to this figure made after the release of the advance estimate will not be considered for this market's resolution.
---
MARKET_ID 677168
QUESTION Will US GDP growth in 2026 be between 2.0% and 2.5%?
NEG_RISK True
NEG_RISK_OTHER False
END_DATE 2027-01-29T00:00:00Z
DESCRIPTION This market will resolve according to the seasonally adjusted real GDP growth rate for the United States in 2026, as reported in the Bureau of Economic Analysis (BEA) "Advance Estimate" release for Q4 of 2026, estimated to be released in January 2027.  If the reported value falls exactly between two brackets, then this market will resolve to the higher range bracket.  The GDP release will be made available here: https://www.bea.gov/data/gdp/gross-domestic-product  Note: The relevant data will be the full-year real GDP growth rate as stated in the advance estimate, typically expressed as the percentage change from the annual level in 2025 to the annual level in 2026. Any revisions to this figure made after the release of the advance estimate will not be considered for this market's resolution.
---
MARKET_ID 677169
QUESTION Will US GDP growth in 2026 be greater than 2.5%?
NEG_RISK True
NEG_RISK_OTHER False
END_DATE 2027-01-29T00:00:00Z
DESCRIPTION This market will resolve according to the seasonally adjusted real GDP growth rate for the United States in 2026, as reported in the Bureau of Economic Analysis (BEA) "Advance Estimate" release for Q4 of 2026, estimated to be released in January 2027.  If the reported value falls exactly between two brackets, then this market will resolve to the higher range bracket.  The GDP release will be made available here: https://www.bea.gov/data/gdp/gross-domestic-product  Note: The relevant data will be the full-year real GDP growth rate as stated in the advance estimate, typically expressed as the percentage change from the annual level in 2025 to the annual level in 2026. Any revisions to this figure made after the release of the advance estimate will not be considered for this market's resolution.
---
PATH /home/leonh/prediction_research/knowledge/raw/market_rules/polymarket/20260920T012148Zevent_79137.json
