STARSHIP_RULE_FEE_CAPTURE_PASS
HTTP 200
EVENT_ID 102763
TITLE How many SpaceX Starship launches reach space in 2026?
NEG_RISK True
NEG_RISK_AUGMENTED False
NEG_RISK_MARKET_ID 0xa92a811c7c6c16f777a36a01ec7cc90d11c2fce29b5f3a046fe04052d0722a00
DESCRIPTION
This market will resolve according to the number of SpaceX Starship launches successfully reaching an altitude of 62 miles above sea level between January 1, 2026, and December 31, 2026, 11:59 PM ET. Otherwise, this market will resolve to "No".

A successful launch is defined as the Starship taking off from its launchpad and reaching a minimum altitude of 62 miles above sea level. Any subsequent anomaly (e.g., an explosion) after the vehicle reaches 62 miles will have no bearing on the outcome.

The primary resolution source for this market will be SpaceX’s official video feed of the launches (e.g., via SpaceX YouTube Channel), as well as secondary video feeds or written reports if necessary. However, a consensus of credible reporting may also be used.
MARKET_COUNT 8
MARKET_ID 916715
QUESTION Will less than 5 SpaceX Starship launches successfully reach Space in 2026?
NEG_RISK True
NEG_RISK_OTHER False
FEES_ENABLED True
FEE_SCHEDULE {'exponent': 1, 'rate': 0.04, 'takerOnly': True, 'rebateRate': 0.25}
FEE_TYPE tech_fees
ORDER_MIN_SIZE 5
TICK_SIZE 0.01
END_DATE 2027-01-01T04:59:00Z
DESCRIPTION This market will resolve according to the number of SpaceX Starship launches successfully reaching an altitude of 62 miles above sea level between January 1, 2026, and December 31, 2026, 11:59 PM ET. Otherwise, this market will resolve to "No".  A successful launch is defined as the Starship taking off from its launchpad and reaching a minimum altitude of 62 miles above sea level. Any subsequent anomaly (e.g., an explosion) after the vehicle reaches 62 miles will have no bearing on the outcome.  The primary resolution source for this market will be SpaceX’s official video feed of the launches (e.g., via SpaceX YouTube Channel), as well as secondary video feeds or written reports if necessary. However, a consensus of credible reporting may also be used.
---
MARKET_ID 916716
QUESTION Will 5-6 SpaceX Starship launches successfully reach Space in 2026?
NEG_RISK True
NEG_RISK_OTHER False
FEES_ENABLED True
FEE_SCHEDULE {'exponent': 1, 'rate': 0.04, 'takerOnly': True, 'rebateRate': 0.25}
FEE_TYPE tech_fees
ORDER_MIN_SIZE 5
TICK_SIZE 0.01
END_DATE 2027-01-01T04:59:00Z
DESCRIPTION This market will resolve according to the number of SpaceX Starship launches successfully reaching an altitude of 62 miles above sea level between January 1, 2026, and December 31, 2026, 11:59 PM ET. Otherwise, this market will resolve to "No".  A successful launch is defined as the Starship taking off from its launchpad and reaching a minimum altitude of 62 miles above sea level. Any subsequent anomaly (e.g., an explosion) after the vehicle reaches 62 miles will have no bearing on the outcome.  The primary resolution source for this market will be SpaceX’s official video feed of the launches (e.g., via SpaceX YouTube Channel), as well as secondary video feeds or written reports if necessary. However, a consensus of credible reporting may also be used.
---
MARKET_ID 916717
QUESTION Will 7-8 SpaceX Starship launches successfully reach Space in 2026?
NEG_RISK True
NEG_RISK_OTHER False
FEES_ENABLED True
FEE_SCHEDULE {'exponent': 1, 'rate': 0.04, 'takerOnly': True, 'rebateRate': 0.25}
FEE_TYPE tech_fees
ORDER_MIN_SIZE 5
TICK_SIZE 0.001
END_DATE 2027-01-01T04:59:00Z
DESCRIPTION This market will resolve according to the number of SpaceX Starship launches successfully reaching an altitude of 62 miles above sea level between January 1, 2026, and December 31, 2026, 11:59 PM ET. Otherwise, this market will resolve to "No".  A successful launch is defined as the Starship taking off from its launchpad and reaching a minimum altitude of 62 miles above sea level. Any subsequent anomaly (e.g., an explosion) after the vehicle reaches 62 miles will have no bearing on the outcome.  The primary resolution source for this market will be SpaceX’s official video feed of the launches (e.g., via SpaceX YouTube Channel), as well as secondary video feeds or written reports if necessary. However, a consensus of credible reporting may also be used.
---
MARKET_ID 916718
QUESTION Will 9-10 SpaceX Starship launches successfully reach Space in 2026?
NEG_RISK True
NEG_RISK_OTHER False
FEES_ENABLED True
FEE_SCHEDULE {'exponent': 1, 'rate': 0.04, 'takerOnly': True, 'rebateRate': 0.25}
FEE_TYPE tech_fees
ORDER_MIN_SIZE 5
TICK_SIZE 0.001
END_DATE 2027-01-01T04:59:00Z
DESCRIPTION This market will resolve according to the number of SpaceX Starship launches successfully reaching an altitude of 62 miles above sea level between January 1, 2026, and December 31, 2026, 11:59 PM ET. Otherwise, this market will resolve to "No".  A successful launch is defined as the Starship taking off from its launchpad and reaching a minimum altitude of 62 miles above sea level. Any subsequent anomaly (e.g., an explosion) after the vehicle reaches 62 miles will have no bearing on the outcome.  The primary resolution source for this market will be SpaceX’s official video feed of the launches (e.g., via SpaceX YouTube Channel), as well as secondary video feeds or written reports if necessary. However, a consensus of credible reporting may also be used.
---
MARKET_ID 916719
QUESTION Will 11-12 SpaceX Starship launches successfully reach Space in 2026?
NEG_RISK True
NEG_RISK_OTHER False
FEES_ENABLED True
FEE_SCHEDULE {'exponent': 1, 'rate': 0.04, 'takerOnly': True, 'rebateRate': 0.25}
FEE_TYPE tech_fees
ORDER_MIN_SIZE 5
TICK_SIZE 0.001
END_DATE 2027-01-01T04:59:00Z
DESCRIPTION This market will resolve according to the number of SpaceX Starship launches successfully reaching an altitude of 62 miles above sea level between January 1, 2026, and December 31, 2026, 11:59 PM ET. Otherwise, this market will resolve to "No".  A successful launch is defined as the Starship taking off from its launchpad and reaching a minimum altitude of 62 miles above sea level. Any subsequent anomaly (e.g., an explosion) after the vehicle reaches 62 miles will have no bearing on the outcome.  The primary resolution source for this market will be SpaceX’s official video feed of the launches (e.g., via SpaceX YouTube Channel), as well as secondary video feeds or written reports if necessary. However, a consensus of credible reporting may also be used.
---
MARKET_ID 916720
QUESTION Will 13-14 SpaceX Starship launches successfully reach Space in 2026?
NEG_RISK True
NEG_RISK_OTHER False
FEES_ENABLED True
FEE_SCHEDULE {'exponent': 1, 'rate': 0.04, 'takerOnly': True, 'rebateRate': 0.25}
FEE_TYPE tech_fees
ORDER_MIN_SIZE 5
TICK_SIZE 0.001
END_DATE 2027-01-01T04:59:00Z
DESCRIPTION This market will resolve according to the number of SpaceX Starship launches successfully reaching an altitude of 62 miles above sea level between January 1, 2026, and December 31, 2026, 11:59 PM ET. Otherwise, this market will resolve to "No".  A successful launch is defined as the Starship taking off from its launchpad and reaching a minimum altitude of 62 miles above sea level. Any subsequent anomaly (e.g., an explosion) after the vehicle reaches 62 miles will have no bearing on the outcome.  The primary resolution source for this market will be SpaceX’s official video feed of the launches (e.g., via SpaceX YouTube Channel), as well as secondary video feeds or written reports if necessary. However, a consensus of credible reporting may also be used.
---
MARKET_ID 916721
QUESTION Will 15-16 SpaceX Starship launches successfully reach Space in 2026?
NEG_RISK True
NEG_RISK_OTHER False
FEES_ENABLED True
FEE_SCHEDULE {'exponent': 1, 'rate': 0.04, 'takerOnly': True, 'rebateRate': 0.25}
FEE_TYPE tech_fees
ORDER_MIN_SIZE 5
TICK_SIZE 0.001
END_DATE 2027-01-01T04:59:00Z
DESCRIPTION This market will resolve according to the number of SpaceX Starship launches successfully reaching an altitude of 62 miles above sea level between January 1, 2026, and December 31, 2026, 11:59 PM ET. Otherwise, this market will resolve to "No".  A successful launch is defined as the Starship taking off from its launchpad and reaching a minimum altitude of 62 miles above sea level. Any subsequent anomaly (e.g., an explosion) after the vehicle reaches 62 miles will have no bearing on the outcome.  The primary resolution source for this market will be SpaceX’s official video feed of the launches (e.g., via SpaceX YouTube Channel), as well as secondary video feeds or written reports if necessary. However, a consensus of credible reporting may also be used.
---
MARKET_ID 916722
QUESTION Will more than 16 SpaceX Starship launches successfully reach Space in 2026?
NEG_RISK True
NEG_RISK_OTHER False
FEES_ENABLED True
FEE_SCHEDULE {'exponent': 1, 'rate': 0.04, 'takerOnly': True, 'rebateRate': 0.25}
FEE_TYPE tech_fees
ORDER_MIN_SIZE 5
TICK_SIZE 0.001
END_DATE 2027-01-01T04:59:00Z
DESCRIPTION This market will resolve according to the number of SpaceX Starship launches successfully reaching an altitude of 62 miles above sea level between January 1, 2026, and December 31, 2026, 11:59 PM ET. Otherwise, this market will resolve to "No".  A successful launch is defined as the Starship taking off from its launchpad and reaching a minimum altitude of 62 miles above sea level. Any subsequent anomaly (e.g., an explosion) after the vehicle reaches 62 miles will have no bearing on the outcome.  The primary resolution source for this market will be SpaceX’s official video feed of the launches (e.g., via SpaceX YouTube Channel), as well as secondary video feeds or written reports if necessary. However, a consensus of credible reporting may also be used.
---
PATH /home/leonh/prediction_research/knowledge/raw/market_rules/polymarket/20260920T013526Zevent_102763.json
