WMH_AUTH_DISCOVERY_START
SEARCH_ROOT /home/leonh
KALSHI_NAMED_FILE /home/leonh/prediction_research/kalshi_live.py
KALSHI_NAMED_FILE /home/leonh/prediction_research/kalshi_decider.py
KALSHI_NAMED_FILE /home/leonh/prediction_research/knowledge/WS-BMLL-KALSHI-L2L3-001.md
KALSHI_NAMED_FILE /home/leonh/prediction_research/knowledge/runs/kalshi-hourly-source-transition-e212.json
KALSHI_NAMED_FILE /home/leonh/prediction_research/knowledge/runs/twc-kalshi-status-semantics-e178.json
KALSHI_NAMED_FILE /home/leonh/prediction_research/knowledge/runs/kalshi-hourly-universe-e213.json
KALSHI_NAMED_FILE /home/leonh/prediction_research/knowledge/runs/kalshi-weather-timeseries-markets-e208.json
KALSHI_NAMED_FILE /home/leonh/prediction_research/knowledge/runs/kalshi-weather-index-lifecycle-e239.json
KALSHI_NAMED_FILE /home/leonh/prediction_research/knowledge/runs/kalshi-weather-index-degraded-e221.json
KALSHI_NAMED_FILE /home/leonh/prediction_research/knowledge/runs/kalshi-weather-index-first-seen-e236.json
KALSHI_NAMED_FILE /home/leonh/prediction_research/knowledge/runs/kalshi-hourly-universe-strict-e215.json
KALSHI_NAMED_FILE /home/leonh/prediction_research/knowledge/runs/kalshi-weather-index-methodology-summary-e228.json
KALSHI_NAMED_FILE /home/leonh/prediction_research/knowledge/runs/kalshi-weather-config-candidate-context-e230.json
KALSHI_NAMED_FILE /home/leonh/prediction_research/knowledge/runs/kalshi-hourly-source-transition-e211.json
KALSHI_NAMED_FILE /home/leonh/prediction_research/knowledge/runs/kalshi-weather-index-pdf-probe-e226.json
KALSHI_NAMED_FILE /home/leonh/prediction_research/knowledge/runs/kalshi-weather-index-chicago-degraded-analysis-e233.json
KALSHI_NAMED_FILE /home/leonh/prediction_research/knowledge/runs/kalshi-weather-index-manifest-schema-e235.json
KALSHI_NAMED_FILE /home/leonh/prediction_research/knowledge/runs/twc-kalshi-full-revision-audit-e181.json
KALSHI_NAMED_FILE /home/leonh/prediction_research/knowledge/runs/twc-kalshi-metar-listonly-e172.json
KALSHI_NAMED_FILE /home/leonh/prediction_research/knowledge/runs/twc-kalshi-hourly-transition-e180.json
KALSHI_NAMED_FILE /home/leonh/prediction_research/knowledge/runs/twc-kalshi-primary-week-e176.json
KALSHI_NAMED_FILE /home/leonh/prediction_research/knowledge/runs/kalshi-weather-index-miami-interpol-e227.json
KALSHI_NAMED_FILE /home/leonh/prediction_research/knowledge/runs/kalshi-hourly-rules-live-e202.json
KALSHI_NAMED_FILE /home/leonh/prediction_research/knowledge/runs/kalshi-weather-index-schema-detail-e232.json
KALSHI_NAMED_FILE /home/leonh/prediction_research/knowledge/runs/kalshi-weather-index-official-docs-e223.json
KALSHI_NAMED_FILE /home/leonh/prediction_research/knowledge/runs/kalshi-weather-index-official-docs-text-e224.json
KALSHI_NAMED_FILE /home/leonh/prediction_research/knowledge/kalshi/KALSHI_FIRST_STABLE_DECIDABILITY_PAPER_2026-09-19.md
KALSHI_NAMED_FILE /home/leonh/prediction_research/knowledge/kalshi/KALSHI_WEATHER_INDEX_PREPUBLICATION_HYPOTHESIS_2026-09-19.md
KALSHI_NAMED_FILE /home/leonh/prediction_research/knowledge/kalshi/KALSHI_WEATHER_SOURCE_MIGRATION_MISPRICING_HYPOTHESIS_2026-09-19.md
KALSHI_NAMED_FILE /home/leonh/prediction_research/knowledge/kalshi/KALSHI_KWI_BOUNDARY_NOWCAST_EXPERIMENT_2026-09-19.md
KALSHI_NAMED_FILE /home/leonh/prediction_research/knowledge/kalshi/KALSHI_KWI_EXTERNAL_CORROBORATION_2026-09-21.md
KALSHI_NAMED_FILE /home/leonh/prediction_research/knowledge/kalshi/KALSHI_WEATHER_INDEX_FREE_REPLAY_CASE_2026-09-09.md
KALSHI_NAMED_FILE /home/leonh/prediction_research/knowledge/kalshi/KALSHI_WEATHER_INDEX_SOURCE_TRANSITION_2026-09-19.md
KALSHI_NAMED_FILE /home/leonh/prediction_research/negative_evidence/KALSHI_HIGH_PROBABILITY_FAVORITE_SCAN_2026-09-19.md
KALSHI_NAMED_FILE /home/leonh/prediction_research/negative_evidence/KALSHI_MLB_STRIKEOUT_LADDER_SCAN_2026-09-19.md
KALSHI_NAMED_FILE /home/leonh/prediction_research/control/tasks/completed/KALSHI-WEATHER-INDEX-AUDIT-E218.json
KALSHI_NAMED_FILE /home/leonh/prediction_research/control/tasks/completed/KALSHI-HOURLY-SOURCE-TRANSITION-E212.json
KALSHI_NAMED_FILE /home/leonh/prediction_research/control/tasks/completed/KALSHI-HOURLY-UNIVERSE-SUMMARY-E215.json
KALSHI_NAMED_FILE /home/leonh/prediction_research/control/tasks/completed/KALSHI-HOURLY-SERIES-E209.json
KALSHI_NAMED_FILE /home/leonh/prediction_research/control/tasks/completed/KALSHI-WEATHER-CONFIG-CANDIDATE-CONTEXT-E230.json
KALSHI_NAMED_FILE /home/leonh/prediction_research/control/tasks/completed/KALSHI-WEATHER-INDEX-LIFECYCLE-E239.json
KALSHI_NAMED_FILE /home/leonh/prediction_research/control/tasks/completed/KALSHI-WEATHER-INDEX-RECORDER-E216.json
KALSHI_NAMED_FILE /home/leonh/prediction_research/control/tasks/completed/KALSHI-HOURLY-UNIVERSE-E213.json
KALSHI_NAMED_FILE /home/leonh/prediction_research/control/tasks/completed/KALSHI-WEATHER-INDEX-SCHEMA-DETAIL-E232.json
KALSHI_NAMED_FILE /home/leonh/prediction_research/control/tasks/completed/KALSHI-HOURLY-UNIVERSE-STRICT-E214.json
KALSHI_NAMED_FILE /home/leonh/prediction_research/control/tasks/completed/KALSHI-WEATHER-INDEX-TIMER-E217.json
KALSHI_NAMED_FILE /home/leonh/prediction_research/control/tasks/completed/KALSHI-WEATHER-INDEX-MANIFEST-SCHEMA-E235.json
KALSHI_NAMED_FILE /home/leonh/prediction_research/control/tasks/completed/TWC-KALSHI-PAYLOAD-INSPECT-SAFE-E166.json
KALSHI_NAMED_FILE /home/leonh/prediction_research/control/tasks/completed/KALSHI-WEATHER-INDEX-METHODOLOGY-SUMMARY-E228.json
KALSHI_NAMED_FILE /home/leonh/prediction_research/control/tasks/completed/KALSHI-WEATHER-INDEX-FIRST-SEEN-E236.json
KALSHI_NAMED_FILE /home/leonh/prediction_research/control/tasks/completed/KALSHI-WEATHER-TIMESERIES-MARKETS-E208.json
KALSHI_NAMED_FILE /home/leonh/prediction_research/control/tasks/completed/KALSHI-EXISTING-API-TOOLING-SAFE-E201.json
KALSHI_NAMED_FILE /home/leonh/prediction_research/control/tasks/completed/KALSHI-HOURLY-SOURCE-TRANSITION-E211.json
KALSHI_NAMED_FILE /home/leonh/prediction_research/control/tasks/completed/KALSHI-WEATHER-INDEX-CHICAGO-DEGRADED-E233.json
KALSHI_NAMED_FILE /home/leonh/prediction_research/control/tasks/completed/KALSHI-WEATHER-INDEX-MIAMI-INTERPOL-E227.json
KALSHI_NAMED_FILE /home/leonh/prediction_research/control/tasks/completed/KALSHI-WEATHER-INDEX-OFFICIAL-DOCS-E223.json
KALSHI_NAMED_FILE /home/leonh/prediction_research/control/tasks/completed/KALSHI-HOURLY-RULE-TOOLING-INVENTORY-SAFE-E199.json
KALSHI_NAMED_FILE /home/leonh/prediction_research/control/tasks/completed/KALSHI-WEATHER-INDEX-PDF-PROBE-E226.json
KALSHI_NAMED_FILE /home/leonh/prediction_research/control/tasks/completed/KALSHI-WEATHER-INDEX-DEGRADED-E221.json
KALSHI_NAMED_FILE /home/leonh/prediction_research/control/tasks/completed/KALSHI-WEATHER-INDEX-PDF-TEXT-E224.json
KALSHI_NAMED_FILE /home/leonh/prediction_research/control/tasks/completed/KALSHI-WEATHER-INDEX-SCHEMA-E231.json
KALSHI_NAMED_FILE /home/leonh/prediction_research/control/tasks/completed/KALSHI-WEATHER-CONFIG-DISCOVERY-E229.json
KALSHI_NAMED_FILE /home/leonh/prediction_research/control/tasks/completed/KALSHI-HOURLY-LIVE-RULES-E202.json
KALSHI_NAMED_FILE /home/leonh/prediction_research/control/tasks/failed/TWC-KALSHI-PAYLOAD-INSPECT-E165.json
KALSHI_NAMED_FILE /home/leonh/prediction_research/control/tasks/failed/KALSHI-WEATHER-TIMESERIES-MARKETS-E207.json
KALSHI_NAMED_FILE /home/leonh/prediction_research/control/tasks/failed/KALSHI-HOURLY-RULE-TOOLING-INVENTORY-E198.json
KALSHI_NAMED_FILE /home/leonh/prediction_research/control/tasks/failed/KALSHI-WEATHER-INDEX-METHODOLOGY-E222.json
KALSHI_NAMED_FILE /home/leonh/prediction_research/control/tasks/failed/KALSHI-WEATHER-INDEX-LIFECYCLE-E237.json
KALSHI_NAMED_FILE /home/leonh/prediction_research/control/tasks/failed/KALSHI-WEATHER-INDEX-DEGRADED-E219.json
KALSHI_NAMED_FILE /home/leonh/prediction_research/control/tasks/failed/KALSHI-HOURLY-SOURCE-TRANSITION-E210.json
KALSHI_NAMED_FILE /home/leonh/prediction_research/control/tasks/failed/KALSHI-WEATHER-INDEX-DEGRADED-E220.json
KALSHI_NAMED_FILE /home/leonh/prediction_research/control/tasks/failed/KALSHI-WEATHER-INDEX-FIRST-SEEN-LATENCY-E234.json
KALSHI_NAMED_FILE /home/leonh/prediction_research/control/tasks/failed/KALSHI-WEATHER-INDEX-PDF-EXTRACT-E225.json
KALSHI_NAMED_FILE /home/leonh/prediction_research/control/tasks/failed/KALSHI-EXISTING-API-TOOLING-E200.json
KALSHI_NAMED_FILE /home/leonh/prediction_research/control/weather/kalshi_weather_index_recorder.py
KALSHI_NAMED_FILE /home/leonh/prediction_research/control/weather/kalshi_market_reaction_recorder.py
KALSHI_NAMED_FILE /home/leonh/prediction_research/control/weather/kalshi_market_reaction_ws.py
KALSHI_NAMED_FILE /home/leonh/prediction_research/control/weather/__pycache__/kalshi_market_reaction_recorder.cpython-312.pyc
KALSHI_NAMED_FILE /home/leonh/prediction_research/control/weather/__pycache__/kalshi_market_reaction_ws.cpython-312.pyc
KALSHI_NAMED_FILE /home/leonh/prediction_research/control/weather/systemd/prediction-research-kalshi-weather-index-recorder.timer
KALSHI_NAMED_FILE /home/leonh/prediction_research/control/weather/systemd/prediction-research-kalshi-weather-index-recorder.service
KALSHI_NAMED_FILE /home/leonh/.local/state/prediction-research/task-reset-20260920_022439/lifecycle/KALSHI-WEATHER-INDEX-AUDIT-E218.json
KALSHI_NAMED_FILE /home/leonh/.local/state/prediction-research/task-reset-20260920_022439/lifecycle/KALSHI-HOURLY-SOURCE-TRANSITION-E212.json
KALSHI_NAMED_FILE /home/leonh/.local/state/prediction-research/task-reset-20260920_022439/lifecycle/KALSHI-HOURLY-UNIVERSE-SUMMARY-E215.json
KALSHI_NAMED_FILE /home/leonh/.local/state/prediction-research/task-reset-20260920_022439/lifecycle/TWC-KALSHI-PAYLOAD-INSPECT-E165.json
KALSHI_NAMED_FILE /home/leonh/.local/state/prediction-research/task-reset-20260920_022439/lifecycle/KALSHI-HOURLY-SERIES-E209.json
KALSHI_NAMED_FILE /home/leonh/.local/state/prediction-research/task-reset-20260920_022439/lifecycle/KALSHI-WEATHER-TIMESERIES-MARKETS-E207.json
KALSHI_NAMED_FILE /home/leonh/.local/state/prediction-research/task-reset-20260920_022439/lifecycle/KALSHI-HOURLY-RULE-TOOLING-INVENTORY-E198.json
KALSHI_NAMED_FILE /home/leonh/.local/state/prediction-research/task-reset-20260920_022439/lifecycle/KALSHI-WEATHER-INDEX-METHODOLOGY-E222.json
KALSHI_NAMED_FILE /home/leonh/.local/state/prediction-research/task-reset-20260920_022439/lifecycle/KALSHI-WEATHER-CONFIG-CANDIDATE-CONTEXT-E230.json
KALSHI_NAMED_FILE /home/leonh/.local/state/prediction-research/task-reset-20260920_022439/lifecycle/KALSHI-WEATHER-INDEX-LIFECYCLE-E239.json
KALSHI_NAMED_FILE /home/leonh/.local/state/prediction-research/task-reset-20260920_022439/lifecycle/KALSHI-WEATHER-INDEX-LIFECYCLE-E237.json
KALSHI_NAMED_FILE /home/leonh/.local/state/prediction-research/task-reset-20260920_022439/lifecycle/KALSHI-WEATHER-INDEX-DEGRADED-E219.json
KALSHI_NAMED_FILE /home/leonh/.local/state/prediction-research/task-reset-20260920_022439/lifecycle/KALSHI-WEATHER-INDEX-RECORDER-E216.json
KALSHI_NAMED_FILE /home/leonh/.local/state/prediction-research/task-reset-20260920_022439/lifecycle/KALSHI-HOURLY-UNIVERSE-E213.json
KALSHI_NAMED_FILE /home/leonh/.local/state/prediction-research/task-reset-20260920_022439/lifecycle/KALSHI-HOURLY-SOURCE-TRANSITION-E210.json
KALSHI_NAMED_FILE /home/leonh/.local/state/prediction-research/task-reset-20260920_022439/lifecycle/KALSHI-WEATHER-INDEX-SCHEMA-DETAIL-E232.json
KALSHI_NAMED_FILE /home/leonh/.local/state/prediction-research/task-reset-20260920_022439/lifecycle/KALSHI-HOURLY-UNIVERSE-STRICT-E214.json
KALSHI_NAMED_FILE /home/leonh/.local/state/prediction-research/task-reset-20260920_022439/lifecycle/KALSHI-WEATHER-INDEX-TIMER-E217.json
KALSHI_NAMED_FILE /home/leonh/.local/state/prediction-research/task-reset-20260920_022439/lifecycle/KALSHI-WEATHER-INDEX-MANIFEST-SCHEMA-E235.json
KALSHI_NAMED_FILE /home/leonh/.local/state/prediction-research/task-reset-20260920_022439/lifecycle/TWC-KALSHI-PAYLOAD-INSPECT-SAFE-E166.json
KALSHI_NAMED_FILE /home/leonh/.local/state/prediction-research/task-reset-20260920_022439/lifecycle/KALSHI-WEATHER-INDEX-METHODOLOGY-SUMMARY-E228.json
KALSHI_NAMED_FILE /home/leonh/.local/state/prediction-research/task-reset-20260920_022439/lifecycle/KALSHI-WEATHER-INDEX-FIRST-SEEN-E236.json
KALSHI_NAMED_FILE /home/leonh/.local/state/prediction-research/task-reset-20260920_022439/lifecycle/KALSHI-WEATHER-TIMESERIES-MARKETS-E208.json
KALSHI_NAMED_FILE /home/leonh/.local/state/prediction-research/task-reset-20260920_022439/lifecycle/KALSHI-EXISTING-API-TOOLING-SAFE-E201.json
KALSHI_NAMED_FILE /home/leonh/.local/state/prediction-research/task-reset-20260920_022439/lifecycle/KALSHI-HOURLY-SOURCE-TRANSITION-E211.json
KALSHI_NAMED_FILE /home/leonh/.local/state/prediction-research/task-reset-20260920_022439/lifecycle/KALSHI-WEATHER-INDEX-DEGRADED-E220.json
KALSHI_NAMED_FILE /home/leonh/.local/state/prediction-research/task-reset-20260920_022439/lifecycle/KALSHI-WEATHER-INDEX-CHICAGO-DEGRADED-E233.json
KALSHI_NAMED_FILE /home/leonh/.local/state/prediction-research/task-reset-20260920_022439/lifecycle/KALSHI-WEATHER-INDEX-MIAMI-INTERPOL-E227.json
KALSHI_NAMED_FILE /home/leonh/.local/state/prediction-research/task-reset-20260920_022439/lifecycle/KALSHI-WEATHER-INDEX-FIRST-SEEN-LATENCY-E234.json
KALSHI_NAMED_FILE /home/leonh/.local/state/prediction-research/task-reset-20260920_022439/lifecycle/KALSHI-WEATHER-INDEX-OFFICIAL-DOCS-E223.json
KALSHI_NAMED_FILE /home/leonh/.local/state/prediction-research/task-reset-20260920_022439/lifecycle/KALSHI-HOURLY-RULE-TOOLING-INVENTORY-SAFE-E199.json
KALSHI_NAMED_FILE /home/leonh/.local/state/prediction-research/task-reset-20260920_022439/lifecycle/KALSHI-WEATHER-INDEX-PDF-PROBE-E226.json
KALSHI_NAMED_FILE /home/leonh/.local/state/prediction-research/task-reset-20260920_022439/lifecycle/KALSHI-WEATHER-INDEX-PDF-EXTRACT-E225.json
KALSHI_NAMED_FILE /home/leonh/.local/state/prediction-research/task-reset-20260920_022439/lifecycle/KALSHI-EXISTING-API-TOOLING-E200.json
KALSHI_NAMED_FILE /home/leonh/.local/state/prediction-research/task-reset-20260920_022439/lifecycle/KALSHI-WEATHER-INDEX-DEGRADED-E221.json
KALSHI_NAMED_FILE /home/leonh/.local/state/prediction-research/task-reset-20260920_022439/lifecycle/KALSHI-WEATHER-INDEX-PDF-TEXT-E224.json
KALSHI_NAMED_FILE /home/leonh/.local/state/prediction-research/task-reset-20260920_022439/lifecycle/KALSHI-WEATHER-INDEX-SCHEMA-E231.json
KALSHI_NAMED_FILE /home/leonh/.local/state/prediction-research/task-reset-20260920_022439/lifecycle/KALSHI-WEATHER-CONFIG-DISCOVERY-E229.json
KALSHI_NAMED_FILE /home/leonh/.local/state/prediction-research/task-reset-20260920_022439/lifecycle/KALSHI-HOURLY-LIVE-RULES-E202.json
KALSHI_NAMED_FILE /home/leonh/.local/share/systemd/timers/stamp-prediction-research-kalshi-weather-index-recorder.timer
KALSHI_NAMED_FILE /home/leonh/.config/systemd/user/prediction-research-kalshi-weather-index-recorder.timer
KALSHI_NAMED_FILE /home/leonh/.config/systemd/user/prediction-research-kalshi-weather-index-recorder.service
KALSHI_NAMED_FILE /home/leonh/.config/systemd/user/timers.target.wants/prediction-research-kalshi-weather-index-recorder.timer
SEARCH_ROOT /mnt/c/Users/leonh
KALSHI_NAMED_FILE /mnt/c/Users/leonh/AppData/Roaming/Microsoft/Windows/Recent/kalshi.lnk
KALSHI_NAMED_FILE /mnt/c/Users/leonh/AppData/Roaming/Microsoft/Windows/Recent/kalshi_prod.lnk
KALSHI_NAMED_FILE /mnt/c/Users/leonh/Downloads/kalshi.txt
KALSHI_NAMED_FILE /mnt/c/Users/leonh/Downloads/kalshi_prod.txt
CONFIG_TOKEN_SOURCE /home/leonh/prediction_research/meta/implementation/KAL-WX-E001_recorder_build_2026-09-19.yaml TOKENS KALSHI_API_KEY_ID,KALSHI_PRIVATE_KEY_PATH,KALSHI_API_KEY
CONFIG_TOKEN_SOURCE /home/leonh/prediction_research/control/tasks/failed/EDGE-HUNTER-KWI-MARKET-REACTION-PREFLIGHT-E401A1.json TOKENS KALSHI_API_KEY_ID,KALSHI_PRIVATE_KEY_PATH,KALSHI_API_KEY
CONFIG_TOKEN_SOURCE /home/leonh/prediction_research/control/jobs/wmh_local_auth_discovery_002.py TOKENS KALSHI_API_KEY_ID,KALSHI_PRIVATE_KEY_PATH,KALSHI_API_KEY
CONFIG_TOKEN_SOURCE /home/leonh/prediction_research/control/jobs/preflight_kwi_market_reaction_e401.py TOKENS KALSHI_API_KEY_ID,KALSHI_PRIVATE_KEY_PATH,KALSHI_API_KEY
CONFIG_TOKEN_SOURCE /home/leonh/prediction_research/control/jobs/wmh_source_audit_001.py TOKENS KALSHI_API_KEY_ID,KALSHI_API_KEY
CONFIG_TOKEN_SOURCE /home/leonh/prediction_research/control/results/WMH-LOCAL-AUTH-DISCOVERY-002/stdout.log TOKENS KALSHI_API_KEY_ID,KALSHI_PRIVATE_KEY_PATH,KALSHI_API_KEY
CONFIG_TOKEN_SOURCE /home/leonh/prediction_research/control/weather/kalshi_market_reaction_ws.py TOKENS KALSHI_API_KEY_ID,KALSHI_PRIVATE_KEY_PATH,KALSHI_API_KEY
CONFIG_TOKEN_SOURCE /home/leonh/prediction_research/control/weather/__pycache__/kalshi_market_reaction_ws.cpython-312.pyc TOKENS KALSHI_API_KEY_ID,KALSHI_PRIVATE_KEY_PATH,KALSHI_API_KEY
SYSTEMD_CANDIDATE /home/leonh/.config/systemd/user/prediction-research-kalshi-weather-index-recorder.timer
SYSTEMD_CANDIDATE /home/leonh/.config/systemd/user/prediction-research-twc-recorder.timer
SYSTEMD_CANDIDATE /home/leonh/.config/systemd/user/prediction-research-kalshi-weather-index-recorder.service
CURRENT_ENV_API_ID_PRESENT False
CURRENT_ENV_KEY_PATH_PRESENT False
NETWORK_CALLS 0
SECRET_VALUES_PRINTED False
WMH_LOCAL_AUTH_DISCOVERY_002_DONE
