SNAPSHOT 20260920T010726Z.json
BOOK_COUNT 18
NEG_RISK_BOOKS 0
EVENT_ID 16183
EVENT_TITLE Kraken IPO by ___ ?
TOTAL_MARKETS 7
MATCHED_MARKETS 4
EVENT_NEG False
BOOK_NEG False
MARKET_ID 3886788
QUESTION Kraken IPO by December 31, 2027?
OUTCOMES ["Yes", "No"]
TOKENS 60254242186181201116068695532944273957016007314867422632945541198596993319740,77177480757748622879722286105150232441086434012708375359804859781251163696964
RISK_FIELD negRisk False
RISK_FIELD negRiskOther False
MARKET_ID 3886789
QUESTION Kraken IPO by June 30, 2027?
OUTCOMES ["Yes", "No"]
TOKENS 99253304599951701801764273015201484991796200069427221361914092452921572867497,7127391717356844418351322120166240591225990691848308827043119339251960725455
RISK_FIELD negRisk False
RISK_FIELD negRiskOther False
MARKET_ID 3886790
QUESTION Kraken IPO by March 31, 2027?
OUTCOMES ["Yes", "No"]
TOKENS 84700415856070584330104645297599346660006820062384750722884976135229581322590,13739225712399231609914585901957735947487883679063190195424375502492155064017
RISK_FIELD negRisk False
RISK_FIELD negRiskOther False
MARKET_ID 691547
QUESTION Kraken IPO by December 31, 2026?
OUTCOMES ["Yes", "No"]
TOKENS 34626184950254225208692030156208941308358060420950772251072421141618169142241,28557614648090529004584076028720900603196666949274543515794672175624115225556
RISK_FIELD negRisk False
RISK_FIELD negRiskOther False
RISK_FIELD negRiskRequestID 
---
EVENT_ID 16423
EVENT_TITLE UK election called by...?
TOTAL_MARKETS 6
MATCHED_MARKETS 2
EVENT_NEG False
BOOK_NEG False
MARKET_ID 2354064
QUESTION Will the next UK election be called by December 31, 2026?
OUTCOMES ["Yes", "No"]
TOKENS 31627048520492227354616069874124458767757243686332730237616510640600462926383,37064221817179838225957455025143891294172126736355626367799841115771049178138
RISK_FIELD negRisk False
RISK_FIELD negRiskOther False
RISK_FIELD negRiskRequestID 
MARKET_ID 2640947
QUESTION Will the next UK election be called by June 30, 2027?
OUTCOMES ["Yes", "No"]
TOKENS 107219958277001528039363090221086762014320654735486594473497161402116705481865,89034675872009302045032866075514273973117998987363316672397332831064378166140
RISK_FIELD negRisk False
RISK_FIELD negRiskOther False
RISK_FIELD negRiskRequestID 
---
GROUPS_SHOWN 2
NEG_RISK_INSPECTION_PASS
