PAIR_COUNT 9
BUY_BOTH_GROSS_POSITIVE 0
SELL_BOTH_GROSS_POSITIVE 0
BEST_BUY_BOTH_EDGE -0.0029999999999998916
BEST_SELL_BOTH_EDGE -0.0030000000000000027
PAIR Macron out by December 31, 2026?
OUTCOMES ['Yes', 'No']
BUY_COST 1.003 BUY_EDGE -0.0029999999999998916 SIZE 57.8
SELL_PROCEEDS 0.997 SELL_EDGE -0.0030000000000000027 SIZE 57.8
PAIR China x India military clash by December 31, 2026?
OUTCOMES ['Yes', 'No']
BUY_COST 1.01 BUY_EDGE -0.010000000000000009 SIZE 271.6
SELL_PROCEEDS 0.99 SELL_EDGE -0.010000000000000009 SIZE 271.6
PAIR Kraken IPO by December 31, 2026?
OUTCOMES ['Yes', 'No']
BUY_COST 1.021 BUY_EDGE -0.020999999999999908 SIZE 1.76
SELL_PROCEEDS 0.9790000000000001 SELL_EDGE -0.020999999999999908 SIZE 1.76
PAIR Kraken IPO by June 30, 2027?
OUTCOMES ['Yes', 'No']
BUY_COST 1.04 BUY_EDGE -0.040000000000000036 SIZE 80.04
SELL_PROCEEDS 0.96 SELL_EDGE -0.040000000000000036 SIZE 80.04
PAIR Will the next UK election be called by December 31, 2026?
OUTCOMES ['Yes', 'No']
BUY_COST 1.04 BUY_EDGE -0.040000000000000036 SIZE 56.82
SELL_PROCEEDS 0.96 SELL_EDGE -0.040000000000000036 SIZE 56.82
PAIR Will the next UK election be called by June 30, 2027?
OUTCOMES ['Yes', 'No']
BUY_COST 1.04 BUY_EDGE -0.040000000000000036 SIZE 5.71
SELL_PROCEEDS 0.96 SELL_EDGE -0.040000000000000036 SIZE 5.71
PAIR NATO/EU troops fighting in Ukraine by December 31, 2026?
OUTCOMES ['Yes', 'No']
BUY_COST 1.04 BUY_EDGE -0.040000000000000036 SIZE 45.58
SELL_PROCEEDS 0.9600000000000001 SELL_EDGE -0.039999999999999925 SIZE 45.58
PAIR Kraken IPO by March 31, 2027?
OUTCOMES ['Yes', 'No']
BUY_COST 1.33 BUY_EDGE -0.33000000000000007 SIZE 20.0
SELL_PROCEEDS 0.6699999999999999 SELL_EDGE -0.33000000000000007 SIZE 20.0
PAIR Kraken IPO by December 31, 2027?
OUTCOMES ['Yes', 'No']
BUY_COST 1.45 BUY_EDGE -0.44999999999999996 SIZE 5.0
SELL_PROCEEDS 0.55 SELL_EDGE -0.44999999999999996 SIZE 5.0
POLYMARKET_COMPLEMENT_TEST_PASS
