STARSHIP_STATEWISE_PROOF_PASS
STATE_COUNT 8
ALL_YES_ASK_SUM 1.2550000000000001
ALL_YES_GROSS_PER_SET -0.2550000000000001
ALL_YES_COMMON_SIZE 5.0
ALL_YES_FEES 0.11248999999999999
ALL_YES_NET -1.3874900000000006
IDENTITY 916715
QUESTION Will less than 5 SpaceX Starship launches successfully reach Space in 2026?
SYNTH_NO_ASK 0.5850000000000001
DIRECT_NO_BID 0.33
GROSS_EDGE -0.25500000000000006
EXECUTABLE_SIZE 5.0
TOTAL_TAKER_FEES 0.11249
NET_AT_SIZE -1.3874900000000003
IDENTITY 916716
QUESTION Will 5-6 SpaceX Starship launches successfully reach Space in 2026?
SYNTH_NO_ASK 0.7650000000000001
DIRECT_NO_BID 0.51
GROSS_EDGE -0.2550000000000001
EXECUTABLE_SIZE 5.0
TOTAL_TAKER_FEES 0.11248999999999999
NET_AT_SIZE -1.3874900000000006
IDENTITY 916717
QUESTION Will 7-8 SpaceX Starship launches successfully reach Space in 2026?
SYNTH_NO_ASK 1.202
DIRECT_NO_BID 0.947
GROSS_EDGE -0.255
EXECUTABLE_SIZE 5.0
TOTAL_TAKER_FEES 0.11249
NET_AT_SIZE -1.38749
IDENTITY 916718
QUESTION Will 9-10 SpaceX Starship launches successfully reach Space in 2026?
SYNTH_NO_ASK 1.253
DIRECT_NO_BID 0.998
GROSS_EDGE -0.2549999999999999
EXECUTABLE_SIZE 5.0
TOTAL_TAKER_FEES 0.11249
NET_AT_SIZE -1.3874899999999994
IDENTITY 916719
QUESTION Will 11-12 SpaceX Starship launches successfully reach Space in 2026?
SYNTH_NO_ASK 1.2389999999999999
DIRECT_NO_BID 0.984
GROSS_EDGE -0.2549999999999999
EXECUTABLE_SIZE 5.0
TOTAL_TAKER_FEES 0.11249
NET_AT_SIZE -1.3874899999999994
IDENTITY 916720
QUESTION Will 13-14 SpaceX Starship launches successfully reach Space in 2026?
SYNTH_NO_ASK 1.254
DIRECT_NO_BID 0.999
GROSS_EDGE -0.255
EXECUTABLE_SIZE 5.0
TOTAL_TAKER_FEES 0.11249
NET_AT_SIZE -1.38749
IDENTITY 916721
QUESTION Will 15-16 SpaceX Starship launches successfully reach Space in 2026?
SYNTH_NO_ASK 1.254
DIRECT_NO_BID 0.999
GROSS_EDGE -0.255
EXECUTABLE_SIZE 5.0
TOTAL_TAKER_FEES 0.11249
NET_AT_SIZE -1.38749
IDENTITY 916722
QUESTION Will more than 16 SpaceX Starship launches successfully reach Space in 2026?
SYNTH_NO_ASK 1.2329999999999999
DIRECT_NO_BID 0.978
GROSS_EDGE -0.2549999999999999
EXECUTABLE_SIZE 5.0
TOTAL_TAKER_FEES 0.11249
NET_AT_SIZE -1.3874899999999994
GROSS_POSITIVE_IDENTITIES 0
BEST_GROSS_EDGE -0.2549999999999999
RESULT NO_EXECUTION_REALISTIC_EDGE_FOUND
STARSHIP_IDENTITY_TEST_PASS
