LEFT_PATH /home/leonh/prediction_research/knowledge/raw/market_rules/polymarket/20260920T024806Z-event-178817.json
RIGHT_PATH /home/leonh/prediction_research/knowledge/raw/market_rules/polymarket/20260920T024806Z-event-189770.json
DESCRIPTION_EXACT_EQUAL True
LEFT_DESCRIPTION_SHA256 1fbcccd1bb02218f036cb39b1b970d48627d29781d2b35d93f522527228c0db8
RIGHT_DESCRIPTION_SHA256 1fbcccd1bb02218f036cb39b1b970d48627d29781d2b35d93f522527228c0db8
END_DATE_EQUAL True
LEFT_END_DATE 2026-12-31T00:00:00Z
RIGHT_END_DATE 2026-12-31T00:00:00Z
LEFT_NEG_RISK True
RIGHT_NEG_RISK True
LEFT_AUGMENTED False
RIGHT_AUGMENTED False
GROUP_IDS_DIFFER True
LEFT_BOUNDARY_MARKET 1234161
LEFT_BOUNDARY_TITLE 1600.00+
LEFT_BOUNDARY_QUESTION Will the official USD to ARS exchange rate be 1600.00 or higher at the end of December 2026?
RIGHT_COMPLEMENT_MARKET 1273048
RIGHT_COMPLEMENT_TITLE <1600.00
RIGHT_COMPLEMENT_QUESTION Will the official USD to ARS exchange rate be less than 1600.00 at the end of December 2026?
BOUNDARY_DESCRIPTIONS_EQUAL True
BOUNDARY_END_DATE_EQUAL True
BOUNDARY_NEG_RISK_OK True
BOUNDARY_NEG_RISK_OTHER_OK True
HIGHER_BUCKET_COUNT 5
HIGHER_BUCKET 1273050 1600.00–1699.99 Will the official USD to ARS exchange rate be between 1600.00 and 1699.99 at the end of December 2026?
HIGHER_BUCKET 1273051 1700.00–1799.99 Will the official USD to ARS exchange rate be between 1700.00 and 1799.99 at the end of December 2026?
HIGHER_BUCKET 1273052 1800.00–1899.99 Will the official USD to ARS exchange rate be between 1800.00 and 1899.99 at the end of December 2026?
HIGHER_BUCKET 1273053 1900.00–1999.99 Will the official USD to ARS exchange rate be between 1900.00 and 1999.99 at the end of December 2026?
HIGHER_BUCKET 1273054 2000.00+ Will the official USD to ARS exchange rate be 2000.00 or higher at the end of December 2026?
TWO_DECIMAL_RULE_PRESENT True
BCRA_SOURCE_RULE_PRESENT True
FALLBACK_RULE_PRESENT True
FORMAL_IDENTITY_PREREQUISITES_PASS True
IDENTITY_CANDIDATE_A YES_178817_GE1600_EQ_NO_189770_LT1600
IDENTITY_CANDIDATE_B YES_178817_GE1600_EQ_SUM_YES_189770_HIGHER_BUCKETS
NO_PRICE_TEST_PERFORMED True
ARGENTINA_FX_IDENTITY_RULE_VERIFY_PASS
