KWI_MARKET_DATA_FILE_COUNT 17
STATE_FILE_COUNT 2
REPO_FILE_COUNT 15
CANDIDATE state 874 2026-09-19T23:11:42.448014+00:00 /home/leonh/.local/state/prediction-research/task-reset-20260920_022439/lifecycle/KALSHI-WEATHER-TIMESERIES-MARKETS-E208.json
CANDIDATE state 870 2026-09-19T23:09:54.442563+00:00 /home/leonh/.local/state/prediction-research/task-reset-20260920_022439/lifecycle/KALSHI-WEATHER-TIMESERIES-MARKETS-E207.json
CANDIDATE repo 3365 2026-09-19T17:27:15.367257+00:00 /home/leonh/prediction_research/negative_evidence/PUBLIC_WEATHER_BOTS_SIGNAL_VS_MARKET_EDGE_2026-09-19.md
CANDIDATE repo 9286 2026-09-19T23:11:33.795533+00:00 /home/leonh/prediction_research/knowledge/runs/kalshi-weather-timeseries-markets-e208.json
CANDIDATE repo 3106 2026-09-19T17:27:15.363346+00:00 /home/leonh/prediction_research/knowledge/kalshi/KXTEMPMIAH_PARTICIPATION_REGIME_AROUND_KWI_2026-09-19.md
CANDIDATE repo 6126 2026-09-19T17:27:15.360723+00:00 /home/leonh/prediction_research/experiments/preregistered/KAL-WX-E001-weather-index-signal-and-market-edge.md
CANDIDATE repo 377 2026-09-21T08:04:14.691245+00:00 /home/leonh/prediction_research/control/tasks/running/EDGE-HUNTER-KWI-MARKET-DATA-READINESS-E393.json
CANDIDATE repo 311 2026-09-19T23:09:43.827482+00:00 /home/leonh/prediction_research/control/tasks/failed/KALSHI-WEATHER-TIMESERIES-MARKETS-E207.json
CANDIDATE repo 311 2026-09-19T23:11:10.988932+00:00 /home/leonh/prediction_research/control/tasks/completed/KALSHI-WEATHER-TIMESERIES-MARKETS-E208.json
CANDIDATE repo 9345 2026-09-19T23:11:36.149168+00:00 /home/leonh/prediction_research/control/results/KALSHI-WEATHER-TIMESERIES-MARKETS-E208/stdout.log
CANDIDATE repo 0 2026-09-19T23:11:36.149168+00:00 /home/leonh/prediction_research/control/results/KALSHI-WEATHER-TIMESERIES-MARKETS-E208/stderr.log
CANDIDATE repo 593 2026-09-19T23:11:36.149321+00:00 /home/leonh/prediction_research/control/results/KALSHI-WEATHER-TIMESERIES-MARKETS-E208/RESULT.json
CANDIDATE repo 0 2026-09-19T23:09:50.124654+00:00 /home/leonh/prediction_research/control/results/KALSHI-WEATHER-TIMESERIES-MARKETS-E207/stdout.log
CANDIDATE repo 544 2026-09-19T23:09:50.131521+00:00 /home/leonh/prediction_research/control/results/KALSHI-WEATHER-TIMESERIES-MARKETS-E207/stderr.log
CANDIDATE repo 590 2026-09-19T23:09:50.131735+00:00 /home/leonh/prediction_research/control/results/KALSHI-WEATHER-TIMESERIES-MARKETS-E207/RESULT.json
CANDIDATE repo 531 2026-09-21T08:04:19.376249+00:00 /home/leonh/prediction_research/control/lifecycle/EDGE-HUNTER-KWI-MARKET-DATA-READINESS-E393.json
CANDIDATE repo 1202 2026-09-21T08:04:14.690865+00:00 /home/leonh/prediction_research/control/jobs/kwi_market_data_readiness_e393.py
KWI_MARKET_DATA_READINESS_E393_DONE
