[
  {
    "url": "https://help.kalshi.com/en/articles/13823837-weather-markets",
    "ok": true,
    "status": 200,
    "bytes": 82130,
    "content_type": "text/html; charset=utf-8",
    "final_url": "https://help.kalshi.com/en/articles/13823837-weather-markets"
  },
  {
    "url": "https://developer.weather.com/docs/openapi/site-based-observations-1-0",
    "ok": true,
    "status": 200,
    "bytes": 145268,
    "content_type": "text/html; charset=utf-8",
    "final_url": "https://developer.weather.com/docs/openapi/site-based-observations-1-0"
  },
  {
    "url": "https://developer.weather.com/docs/openapi/time-series-observations-current-hours-past-24-0-0",
    "ok": true,
    "status": 200,
    "bytes": 147429,
    "content_type": "text/html; charset=utf-8",
    "final_url": "https://developer.weather.com/docs/openapi/time-series-observations-current-hours-past-24-0-0"
  },
  {
    "url": "https://developer.weather.com/docs/openapi/historical-conditions-hourly-3-0",
    "ok": true,
    "status": 200,
    "bytes": 145736,
    "content_type": "text/html; charset=utf-8",
    "final_url": "https://developer.weather.com/docs/openapi/historical-conditions-hourly-3-0"
  },
  {
    "url": "https://weather.com/kalshi",
    "ok": true,
    "status": 200,
    "bytes": 25156,
    "content_type": "text/html; charset=utf-8",
    "final_url": "https://weather.com/kalshi"
  }
]
