GIT_STATUS
 M control/edge_hunter/director.py
 D control/tasks/pending/EDGE-HUNTER-TRIAGE-AUDIT-E259.json
 M hourly-reports/hourly-20260919T230000+0200.md
 M knowledge/runs/hourly-20260919T230000+0200.json
?? control/edge_hunter/candidate_index.py
?? control/tasks/running/
?? hourly-reports/hourly-20260920T010000+0200.md
?? hourly-reports/hourly-20260920T020000+0200.md
?? knowledge/documents/manifests/arxiv/20260919T215534Z_d7ed6c1e9723.json
?? knowledge/documents/manifests/arxiv/20260919T220029Z_d7ed6c1e9723.json
?? knowledge/documents/manifests/arxiv/20260919T230030Z_d7ed6c1e9723.json
?? knowledge/documents/manifests/arxiv/20260920T000019Z_d7ed6c1e9723.json
?? knowledge/documents/manifests/arxiv/20260920T003238Z_d7ed6c1e9723.json
?? knowledge/documents/manifests/aviationweather/20260919T215534Z_dd6e0cc4b237.json
?? knowledge/documents/manifests/aviationweather/20260919T220029Z_dd6e0cc4b237.json
?? knowledge/documents/manifests/aviationweather/20260919T230029Z_dd6e0cc4b237.json
?? knowledge/documents/manifests/cftc/20260919T215534Z_a242112979e0.json
?? knowledge/documents/manifests/cftc/20260919T220029Z_03c50f4456a2.json
?? knowledge/documents/manifests/cftc/20260919T230029Z_1b3dc2876eb5.json
?? knowledge/documents/manifests/cftc/20260920T000019Z_7a3fb05744f8.json
?? knowledge/documents/manifests/cftc/20260920T003237Z_460f19f42856.json
?? knowledge/documents/manifests/ecmwf_open/20260919T215534Z_83c3dee07ef5.json
?? knowledge/documents/manifests/ecmwf_open/20260919T220029Z_83c3dee07ef5.json
?? knowledge/documents/manifests/ecmwf_open/20260919T230029Z_83c3dee07ef5.json
?? knowledge/documents/manifests/ecmwf_open/20260920T000019Z_83c3dee07ef5.json
?? knowledge/documents/manifests/ecmwf_open/20260920T003238Z_83c3dee07ef5.json
?? knowledge/documents/manifests/github/20260919T215535Z_61e93a9c2705.json
?? knowledge/documents/manifests/github/20260919T220030Z_73d9b994f5d3.json
?? knowledge/documents/manifests/github/20260919T230030Z_f42e282da315.json
?? knowledge/documents/manifests/github/20260920T000020Z_bc2e988355e4.json
?? knowledge/documents/manifests/github/20260920T003238Z_9a2b21130f75.json
?? knowledge/documents/manifests/kalshi_docs/20260919T215534Z_94c183be8dd7.json
?? knowledge/documents/manifests/kalshi_docs/20260919T220029Z_94c183be8dd7.json
?? knowledge/documents/manifests/kalshi_docs/20260919T230030Z_94c183be8dd7.json
?? knowledge/documents/manifests/kalshi_docs/20260920T000019Z_94c183be8dd7.json
?? knowledge/documents/manifests/kalshi_docs/20260920T003238Z_94c183be8dd7.json
?? knowledge/documents/manifests/kalshi_weather_rules/
?? knowledge/documents/manifests/nomads/20260919T215534Z_32fda37a95c0.json
?? knowledge/documents/manifests/nomads/20260919T220029Z_ac1877039efb.json
?? knowledge/documents/manifests/nomads/20260919T230030Z_2767bb0a7329.json
?? knowledge/documents/manifests/nomads/20260920T000020Z_b2b9d065fcb7.json
?? knowledge/documents/manifests/nomads/20260920T003238Z_17b612682f1f.json
?? knowledge/documents/manifests/nws/20260919T215534Z_d16c42159a3d.json
?? knowledge/documents/manifests/nws/20260919T220029Z_10bbe2ca5942.json
?? knowledge/documents/manifests/nws/20260919T230029Z_5b5848cbffbf.json
?? knowledge/documents/manifests/nws/20260920T000019Z_2d82703f79a8.json
?? knowledge/documents/manifests/nws/20260920T003237Z_313992dd5d1f.json
?? knowledge/documents/manifests/polymarket_docs/20260919T215534Z_6061d788333a.json
?? knowledge/documents/manifests/polymarket_docs/20260919T220029Z_6061d788333a.json
?? knowledge/documents/manifests/polymarket_docs/20260919T230029Z_6061d788333a.json
?? knowledge/documents/manifests/polymarket_docs/20260920T000019Z_6061d788333a.json
?? knowledge/documents/manifests/polymarket_docs/20260920T003237Z_6061d788333a.json
?? knowledge/documents/manifests/reddit/20260919T215534Z_5620024e66fe.json
?? knowledge/documents/manifests/reddit/20260919T220030Z_99a9aa759ce8.json
?? knowledge/documents/manifests/reddit/20260919T230030Z_1f57d31ad528.json
?? knowledge/documents/manifests/reddit/20260920T000020Z_ce78967db48d.json
?? knowledge/documents/manifests/reddit/20260920T003238Z_40726502428c.json
?? knowledge/documents/manifests/twc_kalshi/
?? knowledge/documents/manifests/youtube/20260919T215535Z_37e8087e66de.json
?? knowledge/documents/manifests/youtube/20260919T220030Z_83be8f6905e1.json
?? knowledge/documents/manifests/youtube/20260919T230030Z_47401bed1169.json
?? knowledge/documents/manifests/youtube/20260920T000020Z_b5fd33e08c5f.json
?? knowledge/documents/manifests/youtube/20260920T003238Z_c1dd6bbb0408.json
?? knowledge/documents/text/cftc/03c50f4456a22f805032eed06f72f757985be5ef890fc1fd9ff6954c416f6dd9.json
?? knowledge/documents/text/cftc/1b3dc2876eb592e88512a72f9add2378d3fa099e7259613715ddfac51ce03777.json
?? knowledge/documents/text/cftc/460f19f4285617cf8b5f3756603f24c0b555f1afea9750a0fc063ee907b02b84.json
?? knowledge/documents/text/cftc/7a3fb05744f88a17539b9b6e441fa37cb1343d9674d91aab17be283aa238e25e.json
?? knowledge/documents/text/cftc/a242112979e030b5ce9dd44cc849684876ab1541faf7f1b33f6326a145cd38b4.json
?? knowledge/documents/text/github/61e93a9c2705a4d9fed484fecaa6848e493ad126b83796c396f6ee2b854b8afc.json
?? knowledge/documents/text/github/73d9b994f5d3437449e44d839dfd998612265114638909859972b25ee9bd728b.json
?? knowledge/documents/text/github/9a2b21130f75229e25c037adfa8ff3261d8979c70a5aaa62a38359635351cf32.json
?? knowledge/documents/text/github/bc2e988355e4e31b3cbcfbaeab35c68a080bdc2881231f620a29c9aae93d9b3b.json
?? knowledge/documents/text/github/f42e282da315700c4c0dca4b515d1630b3441404f69cbf69ed4b7427a57f159a.json
?? knowledge/documents/text/kalshi_weather_rules/
?? knowledge/documents/text/nomads/17b612682f1f4373ee6b30132c1a545106c84bc415de5809d6b3696ed6b85c66.json
?? knowledge/documents/text/nomads/2767bb0a732969e132093208c38b5c7e4cd52a84cf31385a56526a66ee2059db.json
?? knowledge/documents/text/nomads/32fda37a95c09443ce22a6252549c086065723053e7328dc3bf41e8d024968ab.json
?? knowledge/documents/text/nomads/ac1877039efbe086216ceaaeea58c81471bc265b61a522c191a43a091420525c.json
?? knowledge/documents/text/nomads/b2b9d065fcb7b7bf682c681b4d5164bcfc32a58ef518da9f2123b44581506f8b.json
?? knowledge/documents/text/nws/10bbe2ca5942d63be24e5827f8eaadaa21dc56921632364e08f4a5ceec2618ca.json
?? knowledge/documents/text/nws/2d82703f79a832e534cce362e1fff9c6beb6b67b2fdbcdb181a5ea2295e96dae.json
?? knowledge/documents/text/nws/313992dd5d1ffcfb3b35326d9ad4f5abd8d13a799bcb5e6497174fad934160ae.json
?? knowledge/documents/text/nws/5b5848cbffbfb87436f57d82992af63641dc86d5afbb3410b5563b35926b14d0.json
?? knowledge/documents/text/reddit/1f57d31ad5289f981c0be5e87d44eb13d69e2e6b83f89202c2be0617c3acee0d.json
?? knowledge/documents/text/reddit/40726502428cce9917fff244a039060f4ccc1ccb35290896e255a65319e0f441.json
?? knowledge/documents/text/reddit/5620024e66fe49a82665e45c457adc56daf1e33aec07a122ebd5c0760f504dec.json
?? knowledge/documents/text/reddit/99a9aa759ce8f30697a42e25f96fd31736d3b14408b87223cd4c8d2597fa2e22.json
?? knowledge/documents/text/reddit/ce78967db48ddfd0fd1f98c74a342b39636d580af54d47ddc08548f5e76adffc.json
?? knowledge/documents/text/twc_kalshi/
?? knowledge/documents/text/youtube/37e8087e66de5be0cf8018030a346e143c03b63f91063beca7d41b32326dca1e.json
?? knowledge/documents/text/youtube/47401bed1169bb9f24c1d4c296b697d8887bed7ebd327a088323e6102174fe4c.json
?? knowledge/documents/text/youtube/83be8f6905e1893f83fc657fc4710a63ec91597fa9ca51eb89d37829efc5f759.json
?? knowledge/documents/text/youtube/b5fd33e08c5f3f8b824f4c0780e5fc99bfe4f11d8bf1645a73fcbdf47ae377c8.json
?? knowledge/documents/text/youtube/c1dd6bbb0408b54bc53a0730e8894977914432885548787e20a4763e6715847e.json
?? knowledge/runs/agent_packets/hourly-20260920T000000+0200/
?? knowledge/runs/agent_packets/hourly-20260920T010000+0200/
?? knowledge/runs/agent_packets/hourly-20260920T020000+0200/
?? knowledge/runs/hourly-20260920T010000+0200-routing.json
?? knowledge/runs/hourly-20260920T010000+0200-source-quality.json
?? knowledge/runs/hourly-20260920T020000+0200-routing.json
?? knowledge/runs/hourly-20260920T020000+0200-source-quality.json
?? knowledge/runs/hourly-20260920T020000+0200.json
?? knowledge/runs/source_sweeps/20260919T215533Z.json
?? knowledge/runs/source_sweeps/20260919T220029Z.json
?? knowledge/runs/source_sweeps/20260919T230029Z.json
?? knowledge/runs/source_sweeps/20260920T000019Z.json
?? knowledge/runs/source_sweeps/20260920T003237Z.json
?? knowledge/runs/twc-revision-summary-latest.json
?? tests/edge_hunter/test_candidate_index.py
TARGET control/edge_hunter/director.py EXISTS True
COMPILE control/edge_hunter/director.py FAIL PyCompileError   File "/home/leonh/prediction_research/control/edge_hunter/director.py", line 49
    out.write_text(json.dumps(packet, indent=2, sort_keys=True) + "
                                                                  ^
SyntaxError: unterminated string literal (detected at line 49)

HEAD
001: from pathlib import Path
002: import json
003: from datetime import datetime, timezone
004: 
005: from candidate_index import summarize as summarize_candidates
006: 
007: ROOT = Path(__file__).resolve().parents[2]
008: LANE_REGISTRY = ROOT / "control/edge_hunter/lane_registry.json"
009: 
010: def load_json(path):
011:     return json.loads(Path(path).read_text(encoding="utf-8"))
012: 
013: def prepare(run_id):
014:     run_path = ROOT / "knowledge/runs" / (run_id + ".json")
015:     routing_path = ROOT / "knowledge/runs" / (run_id + "-routing.json")
016:     run = load_json(run_path)
017:     routing = load_json(routing_path) if routing_path.exists() else {}
018:     registry = load_json(LANE_REGISTRY)
019:     packet = {
020:         "edge_hunter_version": 1,
021:         "run_id": run_id,
022:         "created_at": datetime.now(timezone.utc).isoformat(),
023:         "system_objective": "Continuously discover and falsify execution-realistic prediction-market edges across all lanes.",
024:         "weather_is_one_lane": True,
025:         "decision": "NO_PROVEN_EDGE",
026:         "live_trading": False,
027:         "paid_actions": False,
028:         "wallet_actions": False,
029:         "candidates": summarize_candidates(),
030:         "lanes": {},
031:     }
032:     for lane, spec in registry["lanes"].items():
033:         evidence = []
034:         gaps = []
035:         for role in spec["evidence_roles"]:
036:             role_row = routing.get(role, {})
037:             evidence.extend(role_row.get("evidence", []))
038:             gaps.extend(role_row.get("coverage_gaps", []))
039:         packet["lanes"][lane] = {
040:             "objective": spec["objective"],
041:             "primary_tests": spec["primary_tests"],
042:             "evidence_count": len(evidence),
043:             "coverage_gaps": sorted(set(gaps)),
044:             "candidate_status": "UNPROVEN",
045:             "next_action": "SEMANTIC_REVIEW_AND_FALSIFICATION",
046:         }
047:     out = ROOT / "knowledge/runs/edge_hunter" / ("edge-hunt-" + run_id + ".json")
048:     out.parent.mkdir(parents=True, exist_ok=True)
049:     out.write_text(json.dumps(packet, indent=2, sort_keys=True) + "
050: ", encoding="utf-8")
051:     return out
052: 
053: if __name__ == "__main__":
054:     import sys
055:     print(prepare(sys.argv[1]))
TARGET control/edge_hunter/candidate_index.py EXISTS True
COMPILE control/edge_hunter/candidate_index.py PASS
HEAD
001: from pathlib import Path
002: import json
003: 
004: ROOT = Path(__file__).resolve().parents[2]
005: CANDIDATE_DIR = ROOT / "knowledge/candidates"
006: 
007: def summarize():
008:     rows = []
009:     if not CANDIDATE_DIR.exists():
010:         return rows
011:     for path in sorted(CCANDIDATE_DIR.glob("*.json")):
012:         try:
013:             row = json.loads(path.read_text(encoding="utf-8"))
014:         except Exception as exc:
015:             rows.append({
016:                 "candidate_id": path.stem,
017:                 "status": "INVALID",
018:                 "error": type(exc).__name__,
019:             })
020:             continue
021:         gates = row.get("gates", {})
022:         rows.append({
023:             "candidate_id": row.get("candidate_id", path.stem),
024:             "lane": row.get("lane", "UNKNOWN"),
025:             "phase": row.get("phase", "UNKNOWN"),
026:             "decision": row.get("decision", "UNPROVEN"),
027:             "gate_counts": {
028:                 "PASS": sum(1 for v in gates.values() if v == "PASS"),
029:                 "FAIL": sum(1 for v in gates.values() if v == "FAIL"),
030:                 "PENDING": sum(1 for v in gates.values() if v == "PENDING"),
031:                 "PARTIAL": sum(1 for v in gates.values() if v == "PARTIAL"),
032:                 "NOT_TESTED": sum(1 for v in gates.values() if v == "NOT_TESTED"),
033:             },
034:             "live_trading": bool(row.get("live_trading", False)),
035:             "paid_actions": bool(row.get("paid_actions", False)),
036:             "wallet_actions": bool(row.get("wallet_actions", False)),
037:         })
038:     return rows
TARGET tests/edge_hunter/test_candidate_index.py EXISTS True
COMPILE tests/edge_hunter/test_candidate_index.py PASS
HEAD
001: from pathlib import Path
002: import importlib.util
003: 
004: ROOT = Path(__file__).resolve().parents[2]
005: 
006: def load_module(name, rel):
007:     spec = importlib.util.spec_from_file_location(name, ROOT / rel)
008:     mod = importlib.util.module_from_spec(spec)
009:     spec.loader.exec_module(mod)
010:     return mod
011: 
012: def test_candidate_index_has_seeded_candidates():
013:     mod = load_module("candidate_index_testmod", "control/edge_hunter/candidate_index.py")
014:     rows = mod.summarize()
015:     ids = {row["candidate_id"] for row in rows}
016:     assert "KWI-INCOMPLETE-TO-CANONICAL-V1" in ids
017:     assert "PAYOFF-IDENTITY-MINING-V1" in ids
018:     assert all(row.get("live_trading") is False for row in rows if row.get("status") != "INVALID")
019: 
020: def test_director_source_includes_candidates():
021:     text = (ROOT / "control/edge_hunter/director.py").read_text(encoding="utf-8")
022:     assert '"scandidates": summarize_candidates()' in text
