{
  "artifact": "knowledge/runs/kalshi-hourly-universe-e213.json",
  "strict_hourly_temperature_count": 13,
  "strict_hourly_temperature_series": [
    {
      "ticker": "KXHIGHNYD",
      "title": "Hourly Directional NYC Temperature",
      "frequency": "hourly",
      "tags": [
        "Hourly temperature"
      ],
      "settlement_sources": [
        {
          "name": "The Weather Company",
          "url": "https://weather.com/kalshi"
        }
      ],
      "open_market_count": 0,
      "source_counts": {},
      "event_counts": {},
      "sample": []
    },
    {
      "ticker": "KXTEMPAUSH",
      "title": "Hourly Directional Austin Temperature",
      "frequency": "hourly",
      "tags": [
        "Hourly temperature"
      ],
      "settlement_sources": [
        {
          "name": "The Weather Company",
          "url": "https://weather.com/kalshi"
        }
      ],
      "open_market_count": 0,
      "source_counts": {},
      "event_counts": {},
      "sample": []
    },
    {
      "ticker": "KXTEMPBOSH",
      "title": "Hourly Directional Boston Temperature",
      "frequency": "hourly",
      "tags": [
        "Hourly temperature"
      ],
      "settlement_sources": [
        {
          "name": "The Weather Company",
          "url": "https://weather.com/kalshi"
        }
      ],
      "open_market_count": 0,
      "source_counts": {},
      "event_counts": {},
      "sample": []
    },
    {
      "ticker": "KXTEMPCHIH",
      "title": "Hourly Directional Chicago Temperature",
      "frequency": "hourly",
      "tags": [
        "Hourly temperature"
      ],
      "settlement_sources": [
        {
          "name": "The Weather Company",
          "url": "https://weather.com/kalshi"
        }
      ],
      "open_market_count": 0,
      "source_counts": {},
      "event_counts": {},
      "sample": []
    },
    {
      "ticker": "KXTEMPCHIHS",
      "title": "Hourly Directional Chicago Metro Temperature",
      "frequency": "hourly",
      "tags": [
        "Hourly temperature"
      ],
      "settlement_sources": [
        {
          "name": "Kalshi",
          "url": "https://kalshi.com"
        }
      ],
      "open_market_count": 10,
      "source_counts": {
        "SYNOPTIC+KALSHI_WEATHER_INDEX": 10
      },
      "event_counts": {
        "KXTEMPCHIHS-26SEP1920": 10
      },
      "sample": [
        {
          "close_time": "2026-09-20T00:00:00Z",
          "event_ticker": "KXTEMPCHIHS-26SEP1920",
          "expected_expiration_time": "2026-09-20T00:05:00Z",
          "floor_strike": 71.99,
          "rules_primary": "If the temperature recorded at Chicago Metro Area for Sep 19, 2026 at 8 PM EDT as reported by Synoptic Data, is above 71.99\u00b0, then the market resolves to Yes.",
          "rules_secondary": "The official final value for this market is determined strictly by the temperature reported by Synoptic Data, calculated in accordance with the Kalshi Weather Index Methodology. Alternative sources\u2014such as NWS Climatological Reports or Google Weather\u2014may serve as references, but are not authoritative and will not be used for market resolution.",
          "source_label": "SYNOPTIC+KALSHI_WEATHER_INDEX",
          "status": "active",
          "ticker": "KXTEMPCHIHS-26SEP1920-T71.99",
          "title": "Will the temp in Chicago Metro Area be above 71.99\u00b0 on Sep 19, 2026 at 8pm EDT?"
        },
        {
          "close_time": "2026-09-20T00:00:00Z",
          "event_ticker": "KXTEMPCHIHS-26SEP1920",
          "expected_expiration_time": "2026-09-20T00:05:00Z",
          "floor_strike": 70.99,
          "rules_primary": "If the temperature recorded at Chicago Metro Area for Sep 19, 2026 at 8 PM EDT as reported by Synoptic Data, is above 70.99\u00b0, then the market resolves to Yes.",
          "rules_secondary": "The official final value for this market is determined strictly by the temperature reported by Synoptic Data, calculated in accordance with the Kalshi Weather Index Methodology. Alternative sources\u2014such as NWS Climatological Reports or Google Weather\u2014may serve as references, but are not authoritative and will not be used for market resolution.",
          "source_label": "SYNOPTIC+KALSHI_WEATHER_INDEX",
          "status": "active",
          "ticker": "KXTEMPCHIHS-26SEP1920-T70.99",
          "title": "Will the temp in Chicago Metro Area be above 70.99\u00b0 on Sep 19, 2026 at 8pm EDT?"
        },
        {
          "close_time": "2026-09-20T00:00:00Z",
          "event_ticker": "KXTEMPCHIHS-26SEP1920",
          "expected_expiration_time": "2026-09-20T00:05:00Z",
          "floor_strike": 69.99,
          "rules_primary": "If the temperature recorded at Chicago Metro Area for Sep 19, 2026 at 8 PM EDT as reported by Synoptic Data, is above 69.99\u00b0, then the market resolves to Yes.",
          "rules_secondary": "The official final value for this market is determined strictly by the temperature reported by Synoptic Data, calculated in accordance with the Kalshi Weather Index Methodology. Alternative sources\u2014such as NWS Climatological Reports or Google Weather\u2014may serve as references, but are not authoritative and will not be used for market resolution.",
          "source_label": "SYNOPTIC+KALSHI_WEATHER_INDEX",
          "status": "active",
          "ticker": "KXTEMPCHIHS-26SEP1920-T69.99",
          "title": "Will the temp in Chicago Metro Area be above 69.99\u00b0 on Sep 19, 2026 at 8pm EDT?"
        }
      ]
    },
    {
      "ticker": "KXTEMPCHIMETROHS",
      "title": "Hourly Directional Chicago Metro Temperature",
      "frequency": "hourly",
      "tags": null,
      "settlement_sources": [
        {
          "name": "Kalshi",
          "url": "https://kalshi.com"
        }
      ],
      "open_market_count": 0,
      "source_counts": {},
      "event_counts": {},
      "sample": []
    },
    {
      "ticker": "KXTEMPDCH",
      "title": "Hourly Directional DC Temperature",
      "frequency": "hourly",
      "tags": [
        "Hourly temperature"
      ],
      "settlement_sources": [
        {
          "name": "The Weather Company",
          "url": "https://weather.com/kalshi"
        }
      ],
      "open_market_count": 0,
      "source_counts": {},
      "event_counts": {},
      "sample": []
    },
    {
      "ticker": "KXTEMPLAHS",
      "title": "Hourly Directional Coastal LA Temperature",
      "frequency": "hourly",
      "tags": null,
      "settlement_sources": [
        {
          "name": "Kalshi",
          "url": "https://kalshi.com"
        }
      ],
      "open_market_count": 0,
      "source_counts": {},
      "event_counts": {},
      "sample": []
    },
    {
      "ticker": "KXTEMPLAXH",
      "title": "Hourly Directional Los Angeles Temperature",
      "frequency": "hourly",
      "tags": [
        "Hourly temperature"
      ],
      "settlement_sources": [
        {
          "name": "The Weather Company",
          "url": "https://weather.com/kalshi"
        }
      ],
      "open_market_count": 0,
      "source_counts": {},
      "event_counts": {},
      "sample": []
    },
    {
      "ticker": "KXTEMPLAXHS",
      "title": "Hourly Directional Coastal LA Temperature",
      "frequency": "hourly",
      "tags": [
        "Hourly temperature"
      ],
      "settlement_sources": [
        {
          "name": "Synoptic Data",
          "url": "https://synopticdata.com/"
        }
      ],
      "open_market_count": 10,
      "source_counts": {
        "SYNOPTIC+KALSHI_WEATHER_INDEX": 10
      },
      "event_counts": {
        "KXTEMPLAXHS-26SEP1920": 10
      },
      "sample": [
        {
          "close_time": "2026-09-20T00:00:00Z",
          "event_ticker": "KXTEMPLAXHS-26SEP1920",
          "expected_expiration_time": "2026-09-20T00:05:00Z",
          "floor_strike": 78.99,
          "rules_primary": "If the temperature recorded at Coastal Los Angeles for Sep 19, 2026 at 8 PM EDT as reported by Synoptic Data, is above 78.99\u00b0, then the market resolves to Yes.",
          "rules_secondary": "The official final value for this market is determined strictly by the temperature reported by Synoptic Data, calculated in accordance with the Kalshi Weather Index Methodology. Alternative sources\u2014such as NWS Climatological Reports or Google Weather\u2014may serve as references, but are not authoritative and will not be used for market resolution.",
          "source_label": "SYNOPTIC+KALSHI_WEATHER_INDEX",
          "status": "active",
          "ticker": "KXTEMPLAXHS-26SEP1920-T78.99",
          "title": "Will the temp in Coastal Los Angeles be above 78.99\u00b0 on Sep 19, 2026 at 8pm EDT?"
        },
        {
          "close_time": "2026-09-20T00:00:00Z",
          "event_ticker": "KXTEMPLAXHS-26SEP1920",
          "expected_expiration_time": "2026-09-20T00:05:00Z",
          "floor_strike": 77.99,
          "rules_primary": "If the temperature recorded at Coastal Los Angeles for Sep 19, 2026 at 8 PM EDT as reported by Synoptic Data, is above 77.99\u00b0, then the market resolves to Yes.",
          "rules_secondary": "The official final value for this market is determined strictly by the temperature reported by Synoptic Data, calculated in accordance with the Kalshi Weather Index Methodology. Alternative sources\u2014such as NWS Climatological Reports or Google Weather\u2014may serve as references, but are not authoritative and will not be used for market resolution.",
          "source_label": "SYNOPTIC+KALSHI_WEATHER_INDEX",
          "status": "active",
          "ticker": "KXTEMPLAXHS-26SEP1920-T77.99",
          "title": "Will the temp in Coastal Los Angeles be above 77.99\u00b0 on Sep 19, 2026 at 8pm EDT?"
        },
        {
          "close_time": "2026-09-20T00:00:00Z",
          "event_ticker": "KXTEMPLAXHS-26SEP1920",
          "expected_expiration_time": "2026-09-20T00:05:00Z",
          "floor_strike": 76.99,
          "rules_primary": "If the temperature recorded at Coastal Los Angeles for Sep 19, 2026 at 8 PM EDT as reported by Synoptic Data, is above 76.99\u00b0, then the market resolves to Yes.",
          "rules_secondary": "The official final value for this market is determined strictly by the temperature reported by Synoptic Data, calculated in accordance with the Kalshi Weather Index Methodology. Alternative sources\u2014such as NWS Climatological Reports or Google Weather\u2014may serve as references, but are not authoritative and will not be used for market resolution.",
          "source_label": "SYNOPTIC+KALSHI_WEATHER_INDEX",
          "status": "active",
          "ticker": "KXTEMPLAXHS-26SEP1920-T76.99",
          "title": "Will the temp in Coastal Los Angeles be above 76.99\u00b0 on Sep 19, 2026 at 8pm EDT?"
        }
      ]
    },
    {
      "ticker": "KXTEMPMIAH",
      "title": "Hourly Directional Miami Temperature",
      "frequency": "hourly",
      "tags": [
        "Hourly temperature"
      ],
      "settlement_sources": [
        {
          "name": "Synoptic Data",
          "url": "https://synopticdata.com/"
        }
      ],
      "open_market_count": 10,
      "source_counts": {
        "SYNOPTIC+KALSHI_WEATHER_INDEX": 10
      },
      "event_counts": {
        "KXTEMPMIAH-26SEP1920": 10
      },
      "sample": [
        {
          "close_time": "2026-09-20T00:00:00Z",
          "event_ticker": "KXTEMPMIAH-26SEP1920",
          "expected_expiration_time": "2026-09-20T00:05:00Z",
          "floor_strike": 80.99,
          "rules_primary": "If the temperature recorded at Miami, FL for Sep 19, 2026 at 8 PM EDT as reported by Synoptic Data, is above 80.99\u00b0, then the market resolves to Yes.",
          "rules_secondary": "The official final value for this market is determined strictly by the temperature reported by Synoptic Data, calculated in accordance with the Kalshi Weather Index Methodology. Alternative sources\u2014such as NWS Climatological Reports or Google Weather\u2014may serve as references, but are not authoritative and will not be used for market resolution.",
          "source_label": "SYNOPTIC+KALSHI_WEATHER_INDEX",
          "status": "active",
          "ticker": "KXTEMPMIAH-26SEP1920-T80.99",
          "title": "Will the temp in Miami be above 80.99\u00b0 on Sep 19, 2026 at 8pm EDT?"
        },
        {
          "close_time": "2026-09-20T00:00:00Z",
          "event_ticker": "KXTEMPMIAH-26SEP1920",
          "expected_expiration_time": "2026-09-20T00:05:00Z",
          "floor_strike": 79.99,
          "rules_primary": "If the temperature recorded at Miami, FL for Sep 19, 2026 at 8 PM EDT as reported by Synoptic Data, is above 79.99\u00b0, then the market resolves to Yes.",
          "rules_secondary": "The official final value for this market is determined strictly by the temperature reported by Synoptic Data, calculated in accordance with the Kalshi Weather Index Methodology. Alternative sources\u2014such as NWS Climatological Reports or Google Weather\u2014may serve as references, but are not authoritative and will not be used for market resolution.",
          "source_label": "SYNOPTIC+KALSHI_WEATHER_INDEX",
          "status": "active",
          "ticker": "KXTEMPMIAH-26SEP1920-T79.99",
          "title": "Will the temp in Miami be above 79.99\u00b0 on Sep 19, 2026 at 8pm EDT?"
        },
        {
          "close_time": "2026-09-20T00:00:00Z",
          "event_ticker": "KXTEMPMIAH-26SEP1920",
          "expected_expiration_time": "2026-09-20T00:05:00Z",
          "floor_strike": 78.99,
          "rules_primary": "If the temperature recorded at Miami, FL for Sep 19, 2026 at 8 PM EDT as reported by Synoptic Data, is above 78.99\u00b0, then the market resolves to Yes.",
          "rules_secondary": "The official final value for this market is determined strictly by the temperature reported by Synoptic Data, calculated in accordance with the Kalshi Weather Index Methodology. Alternative sources\u2014such as NWS Climatological Reports or Google Weather\u2014may serve as references, but are not authoritative and will not be used for market resolution.",
          "source_label": "SYNOPTIC+KALSHI_WEATHER_INDEX",
          "status": "active",
          "ticker": "KXTEMPMIAH-26SEP1920-T78.99",
          "title": "Will the temp in Miami be above 78.99\u00b0 on Sep 19, 2026 at 8pm EDT?"
        }
      ]
    },
    {
      "ticker": "KXTEMPNYCH",
      "title": "Hourly Directional NYC Temperature",
      "frequency": "hourly",
      "tags": [
        "Hourly temperature"
      ],
      "settlement_sources": [
        {
          "name": "The Weather Company",
          "url": "https://weather.com/kalshi"
        }
      ],
      "open_market_count": 0,
      "source_counts": {},
      "event_counts": {},
      "sample": []
    },
    {
      "ticker": "KXTEMPNYCHS",
      "title": "Hourly Directional NYC Temperature",
      "frequency": "hourly",
      "tags": [
        "Hourly temperature"
      ],
      "settlement_sources": [
        {
          "name": "Synoptic Data",
          "url": "https://synopticdata.com/"
        }
      ],
      "open_market_count": 10,
      "source_counts": {
        "SYNOPTIC+KALSHI_WEATHER_INDEX": 10
      },
      "event_counts": {
        "KXTEMPNYCHS-26SEP1920": 10
      },
      "sample": [
        {
          "close_time": "2026-09-20T00:00:00Z",
          "event_ticker": "KXTEMPNYCHS-26SEP1920",
          "expected_expiration_time": "2026-09-20T00:05:00Z",
          "floor_strike": 68.99,
          "rules_primary": "If the temperature recorded at New York City for Sep 19, 2026 at 8 PM EDT as reported by Synoptic Data, is above 68.99\u00b0, then the market resolves to Yes.",
          "rules_secondary": "The official final value for this market is determined strictly by the temperature reported by Synoptic Data, calculated in accordance with the Kalshi Weather Index Methodology. Alternative sources\u2014such as NWS Climatological Reports or Google Weather\u2014may serve as references, but are not authoritative and will not be used for market resolution.",
          "source_label": "SYNOPTIC+KALSHI_WEATHER_INDEX",
          "status": "active",
          "ticker": "KXTEMPNYCHS-26SEP1920-T68.99",
          "title": "Will the temp in New York City be above 68.99\u00b0 on Sep 19, 2026 at 8pm EDT?"
        },
        {
          "close_time": "2026-09-20T00:00:00Z",
          "event_ticker": "KXTEMPNYCHS-26SEP1920",
          "expected_expiration_time": "2026-09-20T00:05:00Z",
          "floor_strike": 67.99,
          "rules_primary": "If the temperature recorded at New York City for Sep 19, 2026 at 8 PM EDT as reported by Synoptic Data, is above 67.99\u00b0, then the market resolves to Yes.",
          "rules_secondary": "The official final value for this market is determined strictly by the temperature reported by Synoptic Data, calculated in accordance with the Kalshi Weather Index Methodology. Alternative sources\u2014such as NWS Climatological Reports or Google Weather\u2014may serve as references, but are not authoritative and will not be used for market resolution.",
          "source_label": "SYNOPTIC+KALSHI_WEATHER_INDEX",
          "status": "active",
          "ticker": "KXTEMPNYCHS-26SEP1920-T67.99",
          "title": "Will the temp in New York City be above 67.99\u00b0 on Sep 19, 2026 at 8pm EDT?"
        },
        {
          "close_time": "2026-09-20T00:00:00Z",
          "event_ticker": "KXTEMPNYCHS-26SEP1920",
          "expected_expiration_time": "2026-09-20T00:05:00Z",
          "floor_strike": 66.99,
          "rules_primary": "If the temperature recorded at New York City for Sep 19, 2026 at 8 PM EDT as reported by Synoptic Data, is above 66.99\u00b0, then the market resolves to Yes.",
          "rules_secondary": "The official final value for this market is determined strictly by the temperature reported by Synoptic Data, calculated in accordance with the Kalshi Weather Index Methodology. Alternative sources\u2014such as NWS Climatological Reports or Google Weather\u2014may serve as references, but are not authoritative and will not be used for market resolution.",
          "source_label": "SYNOPTIC+KALSHI_WEATHER_INDEX",
          "status": "active",
          "ticker": "KXTEMPNYCHS-26SEP1920-T66.99",
          "title": "Will the temp in New York City be above 66.99\u00b0 on Sep 19, 2026 at 8pm EDT?"
        }
      ]
    }
  ],
  "open_candidate_count_within_e213_rows": 6,
  "open_candidates": [
    {
      "ticker": "KXAVGTKIAH",
      "title": "Average Weekly Temp in Houston (Bush) ",
      "frequency": "weekly",
      "tags": [
        "Heatwaves"
      ],
      "settlement_sources": [
        {
          "name": "The Weather Company",
          "url": "https://weather.com/kalshi"
        }
      ],
      "open_market_count": 5,
      "source_counts": {
        "TWC": 5
      },
      "event_counts": {
        "KXAVGTKIAH-26SEP20": 5
      },
      "sample": [
        {
          "close_time": "2026-09-21T03:59:59Z",
          "event_ticker": "KXAVGTKIAH-26SEP20",
          "expected_expiration_time": "2026-09-22T03:59:59Z",
          "floor_strike": 6,
          "rules_primary": "If there is at least 6 or more consecutive days within September 14, 2026 through September 20, 2026 on which the daily average temperature at KIAH in Houston is strictly greater than 90 degrees Fahrenheit, then the market resolves to Yes.",
          "rules_secondary": "Data for KIAH is available at https://weather.com/kalshi. A day's average temperature is the arithmetic mean of the hourly temperature values reported by The Weather Company for KIAH from 12:00 AM to 11:59 PM local time, rounded to the nearest whole degree. Data as published at the Expiration Time will be used; later revisions are disregarded.\n\nAn average of exactly 90 degrees Fahrenheit does not satisfy the condition. Only days within September 14, 2026 through September 20, 2026 may count toward a streak. A day with fewer than 18 reported hourly values does not satisfy the condition and breaks a streak.",
          "source_label": "TWC",
          "status": "active",
          "ticker": "KXAVGTKIAH-26SEP20-6",
          "title": "Will the average temperature in Houston be above 90\u00b0F for 6 or more consecutive days in the week of Sep 14, 2026?"
        },
        {
          "close_time": "2026-09-21T03:59:59Z",
          "event_ticker": "KXAVGTKIAH-26SEP20",
          "expected_expiration_time": "2026-09-22T03:59:59Z",
          "floor_strike": 5,
          "rules_primary": "If there is at least 5 or more consecutive days within September 14, 2026 through September 20, 2026 on which the daily average temperature at KIAH in Houston is strictly greater than 90 degrees Fahrenheit, then the market resolves to Yes.",
          "rules_secondary": "Data for KIAH is available at https://weather.com/kalshi. A day's average temperature is the arithmetic mean of the hourly temperature values reported by The Weather Company for KIAH from 12:00 AM to 11:59 PM local time, rounded to the nearest whole degree. Data as published at the Expiration Time will be used; later revisions are disregarded.\n\nAn average of exactly 90 degrees Fahrenheit does not satisfy the condition. Only days within September 14, 2026 through September 20, 2026 may count toward a streak. A day with fewer than 18 reported hourly values does not satisfy the condition and breaks a streak.",
          "source_label": "TWC",
          "status": "active",
          "ticker": "KXAVGTKIAH-26SEP20-5",
          "title": "Will the average temperature in Houston be above 90\u00b0F for 5 or more consecutive days in the week of Sep 14, 2026?"
        },
        {
          "close_time": "2026-09-21T03:59:59Z",
          "event_ticker": "KXAVGTKIAH-26SEP20",
          "expected_expiration_time": "2026-09-22T03:59:59Z",
          "floor_strike": 4,
          "rules_primary": "If there is at least 4 or more consecutive days within September 14, 2026 through September 20, 2026 on which the daily average temperature at KIAH in Houston is strictly greater than 90 degrees Fahrenheit, then the market resolves to Yes.",
          "rules_secondary": "Data for KIAH is available at https://weather.com/kalshi. A day's average temperature is the arithmetic mean of the hourly temperature values reported by The Weather Company for KIAH from 12:00 AM to 11:59 PM local time, rounded to the nearest whole degree. Data as published at the Expiration Time will be used; later revisions are disregarded.\n\nAn average of exactly 90 degrees Fahrenheit does not satisfy the condition. Only days within September 14, 2026 through September 20, 2026 may count toward a streak. A day with fewer than 18 reported hourly values does not satisfy the condition and breaks a streak.",
          "source_label": "TWC",
          "status": "active",
          "ticker": "KXAVGTKIAH-26SEP20-4",
          "title": "Will the average temperature in Houston be above 90\u00b0F for 4 or more consecutive days in the week of Sep 14, 2026?"
        }
      ]
    },
    {
      "ticker": "KXHMONTH",
      "title": "Hottest month instance",
      "frequency": "monthly",
      "tags": [
        "Climate change"
      ],
      "settlement_sources": [
        {
          "name": "NCEI",
          "url": "https://www.ncei.noaa.gov/access/monitoring/climate-at-a-glance/global/time-series"
        }
      ],
      "open_market_count": 1,
      "source_counts": {
        "OTHER_OR_UNSTATED": 1
      },
      "event_counts": {
        "KXHMONTH-26SEP": 1
      },
      "sample": [
        {
          "close_time": "2026-10-16T03:59:00Z",
          "event_ticker": "KXHMONTH-26SEP",
          "expected_expiration_time": "2026-10-08T14:00:00Z",
          "floor_strike": null,
          "rules_primary": "If Sep 2026 is the hottest September ever, then the market resolves to Yes.",
          "rules_secondary": "",
          "source_label": "OTHER_OR_UNSTATED",
          "status": "active",
          "ticker": "KXHMONTH-26SEP",
          "title": "Will  Sep 2026 be the hottest Sep ever?"
        }
      ]
    },
    {
      "ticker": "KXTEMPCHIHS",
      "title": "Hourly Directional Chicago Metro Temperature",
      "frequency": "hourly",
      "tags": [
        "Hourly temperature"
      ],
      "settlement_sources": [
        {
          "name": "Kalshi",
          "url": "https://kalshi.com"
        }
      ],
      "open_market_count": 10,
      "source_counts": {
        "SYNOPTIC+KALSHI_WEATHER_INDEX": 10
      },
      "event_counts": {
        "KXTEMPCHIHS-26SEP1920": 10
      },
      "sample": [
        {
          "close_time": "2026-09-20T00:00:00Z",
          "event_ticker": "KXTEMPCHIHS-26SEP1920",
          "expected_expiration_time": "2026-09-20T00:05:00Z",
          "floor_strike": 71.99,
          "rules_primary": "If the temperature recorded at Chicago Metro Area for Sep 19, 2026 at 8 PM EDT as reported by Synoptic Data, is above 71.99\u00b0, then the market resolves to Yes.",
          "rules_secondary": "The official final value for this market is determined strictly by the temperature reported by Synoptic Data, calculated in accordance with the Kalshi Weather Index Methodology. Alternative sources\u2014such as NWS Climatological Reports or Google Weather\u2014may serve as references, but are not authoritative and will not be used for market resolution.",
          "source_label": "SYNOPTIC+KALSHI_WEATHER_INDEX",
          "status": "active",
          "ticker": "KXTEMPCHIHS-26SEP1920-T71.99",
          "title": "Will the temp in Chicago Metro Area be above 71.99\u00b0 on Sep 19, 2026 at 8pm EDT?"
        },
        {
          "close_time": "2026-09-20T00:00:00Z",
          "event_ticker": "KXTEMPCHIHS-26SEP1920",
          "expected_expiration_time": "2026-09-20T00:05:00Z",
          "floor_strike": 70.99,
          "rules_primary": "If the temperature recorded at Chicago Metro Area for Sep 19, 2026 at 8 PM EDT as reported by Synoptic Data, is above 70.99\u00b0, then the market resolves to Yes.",
          "rules_secondary": "The official final value for this market is determined strictly by the temperature reported by Synoptic Data, calculated in accordance with the Kalshi Weather Index Methodology. Alternative sources\u2014such as NWS Climatological Reports or Google Weather\u2014may serve as references, but are not authoritative and will not be used for market resolution.",
          "source_label": "SYNOPTIC+KALSHI_WEATHER_INDEX",
          "status": "active",
          "ticker": "KXTEMPCHIHS-26SEP1920-T70.99",
          "title": "Will the temp in Chicago Metro Area be above 70.99\u00b0 on Sep 19, 2026 at 8pm EDT?"
        },
        {
          "close_time": "2026-09-20T00:00:00Z",
          "event_ticker": "KXTEMPCHIHS-26SEP1920",
          "expected_expiration_time": "2026-09-20T00:05:00Z",
          "floor_strike": 69.99,
          "rules_primary": "If the temperature recorded at Chicago Metro Area for Sep 19, 2026 at 8 PM EDT as reported by Synoptic Data, is above 69.99\u00b0, then the market resolves to Yes.",
          "rules_secondary": "The official final value for this market is determined strictly by the temperature reported by Synoptic Data, calculated in accordance with the Kalshi Weather Index Methodology. Alternative sources\u2014such as NWS Climatological Reports or Google Weather\u2014may serve as references, but are not authoritative and will not be used for market resolution.",
          "source_label": "SYNOPTIC+KALSHI_WEATHER_INDEX",
          "status": "active",
          "ticker": "KXTEMPCHIHS-26SEP1920-T69.99",
          "title": "Will the temp in Chicago Metro Area be above 69.99\u00b0 on Sep 19, 2026 at 8pm EDT?"
        }
      ]
    },
    {
      "ticker": "KXTEMPLAXHS",
      "title": "Hourly Directional Coastal LA Temperature",
      "frequency": "hourly",
      "tags": [
        "Hourly temperature"
      ],
      "settlement_sources": [
        {
          "name": "Synoptic Data",
          "url": "https://synopticdata.com/"
        }
      ],
      "open_market_count": 10,
      "source_counts": {
        "SYNOPTIC+KALSHI_WEATHER_INDEX": 10
      },
      "event_counts": {
        "KXTEMPLAXHS-26SEP1920": 10
      },
      "sample": [
        {
          "close_time": "2026-09-20T00:00:00Z",
          "event_ticker": "KXTEMPLAXHS-26SEP1920",
          "expected_expiration_time": "2026-09-20T00:05:00Z",
          "floor_strike": 78.99,
          "rules_primary": "If the temperature recorded at Coastal Los Angeles for Sep 19, 2026 at 8 PM EDT as reported by Synoptic Data, is above 78.99\u00b0, then the market resolves to Yes.",
          "rules_secondary": "The official final value for this market is determined strictly by the temperature reported by Synoptic Data, calculated in accordance with the Kalshi Weather Index Methodology. Alternative sources\u2014such as NWS Climatological Reports or Google Weather\u2014may serve as references, but are not authoritative and will not be used for market resolution.",
          "source_label": "SYNOPTIC+KALSHI_WEATHER_INDEX",
          "status": "active",
          "ticker": "KXTEMPLAXHS-26SEP1920-T78.99",
          "title": "Will the temp in Coastal Los Angeles be above 78.99\u00b0 on Sep 19, 2026 at 8pm EDT?"
        },
        {
          "close_time": "2026-09-20T00:00:00Z",
          "event_ticker": "KXTEMPLAXHS-26SEP1920",
          "expected_expiration_time": "2026-09-20T00:05:00Z",
          "floor_strike": 77.99,
          "rules_primary": "If the temperature recorded at Coastal Los Angeles for Sep 19, 2026 at 8 PM EDT as reported by Synoptic Data, is above 77.99\u00b0, then the market resolves to Yes.",
          "rules_secondary": "The official final value for this market is determined strictly by the temperature reported by Synoptic Data, calculated in accordance with the Kalshi Weather Index Methodology. Alternative sources\u2014such as NWS Climatological Reports or Google Weather\u2014may serve as references, but are not authoritative and will not be used for market resolution.",
          "source_label": "SYNOPTIC+KALSHI_WEATHER_INDEX",
          "status": "active",
          "ticker": "KXTEMPLAXHS-26SEP1920-T77.99",
          "title": "Will the temp in Coastal Los Angeles be above 77.99\u00b0 on Sep 19, 2026 at 8pm EDT?"
        },
        {
          "close_time": "2026-09-20T00:00:00Z",
          "event_ticker": "KXTEMPLAXHS-26SEP1920",
          "expected_expiration_time": "2026-09-20T00:05:00Z",
          "floor_strike": 76.99,
          "rules_primary": "If the temperature recorded at Coastal Los Angeles for Sep 19, 2026 at 8 PM EDT as reported by Synoptic Data, is above 76.99\u00b0, then the market resolves to Yes.",
          "rules_secondary": "The official final value for this market is determined strictly by the temperature reported by Synoptic Data, calculated in accordance with the Kalshi Weather Index Methodology. Alternative sources\u2014such as NWS Climatological Reports or Google Weather\u2014may serve as references, but are not authoritative and will not be used for market resolution.",
          "source_label": "SYNOPTIC+KALSHI_WEATHER_INDEX",
          "status": "active",
          "ticker": "KXTEMPLAXHS-26SEP1920-T76.99",
          "title": "Will the temp in Coastal Los Angeles be above 76.99\u00b0 on Sep 19, 2026 at 8pm EDT?"
        }
      ]
    },
    {
      "ticker": "KXTEMPMIAH",
      "title": "Hourly Directional Miami Temperature",
      "frequency": "hourly",
      "tags": [
        "Hourly temperature"
      ],
      "settlement_sources": [
        {
          "name": "Synoptic Data",
          "url": "https://synopticdata.com/"
        }
      ],
      "open_market_count": 10,
      "source_counts": {
        "SYNOPTIC+KALSHI_WEATHER_INDEX": 10
      },
      "event_counts": {
        "KXTEMPMIAH-26SEP1920": 10
      },
      "sample": [
        {
          "close_time": "2026-09-20T00:00:00Z",
          "event_ticker": "KXTEMPMIAH-26SEP1920",
          "expected_expiration_time": "2026-09-20T00:05:00Z",
          "floor_strike": 80.99,
          "rules_primary": "If the temperature recorded at Miami, FL for Sep 19, 2026 at 8 PM EDT as reported by Synoptic Data, is above 80.99\u00b0, then the market resolves to Yes.",
          "rules_secondary": "The official final value for this market is determined strictly by the temperature reported by Synoptic Data, calculated in accordance with the Kalshi Weather Index Methodology. Alternative sources\u2014such as NWS Climatological Reports or Google Weather\u2014may serve as references, but are not authoritative and will not be used for market resolution.",
          "source_label": "SYNOPTIC+KALSHI_WEATHER_INDEX",
          "status": "active",
          "ticker": "KXTEMPMIAH-26SEP1920-T80.99",
          "title": "Will the temp in Miami be above 80.99\u00b0 on Sep 19, 2026 at 8pm EDT?"
        },
        {
          "close_time": "2026-09-20T00:00:00Z",
          "event_ticker": "KXTEMPMIAH-26SEP1920",
          "expected_expiration_time": "2026-09-20T00:05:00Z",
          "floor_strike": 79.99,
          "rules_primary": "If the temperature recorded at Miami, FL for Sep 19, 2026 at 8 PM EDT as reported by Synoptic Data, is above 79.99\u00b0, then the market resolves to Yes.",
          "rules_secondary": "The official final value for this market is determined strictly by the temperature reported by Synoptic Data, calculated in accordance with the Kalshi Weather Index Methodology. Alternative sources\u2014such as NWS Climatological Reports or Google Weather\u2014may serve as references, but are not authoritative and will not be used for market resolution.",
          "source_label": "SYNOPTIC+KALSHI_WEATHER_INDEX",
          "status": "active",
          "ticker": "KXTEMPMIAH-26SEP1920-T79.99",
          "title": "Will the temp in Miami be above 79.99\u00b0 on Sep 19, 2026 at 8pm EDT?"
        },
        {
          "close_time": "2026-09-20T00:00:00Z",
          "event_ticker": "KXTEMPMIAH-26SEP1920",
          "expected_expiration_time": "2026-09-20T00:05:00Z",
          "floor_strike": 78.99,
          "rules_primary": "If the temperature recorded at Miami, FL for Sep 19, 2026 at 8 PM EDT as reported by Synoptic Data, is above 78.99\u00b0, then the market resolves to Yes.",
          "rules_secondary": "The official final value for this market is determined strictly by the temperature reported by Synoptic Data, calculated in accordance with the Kalshi Weather Index Methodology. Alternative sources\u2014such as NWS Climatological Reports or Google Weather\u2014may serve as references, but are not authoritative and will not be used for market resolution.",
          "source_label": "SYNOPTIC+KALSHI_WEATHER_INDEX",
          "status": "active",
          "ticker": "KXTEMPMIAH-26SEP1920-T78.99",
          "title": "Will the temp in Miami be above 78.99\u00b0 on Sep 19, 2026 at 8pm EDT?"
        }
      ]
    },
    {
      "ticker": "KXTEMPNYCHS",
      "title": "Hourly Directional NYC Temperature",
      "frequency": "hourly",
      "tags": [
        "Hourly temperature"
      ],
      "settlement_sources": [
        {
          "name": "Synoptic Data",
          "url": "https://synopticdata.com/"
        }
      ],
      "open_market_count": 10,
      "source_counts": {
        "SYNOPTIC+KALSHI_WEATHER_INDEX": 10
      },
      "event_counts": {
        "KXTEMPNYCHS-26SEP1920": 10
      },
      "sample": [
        {
          "close_time": "2026-09-20T00:00:00Z",
          "event_ticker": "KXTEMPNYCHS-26SEP1920",
          "expected_expiration_time": "2026-09-20T00:05:00Z",
          "floor_strike": 68.99,
          "rules_primary": "If the temperature recorded at New York City for Sep 19, 2026 at 8 PM EDT as reported by Synoptic Data, is above 68.99\u00b0, then the market resolves to Yes.",
          "rules_secondary": "The official final value for this market is determined strictly by the temperature reported by Synoptic Data, calculated in accordance with the Kalshi Weather Index Methodology. Alternative sources\u2014such as NWS Climatological Reports or Google Weather\u2014may serve as references, but are not authoritative and will not be used for market resolution.",
          "source_label": "SYNOPTIC+KALSHI_WEATHER_INDEX",
          "status": "active",
          "ticker": "KXTEMPNYCHS-26SEP1920-T68.99",
          "title": "Will the temp in New York City be above 68.99\u00b0 on Sep 19, 2026 at 8pm EDT?"
        },
        {
          "close_time": "2026-09-20T00:00:00Z",
          "event_ticker": "KXTEMPNYCHS-26SEP1920",
          "expected_expiration_time": "2026-09-20T00:05:00Z",
          "floor_strike": 67.99,
          "rules_primary": "If the temperature recorded at New York City for Sep 19, 2026 at 8 PM EDT as reported by Synoptic Data, is above 67.99\u00b0, then the market resolves to Yes.",
          "rules_secondary": "The official final value for this market is determined strictly by the temperature reported by Synoptic Data, calculated in accordance with the Kalshi Weather Index Methodology. Alternative sources\u2014such as NWS Climatological Reports or Google Weather\u2014may serve as references, but are not authoritative and will not be used for market resolution.",
          "source_label": "SYNOPTIC+KALSHI_WEATHER_INDEX",
          "status": "active",
          "ticker": "KXTEMPNYCHS-26SEP1920-T67.99",
          "title": "Will the temp in New York City be above 67.99\u00b0 on Sep 19, 2026 at 8pm EDT?"
        },
        {
          "close_time": "2026-09-20T00:00:00Z",
          "event_ticker": "KXTEMPNYCHS-26SEP1920",
          "expected_expiration_time": "2026-09-20T00:05:00Z",
          "floor_strike": 66.99,
          "rules_primary": "If the temperature recorded at New York City for Sep 19, 2026 at 8 PM EDT as reported by Synoptic Data, is above 66.99\u00b0, then the market resolves to Yes.",
          "rules_secondary": "The official final value for this market is determined strictly by the temperature reported by Synoptic Data, calculated in accordance with the Kalshi Weather Index Methodology. Alternative sources\u2014such as NWS Climatological Reports or Google Weather\u2014may serve as references, but are not authoritative and will not be used for market resolution.",
          "source_label": "SYNOPTIC+KALSHI_WEATHER_INDEX",
          "status": "active",
          "ticker": "KXTEMPNYCHS-26SEP1920-T66.99",
          "title": "Will the temp in New York City be above 66.99\u00b0 on Sep 19, 2026 at 8pm EDT?"
        }
      ]
    }
  ],
  "open_twc_candidates": [
    {
      "ticker": "KXAVGTKIAH",
      "title": "Average Weekly Temp in Houston (Bush) ",
      "frequency": "weekly",
      "tags": [
        "Heatwaves"
      ],
      "settlement_sources": [
        {
          "name": "The Weather Company",
          "url": "https://weather.com/kalshi"
        }
      ],
      "open_market_count": 5,
      "source_counts": {
        "TWC": 5
      },
      "event_counts": {
        "KXAVGTKIAH-26SEP20": 5
      },
      "sample": [
        {
          "close_time": "2026-09-21T03:59:59Z",
          "event_ticker": "KXAVGTKIAH-26SEP20",
          "expected_expiration_time": "2026-09-22T03:59:59Z",
          "floor_strike": 6,
          "rules_primary": "If there is at least 6 or more consecutive days within September 14, 2026 through September 20, 2026 on which the daily average temperature at KIAH in Houston is strictly greater than 90 degrees Fahrenheit, then the market resolves to Yes.",
          "rules_secondary": "Data for KIAH is available at https://weather.com/kalshi. A day's average temperature is the arithmetic mean of the hourly temperature values reported by The Weather Company for KIAH from 12:00 AM to 11:59 PM local time, rounded to the nearest whole degree. Data as published at the Expiration Time will be used; later revisions are disregarded.\n\nAn average of exactly 90 degrees Fahrenheit does not satisfy the condition. Only days within September 14, 2026 through September 20, 2026 may count toward a streak. A day with fewer than 18 reported hourly values does not satisfy the condition and breaks a streak.",
          "source_label": "TWC",
          "status": "active",
          "ticker": "KXAVGTKIAH-26SEP20-6",
          "title": "Will the average temperature in Houston be above 90\u00b0F for 6 or more consecutive days in the week of Sep 14, 2026?"
        },
        {
          "close_time": "2026-09-21T03:59:59Z",
          "event_ticker": "KXAVGTKIAH-26SEP20",
          "expected_expiration_time": "2026-09-22T03:59:59Z",
          "floor_strike": 5,
          "rules_primary": "If there is at least 5 or more consecutive days within September 14, 2026 through September 20, 2026 on which the daily average temperature at KIAH in Houston is strictly greater than 90 degrees Fahrenheit, then the market resolves to Yes.",
          "rules_secondary": "Data for KIAH is available at https://weather.com/kalshi. A day's average temperature is the arithmetic mean of the hourly temperature values reported by The Weather Company for KIAH from 12:00 AM to 11:59 PM local time, rounded to the nearest whole degree. Data as published at the Expiration Time will be used; later revisions are disregarded.\n\nAn average of exactly 90 degrees Fahrenheit does not satisfy the condition. Only days within September 14, 2026 through September 20, 2026 may count toward a streak. A day with fewer than 18 reported hourly values does not satisfy the condition and breaks a streak.",
          "source_label": "TWC",
          "status": "active",
          "ticker": "KXAVGTKIAH-26SEP20-5",
          "title": "Will the average temperature in Houston be above 90\u00b0F for 5 or more consecutive days in the week of Sep 14, 2026?"
        },
        {
          "close_time": "2026-09-21T03:59:59Z",
          "event_ticker": "KXAVGTKIAH-26SEP20",
          "expected_expiration_time": "2026-09-22T03:59:59Z",
          "floor_strike": 4,
          "rules_primary": "If there is at least 4 or more consecutive days within September 14, 2026 through September 20, 2026 on which the daily average temperature at KIAH in Houston is strictly greater than 90 degrees Fahrenheit, then the market resolves to Yes.",
          "rules_secondary": "Data for KIAH is available at https://weather.com/kalshi. A day's average temperature is the arithmetic mean of the hourly temperature values reported by The Weather Company for KIAH from 12:00 AM to 11:59 PM local time, rounded to the nearest whole degree. Data as published at the Expiration Time will be used; later revisions are disregarded.\n\nAn average of exactly 90 degrees Fahrenheit does not satisfy the condition. Only days within September 14, 2026 through September 20, 2026 may count toward a streak. A day with fewer than 18 reported hourly values does not satisfy the condition and breaks a streak.",
          "source_label": "TWC",
          "status": "active",
          "ticker": "KXAVGTKIAH-26SEP20-4",
          "title": "Will the average temperature in Houston be above 90\u00b0F for 4 or more consecutive days in the week of Sep 14, 2026?"
        }
      ]
    }
  ],
  "open_synoptic_candidates": [
    {
      "ticker": "KXTEMPCHIHS",
      "title": "Hourly Directional Chicago Metro Temperature",
      "frequency": "hourly",
      "tags": [
        "Hourly temperature"
      ],
      "settlement_sources": [
        {
          "name": "Kalshi",
          "url": "https://kalshi.com"
        }
      ],
      "open_market_count": 10,
      "source_counts": {
        "SYNOPTIC+KALSHI_WEATHER_INDEX": 10
      },
      "event_counts": {
        "KXTEMPCHIHS-26SEP1920": 10
      },
      "sample": [
        {
          "close_time": "2026-09-20T00:00:00Z",
          "event_ticker": "KXTEMPCHIHS-26SEP1920",
          "expected_expiration_time": "2026-09-20T00:05:00Z",
          "floor_strike": 71.99,
          "rules_primary": "If the temperature recorded at Chicago Metro Area for Sep 19, 2026 at 8 PM EDT as reported by Synoptic Data, is above 71.99\u00b0, then the market resolves to Yes.",
          "rules_secondary": "The official final value for this market is determined strictly by the temperature reported by Synoptic Data, calculated in accordance with the Kalshi Weather Index Methodology. Alternative sources\u2014such as NWS Climatological Reports or Google Weather\u2014may serve as references, but are not authoritative and will not be used for market resolution.",
          "source_label": "SYNOPTIC+KALSHI_WEATHER_INDEX",
          "status": "active",
          "ticker": "KXTEMPCHIHS-26SEP1920-T71.99",
          "title": "Will the temp in Chicago Metro Area be above 71.99\u00b0 on Sep 19, 2026 at 8pm EDT?"
        },
        {
          "close_time": "2026-09-20T00:00:00Z",
          "event_ticker": "KXTEMPCHIHS-26SEP1920",
          "expected_expiration_time": "2026-09-20T00:05:00Z",
          "floor_strike": 70.99,
          "rules_primary": "If the temperature recorded at Chicago Metro Area for Sep 19, 2026 at 8 PM EDT as reported by Synoptic Data, is above 70.99\u00b0, then the market resolves to Yes.",
          "rules_secondary": "The official final value for this market is determined strictly by the temperature reported by Synoptic Data, calculated in accordance with the Kalshi Weather Index Methodology. Alternative sources\u2014such as NWS Climatological Reports or Google Weather\u2014may serve as references, but are not authoritative and will not be used for market resolution.",
          "source_label": "SYNOPTIC+KALSHI_WEATHER_INDEX",
          "status": "active",
          "ticker": "KXTEMPCHIHS-26SEP1920-T70.99",
          "title": "Will the temp in Chicago Metro Area be above 70.99\u00b0 on Sep 19, 2026 at 8pm EDT?"
        },
        {
          "close_time": "2026-09-20T00:00:00Z",
          "event_ticker": "KXTEMPCHIHS-26SEP1920",
          "expected_expiration_time": "2026-09-20T00:05:00Z",
          "floor_strike": 69.99,
          "rules_primary": "If the temperature recorded at Chicago Metro Area for Sep 19, 2026 at 8 PM EDT as reported by Synoptic Data, is above 69.99\u00b0, then the market resolves to Yes.",
          "rules_secondary": "The official final value for this market is determined strictly by the temperature reported by Synoptic Data, calculated in accordance with the Kalshi Weather Index Methodology. Alternative sources\u2014such as NWS Climatological Reports or Google Weather\u2014may serve as references, but are not authoritative and will not be used for market resolution.",
          "source_label": "SYNOPTIC+KALSHI_WEATHER_INDEX",
          "status": "active",
          "ticker": "KXTEMPCHIHS-26SEP1920-T69.99",
          "title": "Will the temp in Chicago Metro Area be above 69.99\u00b0 on Sep 19, 2026 at 8pm EDT?"
        }
      ]
    },
    {
      "ticker": "KXTEMPLAXHS",
      "title": "Hourly Directional Coastal LA Temperature",
      "frequency": "hourly",
      "tags": [
        "Hourly temperature"
      ],
      "settlement_sources": [
        {
          "name": "Synoptic Data",
          "url": "https://synopticdata.com/"
        }
      ],
      "open_market_count": 10,
      "source_counts": {
        "SYNOPTIC+KALSHI_WEATHER_INDEX": 10
      },
      "event_counts": {
        "KXTEMPLAXHS-26SEP1920": 10
      },
      "sample": [
        {
          "close_time": "2026-09-20T00:00:00Z",
          "event_ticker": "KXTEMPLAXHS-26SEP1920",
          "expected_expiration_time": "2026-09-20T00:05:00Z",
          "floor_strike": 78.99,
          "rules_primary": "If the temperature recorded at Coastal Los Angeles for Sep 19, 2026 at 8 PM EDT as reported by Synoptic Data, is above 78.99\u00b0, then the market resolves to Yes.",
          "rules_secondary": "The official final value for this market is determined strictly by the temperature reported by Synoptic Data, calculated in accordance with the Kalshi Weather Index Methodology. Alternative sources\u2014such as NWS Climatological Reports or Google Weather\u2014may serve as references, but are not authoritative and will not be used for market resolution.",
          "source_label": "SYNOPTIC+KALSHI_WEATHER_INDEX",
          "status": "active",
          "ticker": "KXTEMPLAXHS-26SEP1920-T78.99",
          "title": "Will the temp in Coastal Los Angeles be above 78.99\u00b0 on Sep 19, 2026 at 8pm EDT?"
        },
        {
          "close_time": "2026-09-20T00:00:00Z",
          "event_ticker": "KXTEMPLAXHS-26SEP1920",
          "expected_expiration_time": "2026-09-20T00:05:00Z",
          "floor_strike": 77.99,
          "rules_primary": "If the temperature recorded at Coastal Los Angeles for Sep 19, 2026 at 8 PM EDT as reported by Synoptic Data, is above 77.99\u00b0, then the market resolves to Yes.",
          "rules_secondary": "The official final value for this market is determined strictly by the temperature reported by Synoptic Data, calculated in accordance with the Kalshi Weather Index Methodology. Alternative sources\u2014such as NWS Climatological Reports or Google Weather\u2014may serve as references, but are not authoritative and will not be used for market resolution.",
          "source_label": "SYNOPTIC+KALSHI_WEATHER_INDEX",
          "status": "active",
          "ticker": "KXTEMPLAXHS-26SEP1920-T77.99",
          "title": "Will the temp in Coastal Los Angeles be above 77.99\u00b0 on Sep 19, 2026 at 8pm EDT?"
        },
        {
          "close_time": "2026-09-20T00:00:00Z",
          "event_ticker": "KXTEMPLAXHS-26SEP1920",
          "expected_expiration_time": "2026-09-20T00:05:00Z",
          "floor_strike": 76.99,
          "rules_primary": "If the temperature recorded at Coastal Los Angeles for Sep 19, 2026 at 8 PM EDT as reported by Synoptic Data, is above 76.99\u00b0, then the market resolves to Yes.",
          "rules_secondary": "The official final value for this market is determined strictly by the temperature reported by Synoptic Data, calculated in accordance with the Kalshi Weather Index Methodology. Alternative sources\u2014such as NWS Climatological Reports or Google Weather\u2014may serve as references, but are not authoritative and will not be used for market resolution.",
          "source_label": "SYNOPTIC+KALSHI_WEATHER_INDEX",
          "status": "active",
          "ticker": "KXTEMPLAXHS-26SEP1920-T76.99",
          "title": "Will the temp in Coastal Los Angeles be above 76.99\u00b0 on Sep 19, 2026 at 8pm EDT?"
        }
      ]
    },
    {
      "ticker": "KXTEMPMIAH",
      "title": "Hourly Directional Miami Temperature",
      "frequency": "hourly",
      "tags": [
        "Hourly temperature"
      ],
      "settlement_sources": [
        {
          "name": "Synoptic Data",
          "url": "https://synopticdata.com/"
        }
      ],
      "open_market_count": 10,
      "source_counts": {
        "SYNOPTIC+KALSHI_WEATHER_INDEX": 10
      },
      "event_counts": {
        "KXTEMPMIAH-26SEP1920": 10
      },
      "sample": [
        {
          "close_time": "2026-09-20T00:00:00Z",
          "event_ticker": "KXTEMPMIAH-26SEP1920",
          "expected_expiration_time": "2026-09-20T00:05:00Z",
          "floor_strike": 80.99,
          "rules_primary": "If the temperature recorded at Miami, FL for Sep 19, 2026 at 8 PM EDT as reported by Synoptic Data, is above 80.99\u00b0, then the market resolves to Yes.",
          "rules_secondary": "The official final value for this market is determined strictly by the temperature reported by Synoptic Data, calculated in accordance with the Kalshi Weather Index Methodology. Alternative sources\u2014such as NWS Climatological Reports or Google Weather\u2014may serve as references, but are not authoritative and will not be used for market resolution.",
          "source_label": "SYNOPTIC+KALSHI_WEATHER_INDEX",
          "status": "active",
          "ticker": "KXTEMPMIAH-26SEP1920-T80.99",
          "title": "Will the temp in Miami be above 80.99\u00b0 on Sep 19, 2026 at 8pm EDT?"
        },
        {
          "close_time": "2026-09-20T00:00:00Z",
          "event_ticker": "KXTEMPMIAH-26SEP1920",
          "expected_expiration_time": "2026-09-20T00:05:00Z",
          "floor_strike": 79.99,
          "rules_primary": "If the temperature recorded at Miami, FL for Sep 19, 2026 at 8 PM EDT as reported by Synoptic Data, is above 79.99\u00b0, then the market resolves to Yes.",
          "rules_secondary": "The official final value for this market is determined strictly by the temperature reported by Synoptic Data, calculated in accordance with the Kalshi Weather Index Methodology. Alternative sources\u2014such as NWS Climatological Reports or Google Weather\u2014may serve as references, but are not authoritative and will not be used for market resolution.",
          "source_label": "SYNOPTIC+KALSHI_WEATHER_INDEX",
          "status": "active",
          "ticker": "KXTEMPMIAH-26SEP1920-T79.99",
          "title": "Will the temp in Miami be above 79.99\u00b0 on Sep 19, 2026 at 8pm EDT?"
        },
        {
          "close_time": "2026-09-20T00:00:00Z",
          "event_ticker": "KXTEMPMIAH-26SEP1920",
          "expected_expiration_time": "2026-09-20T00:05:00Z",
          "floor_strike": 78.99,
          "rules_primary": "If the temperature recorded at Miami, FL for Sep 19, 2026 at 8 PM EDT as reported by Synoptic Data, is above 78.99\u00b0, then the market resolves to Yes.",
          "rules_secondary": "The official final value for this market is determined strictly by the temperature reported by Synoptic Data, calculated in accordance with the Kalshi Weather Index Methodology. Alternative sources\u2014such as NWS Climatological Reports or Google Weather\u2014may serve as references, but are not authoritative and will not be used for market resolution.",
          "source_label": "SYNOPTIC+KALSHI_WEATHER_INDEX",
          "status": "active",
          "ticker": "KXTEMPMIAH-26SEP1920-T78.99",
          "title": "Will the temp in Miami be above 78.99\u00b0 on Sep 19, 2026 at 8pm EDT?"
        }
      ]
    },
    {
      "ticker": "KXTEMPNYCHS",
      "title": "Hourly Directional NYC Temperature",
      "frequency": "hourly",
      "tags": [
        "Hourly temperature"
      ],
      "settlement_sources": [
        {
          "name": "Synoptic Data",
          "url": "https://synopticdata.com/"
        }
      ],
      "open_market_count": 10,
      "source_counts": {
        "SYNOPTIC+KALSHI_WEATHER_INDEX": 10
      },
      "event_counts": {
        "KXTEMPNYCHS-26SEP1920": 10
      },
      "sample": [
        {
          "close_time": "2026-09-20T00:00:00Z",
          "event_ticker": "KXTEMPNYCHS-26SEP1920",
          "expected_expiration_time": "2026-09-20T00:05:00Z",
          "floor_strike": 68.99,
          "rules_primary": "If the temperature recorded at New York City for Sep 19, 2026 at 8 PM EDT as reported by Synoptic Data, is above 68.99\u00b0, then the market resolves to Yes.",
          "rules_secondary": "The official final value for this market is determined strictly by the temperature reported by Synoptic Data, calculated in accordance with the Kalshi Weather Index Methodology. Alternative sources\u2014such as NWS Climatological Reports or Google Weather\u2014may serve as references, but are not authoritative and will not be used for market resolution.",
          "source_label": "SYNOPTIC+KALSHI_WEATHER_INDEX",
          "status": "active",
          "ticker": "KXTEMPNYCHS-26SEP1920-T68.99",
          "title": "Will the temp in New York City be above 68.99\u00b0 on Sep 19, 2026 at 8pm EDT?"
        },
        {
          "close_time": "2026-09-20T00:00:00Z",
          "event_ticker": "KXTEMPNYCHS-26SEP1920",
          "expected_expiration_time": "2026-09-20T00:05:00Z",
          "floor_strike": 67.99,
          "rules_primary": "If the temperature recorded at New York City for Sep 19, 2026 at 8 PM EDT as reported by Synoptic Data, is above 67.99\u00b0, then the market resolves to Yes.",
          "rules_secondary": "The official final value for this market is determined strictly by the temperature reported by Synoptic Data, calculated in accordance with the Kalshi Weather Index Methodology. Alternative sources\u2014such as NWS Climatological Reports or Google Weather\u2014may serve as references, but are not authoritative and will not be used for market resolution.",
          "source_label": "SYNOPTIC+KALSHI_WEATHER_INDEX",
          "status": "active",
          "ticker": "KXTEMPNYCHS-26SEP1920-T67.99",
          "title": "Will the temp in New York City be above 67.99\u00b0 on Sep 19, 2026 at 8pm EDT?"
        },
        {
          "close_time": "2026-09-20T00:00:00Z",
          "event_ticker": "KXTEMPNYCHS-26SEP1920",
          "expected_expiration_time": "2026-09-20T00:05:00Z",
          "floor_strike": 66.99,
          "rules_primary": "If the temperature recorded at New York City for Sep 19, 2026 at 8 PM EDT as reported by Synoptic Data, is above 66.99\u00b0, then the market resolves to Yes.",
          "rules_secondary": "The official final value for this market is determined strictly by the temperature reported by Synoptic Data, calculated in accordance with the Kalshi Weather Index Methodology. Alternative sources\u2014such as NWS Climatological Reports or Google Weather\u2014may serve as references, but are not authoritative and will not be used for market resolution.",
          "source_label": "SYNOPTIC+KALSHI_WEATHER_INDEX",
          "status": "active",
          "ticker": "KXTEMPNYCHS-26SEP1920-T66.99",
          "title": "Will the temp in New York City be above 66.99\u00b0 on Sep 19, 2026 at 8pm EDT?"
        }
      ]
    }
  ],
  "guard": "E213 candidate generation was overbroad because ticker suffix H was not sufficient to identify hourly temperature series."
}
