PROTOCOL_ID KWI-FULL-STATION-PRECANONICAL-24H-V1
CUTOFF 2026-09-20T02:39:35.684848+00:00
WINDOW_END 2026-09-21T02:39:35.684848+00:00
MANIFEST_COUNT 1424
SCORABLE_PROSPECTIVE_PAIRS 1377
OPEN_ELIGIBLE_PAIRS 16
EXCLUDED_PRE_CUTOFF 489
EXCLUDED_STATION_COUNT 828
EXCLUDED_MISSING_BASELINE 0
OVERALL_N 1377
OVERALL_PRIMARY_MAE 0.0013507625272343071
OVERALL_BASELINE_MAE 0.10912127814088589
OVERALL_PRIMARY_RMSE 0.008941835774339359
OVERALL_BASELINE_RMSE 0.22128724879181433
CITY chicago N 24 PRIMARY_MAE 0.013333333333333938 BASELINE_MAE 0.04666666666666656 LEAD_MEAN 174.99663773179054
CITY miami N 692 PRIMARY_MAE 1.1500113642360003e-15 BASELINE_MAE 0.14446531791907505 LEAD_MEAN 148.8650878392203
CITY nyc N 661 PRIMARY_MAE 0.0023298033282917255 BASELINE_MAE 0.07438729198184563 LEAD_MEAN 147.57784238849933
QUALIFIED_CITY_COUNT 2
WINDOW_FINISHED True
SURVIVAL_EVALUABLE True
SURVIVAL_PASS True
INTERPRETATION PROSPECTIVE_CHECKPOINT_ONLY_NO_MARKET_EDGE_NO_PHASE_PROMOTION
PATH /home/leonh/.local/state/prediction-research/analysis/kwi_full_station_checkpoints/20260921T075352Z-kwi-full-station-checkpoint.json
KWI_FULL_STATION_CHECKPOINT_PASS
