ARCHIVED_TRADE_ROWS 100
YES_TOKEN_TRADE_ROWS 84
OLDEST_YES_TRADE_UTC 2026-09-15T10:50:28+00:00
LATEST_YES_TRADE_UTC 2026-09-19T01:32:55+00:00
OBSERVED_SPAN_HOURS 86.7075
MARKET 950852
MAKER_BID 0.2
QUEUE_AHEAD 158.07
YES_TRADE_COUNT 31
YES_TOTAL_VOLUME 492.80762000000004
EXACT_BID_TRADE_COUNT 25
EXACT_BID_VOLUME 383.8
EXACT_BID_SELL_VOLUME 0
NEAR_BID_TRADE_COUNT 27
NEAR_BID_VOLUME 438.55762000000004
QUEUE_TO_EXACT_VOLUME_RATIO 0.4118551328817092
QUEUE_TO_EXACT_SELL_RATIO INF
---
MARKET 950853
MAKER_BID 0.21
QUEUE_AHEAD 81.06
YES_TRADE_COUNT 24
YES_TOTAL_VOLUME 198.33333399999998
EXACT_BID_TRADE_COUNT 0
EXACT_BID_VOLUME 0
EXACT_BID_SELL_VOLUME 0
NEAR_BID_TRADE_COUNT 23
NEAR_BID_VOLUME 115.0
QUEUE_TO_EXACT_VOLUME_RATIO INF
QUEUE_TO_EXACT_SELL_RATIO INF
---
MARKET 950854
MAKER_BID 0.54
QUEUE_AHEAD 70.0
YES_TRADE_COUNT 29
YES_TOTAL_VOLUME 334.501819
EXACT_BID_TRADE_COUNT 27
EXACT_BID_VOLUME 306.8
EXACT_BID_SELL_VOLUME 64.8
NEAR_BID_TRADE_COUNT 29
NEAR_BID_VOLUME 334.501819
QUEUE_TO_EXACT_VOLUME_RATIO 0.22816166883963493
QUEUE_TO_EXACT_SELL_RATIO 1.080246913580247
---
INTERPRETATION HISTORICAL_FEASIBILITY_ONLY_NOT_VALIDATION
ASSET_QUEUE_FEASIBILITY_PASS
