PRISON_STATEWISE_PROOF_PASS
STATE_COUNT 4
IDENTITY 691980
QUESTION Will Jack Doherty be sentenced to no prison time?
SYNTH_ASK 0.18400000000000002
DIRECT_NO_BID 0.028
GROSS_A -0.15600000000000003
SIZE_A 7.27
FEES_A 0.07208
NET_A -1.2062000000000002
SYNTH_BID 0.039
DIRECT_NO_ASK 0.112
GROSS_B -0.07300000000000001
SIZE_B 23.7
FEES_B 0.16344
NET_B -1.8935400000000002
IDENTITY 691981
QUESTION Will Jack Doherty be sentenced to less than 2 years in prison?
SYNTH_ASK 1.062
DIRECT_NO_BID 0.906
GROSS_A -0.15600000000000003
SIZE_A 7.27
FEES_A 0.07208
NET_A -1.2062000000000002
SYNTH_BID 0.91
DIRECT_NO_ASK 0.983
GROSS_B -0.07299999999999995
SIZE_B 23.7
FEES_B 0.16344000000000003
NET_B -1.893539999999999
IDENTITY 691982
QUESTION Will Jack Doherty be sentenced to 2 to 5 years in prison?
SYNTH_ASK 1.106
DIRECT_NO_BID 0.95
GROSS_A -0.15600000000000014
SIZE_A 7.27
FEES_A 0.07208
NET_A -1.2062000000000008
SYNTH_BID 0.916
DIRECT_NO_ASK 0.989
GROSS_B -0.07299999999999995
SIZE_B 23.7
FEES_B 0.16344000000000003
NET_B -1.893539999999999
IDENTITY 691983
QUESTION Will Jack Doherty be sentenced to at least 5 years in prison?
SYNTH_ASK 1.116
DIRECT_NO_BID 0.96
GROSS_A -0.15600000000000014
SIZE_A 7.27
FEES_A 0.07208
NET_A -1.2062000000000008
SYNTH_BID 0.916
DIRECT_NO_ASK 0.989
GROSS_B -0.07299999999999995
SIZE_B 23.7
FEES_B 0.16344000000000003
NET_B -1.893539999999999
GROSS_POSITIVE_A 0
GROSS_POSITIVE_B 0
BEST_GROSS_A -0.15600000000000003
BEST_GROSS_B -0.07299999999999995
BEST_NET_A -1.2062000000000002
BEST_NET_B -1.893539999999999
RESULT NO_GROSS_CROSS_REPRESENTATION_EDGE
PRISON_IDENTITY_TEST_PASS
