Traceback (most recent call last):
  File "/home/leonh/prediction_research/control/jobs/scan_neg_risk_identities_e292.py", line 80, in <module>
    with urlopen(req, timeout=30) as r:
         ^^^^^^^^^^^^^^^^^^^^^^^^
  File "/usr/lib/python3.12/urllib/request.py", line 215, in urlopen
    return opener.open(url, data, timeout)
           ^^^^^^^^^^^^^^^^^^^^^^^^^^^^^^^
  File "/usr/lib/python3.12/urllib/request.py", line 521, in open
    response = meth(req, response)
               ^^^^^^^^^^^^^^^^^^^
  File "/usr/lib/python3.12/urllib/request.py", line 630, in http_response
    response = self.parent.error(
               ^^^^^^^^^^^^^^^^^^
  File "/usr/lib/python3.12/urllib/request.py", line 559, in error
    return self._call_chain(*args)
           ^^^^^^^^^^^^^^^^^^^^^^^
  File "/usr/lib/python3.12/urllib/request.py", line 492, in _call_chain
    result = func(*args)
             ^^^^^^^^^^^
  File "/usr/lib/python3.12/urllib/request.py", line 639, in http_error_default
    raise HTTPError(req.full_url, code, msg, hdrs, fp)
urllib.error.HTTPError: HTTP Error 400: Bad Request

During handling of the above exception, another exception occurred:

Traceback (most recent call last):
  File "/home/leonh/prediction_research/control/jobs/scan_neg_risk_identities_e292.py", line 83, in <module>
    results.append({'event_id':event,'title':event,'status':'BOOK_FETCH_FAILED','error':type(exc).name})
                                                                                        ^^^^^^^^^^^^^^
AttributeError: type object 'HTTPError' has no attribute 'name'
