OFFSET 1400
STATUS 200
BODY_PREFIX [{"id":"311086","ticker":"tori-finance-fdv-above-one-day-after-launch","slug":"tori-finance-fdv-above-one-day-after-launch","title":"Tori Finance FDV above ___ one day after launch?","description":"This market will resolve to \"Yes\" if the Fully Diluted Valuation of Tori's token is greater than the value specified in the title 1 day after launch. Otherwise, the market will resolve to \"No.\"\n\nOnly an official token launched by Tori will qualify. Stablecoins, memecoins, LSTs and synthetic tokens will not count.\n\nThe token must be actively and publicly tradable to be considered a launch.\n\nThe FDV will be determined using the total token supply multiplied by the token price.\n\n\"1 day after launch\" is defined as 4:00 PM ET on the calendar day following launch. The resolution source for this market is the most liquid price source available. If Tori (https://x.com/tori_finance) doesn't launch a token by December 31, 2027, 11:59 PM ET, this market will resolve to \"No\".","resolutionSource":"","startDate":"2026-03-26T19:07:28.766882Z","creationDate":"2026-03-26T19:10:41.264809Z","endDate":"2028-01-01T05:00:00Z","image":"https://polymarket-upload.s3.us-east-2.amazonaws.com/tori-f
---
OFFSET 1499
STATUS 200
BODY_PREFIX [{"id":"375469","ticker":"will-apple-stop-selling-macbook-neo","slug":"will-apple-stop-selling-macbook-neo","title":"Will Apple stop selling MacBook Neo?","description":"This market will resolve to \"Yes\" if the MacBook Neo is no longer available for purchase from Apple by the public by December 31, 2026, 11:59PM ET. Otherwise, this market will resolve to \"No\".\n\nAnnouncements from Apple indicating intent to stop offering the MacBook Neo for purchase by the general public on a specific date will qualify for an immediate \"Yes\" resolution, regardless of whether the announced date is within this market's timeframe. Announcements that do not indicate a specific date, or which are contingent on future events will not qualify.\n\nThe resolution source for this market will be statements from Apple or a consensus of credible reporting.","resolutionSource":"","startDate":"2026-04-13T21:29:55.61Z","creationDate":"2026-04-13T21:36:16.782037Z","endDate":"2027-01-01T04:59:00Z","image":"https://polymarket-upload.s3.us-east-2.amazonaws.com/will-apple-stop-selling-macbook-neo-FhHkxEC7kIVI.jpg","icon":"https://polymarket-upload.s3.us-east-2.amazonaws.com/will-apple-stop-selling-macbook-neo-Fh
---
OFFSET 1500
STATUS 200
BODY_PREFIX [{"id":"375575","ticker":"cs2-vsc-crash-2026-04-14","slug":"cs2-vsc-crash-2026-04-14","title":"Counter-Strike: Vasco Esports vs Crashers (BO3) - CCT South America Challengers #1 Playoffs","description":"This market refers to the Counter-Strike Upper bracket quarterfinal 4 match between Vasco Esports and Crashers in the CCT South America Challengers #1 Playoffs, initially scheduled for April 14 at 7:45PM ET.\n\nThis market will resolve to \"Vasco Esports\" if Vasco Esports win the match against Crashers.\n\nThis market will resolve to \"Crashers\" if Crashers win the match against Vasco Esports.\n\nIf the match is canceled (not played at all), ends in a tie, or is delayed beyond 7 days from the scheduled date without a winner determined, this market will resolve to 50-50. \n\nIf the match begins but is not completed, and one team wins due to the opponent's forfeiture, disqualification, or walkover, this market will resolve to the team who wins. \n\nIf the match ends in a forfeit, disqualification, or walkover (team withdraws before the start and the other wins automatically), this market will resolve to 50-50. \n\nThe resolution source for this market will be official information fr
---
OFFSET 1501
STATUS 200
BODY_PREFIX [{"id":"375975","ticker":"will-russia-capture-dovha-balka-by","slug":"will-russia-capture-dovha-balka-by","title":"Will Russia capture Dovha Balka by...?","description":"This market will resolve to “Yes” if, according to the ISW map, Russia captures the intersection Tsentralna volytsia x Peremohy volytsia at 48.492703° N, 37.607318° E in Dovha Balka, Donetsk Oblast, by the specified date 11:59 PM ET.\n\nThe intersection will be considered captured if any part of the intersection is shaded red on the ISW map (https://storymaps.arcgis.com/stories/36a7f6a6f5a9448496de641cf64bd375) by the resolution date. If the area is not shaded red by the specified date, the market will resolve to “No”.\n\nFor any change on the ISW map to qualify for this market’s resolution, the relevant shading indicating Russian control must persist through the next full ISW daily update cycle. If ISW skips a day, shading must persist until the next finalized ISW update is published, regardless of the date. Any continuous shading which reflects either “Assessed Russian Control”, “Assessed Russian Advance In Ukraine”, or “Assessed Russian Gains in the Past 24 Hours” will qualify. “Assesse
---
OFFSET 1600
STATUS 200
BODY_PREFIX [{"id":"403483","ticker":"crint-thu-kok-2026-04-22-team-top-batter","slug":"crint-thu-kok-2026-04-22-team-top-batter","title":"T20 BIFA Cup, Women: Thunder Xi vs Kokrajhar - Team Top Batter","description":"This market refers to which team's player records the highest individual run total in the cricket match between Thunder Xi and Kokrajhar scheduled for 2026-04-22 in T20 BIFA Cup, Women.\nThe outcome corresponding to Thunder Xi will be considered correct if the highest individual score in the match is recorded exclusively by a player from Thunder Xi.\nThe outcome corresponding to Kokrajhar will be considered correct if the highest individual score is recorded exclusively by a player from Kokrajhar.\nIf the highest individual score is shared by at least one player from each team, the market will resolve to Draw.\nThe market will resolve according to which team's player records the highest individual run total regardless of if the match is not competed (e.g. Due to weather conditions).\nDLS/DRS adjustments and any other on-field rulings affecting batting statistics are treated as ordinary data.\nIf the match is permanently canceled, abandoned, or otherwise completed without official
---
GAMMA_OFFSET_BOUNDARY_DIAG_PASS
