MARKET 916715 Will less than 5 SpaceX Starship launches successfully reach Space in 2026?
SIDE YES COMPLETE BIDS 19 ASKS 18 BID 0.4 ASK 0.67
SIDE NO COMPLETE BIDS 18 ASKS 19 BID 0.33 ASK 0.6
MARKET 916716 Will 5-6 SpaceX Starship launches successfully reach Space in 2026?
SIDE YES COMPLETE BIDS 7 ASKS 23 BID 0.4 ASK 0.49
SIDE NO COMPLETE BIDS 23 ASKS 7 BID 0.51 ASK 0.6
MARKET 916717 Will 7-8 SpaceX Starship launches successfully reach Space in 2026?
SIDE YES COMPLETE BIDS 11 ASKS 29 BID 0.012 ASK 0.053
SIDE NO COMPLETE BIDS 29 ASKS 11 BID 0.947 ASK 0.988
MARKET 916718 Will 9-10 SpaceX Starship launches successfully reach Space in 2026?
SIDE YES COMPLETE BIDS 1 ASKS 23 BID 0.001 ASK 0.002
SIDE NO COMPLETE BIDS 23 ASKS 1 BID 0.998 ASK 0.999
MARKET 916719 Will 11-12 SpaceX Starship launches successfully reach Space in 2026?
SIDE YES COMPLETE BIDS 6 ASKS 36 BID 0.007 ASK 0.016
SIDE NO COMPLETE BIDS 36 ASKS 6 BID 0.984 ASK 0.993
MARKET 916720 Will 13-14 SpaceX Starship launches successfully reach Space in 2026?
SIDE YES ONE_SIDED BIDS 0 ASKS 19
SIDE NO ONE_SIDED BIDS 19 ASKS 0
MARKET 916721 Will 15-16 SpaceX Starship launches successfully reach Space in 2026?
SIDE YES ONE_SIDED BIDS 0 ASKS 25
SIDE NO ONE_SIDED BIDS 25 ASKS 0
MARKET 916722 Will more than 16 SpaceX Starship launches successfully reach Space in 2026?
SIDE YES COMPLETE BIDS 5 ASKS 24 BID 0.005 ASK 0.022
SIDE NO COMPLETE BIDS 24 ASKS 5 BID 0.978 ASK 0.995
REQUESTED_BOOKS 16
RETURNED_BOOKS 16
COMPLETE_SIDES 12
MISSING_SIDES 0
ONE_SIDED_SIDES 4
PATH /home/leonh/prediction_research/knowledge/raw/market_data/polymarket_neg_risk_partial/20260920T013454Z102763.json
STARSHIP_BOOK_INSPECTION_PASS
