NEG_RISK_MANIFEST_PASS
EVENTS_SEEN 1000
RAW_ROWS_SCANNED 1000
ELIGIBLE_GROUPS 60
GROUP 133792 6 How many Democratic House Incumbents will not win their Primary?
GROUP 133793 6 How many Republican House Incumbents will not win their Primary? 
GROUP 134977 7 How many 7.0 or above earthquakes in 2026?
GROUP 135338 6 How many large volcano eruptions (VEI ≥4) in 2026?
GROUP 137182 8 Canada Annual Inflation 2026
GROUP 141230 5 Maduro Prison Time?
GROUP 145689 8 Perplexity IPO Closing Market Cap
GROUP 147587 9 U.K. Annual Inflation 2026
GROUP 147795 9 Eurozone Annual Inflation 2026
GROUP 147974 7 United Russia seats in the next Russian legislative election?
GROUP 148015 6 What will S&P 500 (SPX) close at end of 2026?
GROUP 149845 7 How many albums will reach Billboard #1 in 2026?
GROUP 149882 7 How many SpaceX launches in 2026?
GROUP 150178 9 China Annual Inflation 2026
GROUP 150199 7 Argentina Annual Inflation 2026
PATH /home/leonh/prediction_research/knowledge/raw/market_data/polymarket_neg_risk_manifests/20260920T024616Z.json
