PROTOCOL_ID KWI-FULL-STATION-PRECANONICAL-24H-V1
CUTOFF 2026-09-20T02:39:35.684848+00:00
WINDOW_END 2026-09-21T02:39:35.684848+00:00
MANIFEST_COUNT 198
SCORABLE_PROSPECTIVE_PAIRS 0
OPEN_ELIGIBLE_PAIRS 4
EXCLUDED_PRE_CUTOFF 489
EXCLUDED_STATION_COUNT 2
EXCLUDED_MISSING_BASELINE 0
OVERALL_N 0
OVERALL_PRIMARY_MAE None
OVERALL_BASELINE_MAE None
OVERALL_PRIMARY_RMSE None
OVERALL_BASELINE_RMSE None
CITY chicago N 0 PRIMARY_MAE None BASELINE_MAE None LEAD_MEAN None
CITY miami N 0 PRIMARY_MAE None BASELINE_MAE None LEAD_MEAN None
CITY nyc N 0 PRIMARY_MAE None BASELINE_MAE None LEAD_MEAN None
QUALIFIED_CITY_COUNT 0
WINDOW_FINISHED False
SURVIVAL_EVALUABLE False
SURVIVAL_PASS None
INTERPRETATION PROSPECTIVE_CHECKPOINT_ONLY_NO_MARKET_EDGE_NO_PHASE_PROMOTION
PATH /home/leonh/.local/state/prediction-research/analysis/kwi_full_station_checkpoints/20260920T024141Z-kwi-full-station-checkpoint.json
KWI_FULL_STATION_CHECKPOINT_PASS
KWI_FULL_STATION_EVALUATOR_RC 0
KWI_FULL_STATION_HOURLY_PASS
KWI_HOURLY_HOOK_PATCHED
KWI_HOOK_SMOKE_RC 0
KWI_HOURLY_HOOK_INSTALL_PASS
