E439_EVENTS 2500
SCREEN_CANDIDATE_GROUPS 1163
UNIQUE_YES_TOKENS 3705
BATCH 1 TOKENS 200 BOOKS 200 SHA 4dada82128751257b5fecf3134aec91c5a7bb2e4512522a2e80a3048f2701535
BATCH 2 TOKENS 200 BOOKS 199 SHA 7040d895f341292876e5af60e2b65e33697e8aa62fbb1212594a0030a981f121
BATCH 3 TOKENS 200 BOOKS 198 SHA 1c2669825835acdd35133b86d4e7eaec005149857f6f500dc83926fe2d74b59d
BATCH 4 TOKENS 200 BOOKS 200 SHA 7acd460f342b8142da5a3c4e82c5c0607deb6564fc6c3b28572063dea66ea04e
BATCH 5 TOKENS 200 BOOKS 200 SHA 919e1affc55d2fb45d055798040fad2a218add032a4e317599d8e5c89c7f962e
BATCH 6 TOKENS 200 BOOKS 199 SHA 72ea8d02e5d84d6decf34e7d7a6683a061e13c87289ccea5d3a87544ee05e7b7
BATCH 7 TOKENS 200 BOOKS 198 SHA 5bd6250ec4af4ce14a0302f9f9e151903a8a96809e506cb2da47321d13d0000d
BATCH 8 TOKENS 200 BOOKS 200 SHA 98aaefb75ec69e41588388965ede04792b13e485fe1ca36bc013482b6f0be381
BATCH 9 TOKENS 200 BOOKS 200 SHA 4cdc54f9a2e69dce89e3593ddea37c0cc0a4fd0d260243cab73b325da7eb0de3
BATCH 10 TOKENS 200 BOOKS 200 SHA b9ba3af6793462e4f04f8b214d71a8c118a5c1312c04b62a89ab67879ad52cf9
BATCH 11 TOKENS 200 BOOKS 199 SHA 94c69afa4dc7b1e8e2642c9b08e0a0a5e9ce1066456f29bede3b71c83e6d04c6
BATCH 12 TOKENS 200 BOOKS 200 SHA 455e69caf103476e7124dedafd761e86a65fdba5815e08647c817464b998e962
BATCH 13 TOKENS 200 BOOKS 200 SHA c9b037452e41e4635717083a1cfc165562b9c09598af7d5d06147c2fdd81e0c3
BATCH 14 TOKENS 200 BOOKS 200 SHA d491058aa97d92c1a6fb86d904e343e502e8d2ee97a3bd7193ee19e9344f4834
BATCH 15 TOKENS 200 BOOKS 200 SHA b9e87790b8a5c3773f4832dcc8f3fb383cd27f4553b00055fa4d0a5443127fab
BATCH 16 TOKENS 200 BOOKS 200 SHA 1a926e0a450d02a66297cf315cb30623e8bc300c8da8decd6615a140cc41d630
BATCH 17 TOKENS 200 BOOKS 200 SHA 5c5fec6bc477ff2e75d8776abee23a2c9bfdf613eaab0aa8c4052f1a8e99ff26
BATCH 18 TOKENS 200 BOOKS 169 SHA e0bc67db893d3b52dc6a1757c38bbf7529960561c2e1ace868a44e786a0d4f4b
BATCH 19 TOKENS 105 BOOKS 105 SHA 53d0ab02d0b22f760395276fd5b5be79319964fc3a9f033700c2078bd6a34f07
BOOK_BATCHES 19
FETCH_FAILURES 0
PRICED_GROUPS 900
MISSING_BOOK_GROUPS 263
UNKNOWN_FEE_GROUPS 0
STATEWISE_POSITIVE_COUNT 1
RESULT 995361 MARKETS 6 ASK_SUM 0.955 COMMON_SIZE 186.7 MIN_PROFIT 0.9857857142857256 MAX_PROFIT 5.414299999999997 MIN_ROI 0.005528850294790622 ALL_POSITIVE True TITLE Which Millennium Prize Problem will AI solve next?
RESULT 979295 MARKETS 3 ASK_SUM 1.0250000000000001 COMMON_SIZE 2.0 MIN_PROFIT -0.14555555555555588 MAX_PROFIT -0.07000000000000028 MIN_ROI -0.07100271002710042 ALL_POSITIVE False TITLE AC Milan vs. US Lecce - First Team to Score
RESULT 977962 MARKETS 3 ASK_SUM 1.01 COMMON_SIZE 5.0 MIN_PROFIT -0.22999999999999954 MAX_PROFIT -0.18751111111111118 MIN_ROI -0.04554455445544545 ALL_POSITIVE False TITLE Gamba Ōsaka vs. Vissel Kōbe
RESULT 976785 MARKETS 3 ASK_SUM 1.0130000000000001 COMMON_SIZE 4.04 MIN_PROFIT -0.2499113043478265 MAX_PROFIT -0.09090271604938316 MIN_ROI -0.06106538376057453 ALL_POSITIVE False TITLE Fenerbahçe SK vs. Eyüpspor - First Team to Score
RESULT 984503 MARKETS 3 ASK_SUM 1.01 COMMON_SIZE 5.0 MIN_PROFIT -0.2549999999999999 MAX_PROFIT -0.1525084745762708 MIN_ROI -0.05049504950495048 ALL_POSITIVE False TITLE ADC Juan Pablo II College vs. CD Moquegua
RESULT 977798 MARKETS 3 ASK_SUM 1.01 COMMON_SIZE 5.0 MIN_PROFIT -0.2699999999999996 MAX_PROFIT -0.1324925373134329 MIN_ROI -0.05346534653465338 ALL_POSITIVE False TITLE FK Jablonec vs. FC Zlín
RESULT 990096 MARKETS 3 ASK_SUM 1.01 COMMON_SIZE 6.0 MIN_PROFIT -0.3000000000000007 MAX_PROFIT -0.22200000000000042 MIN_ROI -0.04950495049504962 ALL_POSITIVE False TITLE Cuiabá EC vs. Clube Náutico Capibaribe - Halftime Result
RESULT 981108 MARKETS 3 ASK_SUM 1.02 COMMON_SIZE 5.05 MIN_PROFIT -0.3332499999999996 MAX_PROFIT -0.23229166666666679 MIN_ROI -0.06469617549990285 ALL_POSITIVE False TITLE Valencia CF vs. Real Sociedad de Fútbol - First Team to Score
RESULT 977844 MARKETS 3 ASK_SUM 1.018 COMMON_SIZE 5.21 MIN_PROFIT -0.34169666666666654 MAX_PROFIT -0.2188184615384614 MIN_ROI -0.06442512070007929 ALL_POSITIVE False TITLE SK Sigma Olomouc vs. AC Sparta Praha - First Team to Score
RESULT 989171 MARKETS 3 ASK_SUM 1.01 COMMON_SIZE 7.2 MIN_PROFIT -0.3528181818181819 MAX_PROFIT -0.2555918367346939 MIN_ROI -0.048517351735173526 ALL_POSITIVE False TITLE CA Barracas Central vs. CS Independiente Rivadavia - Halftime Result
RESULT 982382 MARKETS 3 ASK_SUM 1.03 COMMON_SIZE 5.0 MIN_PROFIT -0.3600000000000003 MAX_PROFIT -0.25 MIN_ROI -0.06990291262135928 ALL_POSITIVE False TITLE AD Os Limianos vs. SC Mineiro Aljustrelense
RESULT 975726 MARKETS 3 ASK_SUM 1.03 COMMON_SIZE 5.0 MIN_PROFIT -0.3625333333333334 MAX_PROFIT -0.23749230769230767 MIN_ROI -0.0703948220064725 ALL_POSITIVE False TITLE Estrela da Calheta FC vs. SC Vianense
RESULT 990088 MARKETS 3 ASK_SUM 1.02 COMMON_SIZE 6.2 MIN_PROFIT -0.38129411764705967 MAX_PROFIT -0.2913913043478269 MIN_ROI -0.06029318748372227 ALL_POSITIVE False TITLE Criciúma EC vs. Operário Ferroviário EC - Halftime Result
RESULT 980570 MARKETS 3 ASK_SUM 1.0 COMMON_SIZE 8.0 MIN_PROFIT -0.3879999999999999 MAX_PROFIT -0.15200000000000014 MIN_ROI -0.04849999999999999 ALL_POSITIVE False TITLE SC Paderborn 07 vs. TSG 1899 Hoffenheim - First Team to Score
RESULT 981983 MARKETS 3 ASK_SUM 1.04 COMMON_SIZE 5.0 MIN_PROFIT -0.39252173913043453 MAX_PROFIT -0.3225098039215686 MIN_ROI -0.07548494983277587 ALL_POSITIVE False TITLE Deportivo San Pedro vs. CSD Cobán Imperial
RESULT 982378 MARKETS 3 ASK_SUM 1.04 COMMON_SIZE 5.0 MIN_PROFIT -0.39500000000000046 MAX_PROFIT -0.31749056603773607 MIN_ROI -0.07596153846153855 ALL_POSITIVE False TITLE GD Bragança vs. CD Celoricense
RESULT 982359 MARKETS 3 ASK_SUM 1.04 COMMON_SIZE 5.0 MIN_PROFIT -0.4325714285714284 MAX_PROFIT -0.2450000000000001 MIN_ROI -0.08318681318681315 ALL_POSITIVE False TITLE AD Ponte da Barca vs. Amarante FC
RESULT 981984 MARKETS 3 ASK_SUM 1.03 COMMON_SIZE 6.6 MIN_PROFIT -0.4356071428571431 MAX_PROFIT -0.38279545454545527 MIN_ROI -0.06407872063211872 ALL_POSITIVE False TITLE CSD Suchitepéquez vs. CSD Xelajú MC
RESULT 982355 MARKETS 3 ASK_SUM 1.05 COMMON_SIZE 5.0 MIN_PROFIT -0.44252173913043436 MAX_PROFIT -0.3700000000000001 MIN_ROI -0.08428985507246368 ALL_POSITIVE False TITLE FC Serpa vs. Louletano DC
RESULT 980535 MARKETS 3 ASK_SUM 1.03 COMMON_SIZE 6.01 MIN_PROFIT -0.4568000000000003 MAX_PROFIT -0.3275352941176468 MIN_ROI -0.07379286948936245 ALL_POSITIVE False TITLE AJ Auxerre vs. Stade Brestois 29 - First Team to Score
RESULT 982354 MARKETS 3 ASK_SUM 1.05 COMMON_SIZE 5.0 MIN_PROFIT -0.45999999999999996 MAX_PROFIT -0.33499999999999996 MIN_ROI -0.08761904761904761 ALL_POSITIVE False TITLE CD Cinfães vs. Leixões SC
RESULT 982371 MARKETS 3 ASK_SUM 1.05 COMMON_SIZE 5.0 MIN_PROFIT -0.4725454545454548 MAX_PROFIT -0.3200000000000003 MIN_ROI -0.09000865800865807 ALL_POSITIVE False TITLE Guarda FC vs. GD Chaves
RESULT 982539 MARKETS 3 ASK_SUM 1.01 COMMON_SIZE 10.0 MIN_PROFIT -0.47499999999999964 MAX_PROFIT -0.35999999999999943 MIN_ROI -0.047029702970296995 ALL_POSITIVE False TITLE HNK Rijeka vs. HNK Hajduk Split
RESULT 1003683 MARKETS 3 ASK_SUM 1.05 COMMON_SIZE 5.0 MIN_PROFIT -0.47499999999999964 MAX_PROFIT -0.352508474576271 MIN_ROI -0.0904761904761904 ALL_POSITIVE False TITLE Portugal vs. Wales - Halftime Result
RESULT 982377 MARKETS 3 ASK_SUM 1.06 COMMON_SIZE 5.0 MIN_PROFIT -0.5000000000000009 MAX_PROFIT -0.40000000000000036 MIN_ROI -0.0943396226415096 ALL_POSITIVE False TITLE Amora FC vs. UD Serra
RESULT 978809 MARKETS 3 ASK_SUM 1.04 COMMON_SIZE 5.95 MIN_PROFIT -0.5147142857142857 MAX_PROFIT -0.36294827586206946 MIN_ROI -0.08317942561640039 ALL_POSITIVE False TITLE Tochigi City FC vs. Vegalta Sendai - First Team to Score
RESULT 982381 MARKETS 3 ASK_SUM 1.05 COMMON_SIZE 5.4 MIN_PROFIT -0.5183750000000007 MAX_PROFIT -0.3348026315789481 MIN_ROI -0.0914241622574957 ALL_POSITIVE False TITLE AD Marco 09 vs. FC Maia Lidador
RESULT 1006677 MARKETS 6 ASK_SUM 1.105 COMMON_SIZE 5.0 MIN_PROFIT -0.5250000000000004 MAX_PROFIT -0.5250000000000004 MIN_ROI -0.0950226244343892 ALL_POSITIVE False TITLE How many ships transit the Strait of Hormuz week of September 14?
RESULT 981102 MARKETS 3 ASK_SUM 1.01 COMMON_SIZE 9.35 MIN_PROFIT -0.5282142857142862 MAX_PROFIT -0.29919642857142925 MIN_ROI -0.055934164845055985 ALL_POSITIVE False TITLE RC Deportivo A Coruña vs. Real Betis Balompié - First Team to Score
RESULT 977824 MARKETS 3 ASK_SUM 1.04 COMMON_SIZE 6.41 MIN_PROFIT -0.5480666666666671 MAX_PROFIT -0.3814000000000002 MIN_ROI -0.08221328853154133 ALL_POSITIVE False TITLE FC Hradec Králové vs. FK Teplice - First Team to Score
RESULT 984540 MARKETS 3 ASK_SUM 1.03 COMMON_SIZE 8.0 MIN_PROFIT -0.5680000000000005 MAX_PROFIT -0.46799999999999997 MIN_ROI -0.06893203883495151 ALL_POSITIVE False TITLE CA Bucaramanga vs. Internacional de Bogotá - Halftime Result
RESULT 981088 MARKETS 3 ASK_SUM 1.02 COMMON_SIZE 10.0 MIN_PROFIT -0.6549999999999994 MAX_PROFIT -0.41499999999999915 MIN_ROI -0.06421568627450974 ALL_POSITIVE False TITLE UD Las Palmas vs. Burgos CF - First Team to Score
RESULT 1006470 MARKETS 7 ASK_SUM 1.088 COMMON_SIZE 5.0 MIN_PROFIT -0.6877777777777778 MAX_PROFIT -0.46500000000000075 MIN_ROI -0.1264297385620915 ALL_POSITIVE False TITLE How many 6.5 or above earthquakes worldwide  September 14 - September 20?
RESULT 991304 MARKETS 5 ASK_SUM 1.057 COMMON_SIZE 6.51 MIN_PROFIT -0.7010699999999996 MAX_PROFIT -0.4589604109589036 MIN_ROI -0.10188386399208259 ALL_POSITIVE False TITLE Reserve Bank of New Zealand decision in December?
RESULT 977230 MARKETS 3 ASK_SUM 1.03 COMMON_SIZE 10.0 MIN_PROFIT -0.7550000000000008 MAX_PROFIT -0.46000000000000085 MIN_ROI -0.07330097087378648 ALL_POSITIVE False TITLE Vitória SC vs. Moreirense FC - First Team to Score
RESULT 1006676 MARKETS 5 ASK_SUM 1.07 COMMON_SIZE 11.48 MIN_PROFIT -0.8036000000000012 MAX_PROFIT -0.8036000000000012 MIN_ROI -0.06542056074766364 ALL_POSITIVE False TITLE How many ships transit Bab el-Mandeb Strait week of September 14?
RESULT 982384 MARKETS 3 ASK_SUM 1.019 COMMON_SIZE 11.91 MIN_PROFIT -0.8162899999999986 MAX_PROFIT -0.2268805905905893 MIN_ROI -0.06726025828321494 ALL_POSITIVE False TITLE ACDR Lamelas vs. CD Santo António
RESULT 995959 MARKETS 5 ASK_SUM 1.051 COMMON_SIZE 8.33 MIN_PROFIT -0.8370522222222228 MAX_PROFIT -0.5456187323943666 MIN_ROI -0.09561033420662911 ALL_POSITIVE False TITLE Reserve Bank of India decision in October
RESULT 1003657 MARKETS 3 ASK_SUM 1.05 COMMON_SIZE 10.0 MIN_PROFIT -0.8599999999999994 MAX_PROFIT -0.7899999999999991 MIN_ROI -0.08190476190476186 ALL_POSITIVE False TITLE Andorra vs. Malta
RESULT 982372 MARKETS 3 ASK_SUM 1.04 COMMON_SIZE 10.28 MIN_PROFIT -0.873800000000001 MAX_PROFIT -0.5397066666666674 MIN_ROI -0.08173076923076933 ALL_POSITIVE False TITLE AD Fafe vs. JD Lajense
OUTPUT_PATH /home/leonh/prediction_research/knowledge/raw/market_data/polymarket_negrisk_statewise_screen/20260920T051636Z-e440.json
E439_STATEWISE_COMPLETE_SET_SCREEN_E440_PASS
