PAGE 76 ROWS 100 FIRST 974401 LAST 976313 OVERLAP 0 SHA 1282fe2fa6eef924fc64544a159255634f8e9dec629754f72a14bd02a3f9c47f
PAGE 77 ROWS 100 FIRST 976314 LAST 977207 OVERLAP 0 SHA f2f33187162699f422af3357cb097d6c43524683fd4743b09c62f3c5d1896143
PAGE 78 ROWS 100 FIRST 977209 LAST 977845 OVERLAP 0 SHA eb50054d718d1f9352f8708939c4af758971e98f757825bae6d16e7fe136e6bf
PAGE 79 ROWS 100 FIRST 977846 LAST 978418 OVERLAP 0 SHA 9edbd2b36b1552d5831083ba5e93b9b486ed11e0b5c8ef7a8f0178751dbf432b
PAGE 80 ROWS 100 FIRST 978419 LAST 980494 OVERLAP 0 SHA 690f77b04a35c7149b9413b7e28c20987d32a992ce3ccc83d638912672e0ee6c
PAGE 81 ROWS 100 FIRST 980495 LAST 980894 OVERLAP 0 SHA 65c2c188b57dbe8e4d619d843c3b77b2fbd09455a9f16673dc1f519beda083ad
PAGE 82 ROWS 100 FIRST 980895 LAST 981506 OVERLAP 0 SHA 08bd6d1fed877e2286b1807af4c8a7e1c976f7fc32606f1516657c60eec584e3
PAGE 83 ROWS 100 FIRST 981507 LAST 982377 OVERLAP 0 SHA 0a861515b0e395590685388a86ba0fbdfe1c4f600e479abf440d232484a5f0d2
PAGE 84 ROWS 100 FIRST 982378 LAST 982506 OVERLAP 0 SHA 98f04ef892473078a812b1c2c1077fd2a848539f32a5b38d631f9ea38bb34ba6
PAGE 85 ROWS 100 FIRST 982507 LAST 982873 OVERLAP 0 SHA c51c66f02192ad4d31ab6ea2346ff8195c006dd85a97f0d39a99fa2f8e67678a
PAGE 86 ROWS 100 FIRST 982874 LAST 983839 OVERLAP 0 SHA fd26290d5ce2630fc3e057d28b9266b0a613d1fd24acd730201b49c2b3342cf5
PAGE 87 ROWS 100 FIRST 983840 LAST 984552 OVERLAP 0 SHA 892cbaf87dff74fe2a2b410da2affb0da6c9d53cd160234a58076b8520e5669e
PAGE 88 ROWS 100 FIRST 984553 LAST 986872 OVERLAP 0 SHA 6045e00ea5ba310e060f608a6a4fb6d952bcd4ae6c478c82033a92b29ff24c88
PAGE 89 ROWS 100 FIRST 986873 LAST 989375 OVERLAP 0 SHA 4267c7707bf9a8c7d93cd581bc8e5c8694a2740ad7a43ac348bc99dc61b02296
PAGE 90 ROWS 100 FIRST 989376 LAST 989737 OVERLAP 0 SHA 0a481418402d29bd7b0937c40fb55669adceff8a7afb06356d3f3bf2f8eddbe8
PAGE 91 ROWS 100 FIRST 989738 LAST 990317 OVERLAP 0 SHA 4efea0aa049064db031d4aed9e973068265877b78b1bd1d815ba54ef6d2efc70
PAGE 92 ROWS 100 FIRST 990345 LAST 992999 OVERLAP 0 SHA d19375b6d09ef72d916e0b2cca8e4b8a3cd421d83a063e71a34accef7d42c0f2
PAGE 93 ROWS 100 FIRST 993000 LAST 994088 OVERLAP 0 SHA d9e31e0601a4c916138ba5db2fb6901848b6f0121a2fd29f9b5d59e0c720c56d
PAGE 94 ROWS 100 FIRST 994194 LAST 994995 OVERLAP 0 SHA 6acaa3c40c4eeb9688ff5e4e6e73ae93f462ce959b86961e8bebe71ef33e1e60
PAGE 95 ROWS 100 FIRST 994996 LAST 995892 OVERLAP 0 SHA cbe8a28090edb3ca9136a7335875fee0dfd1b9831c8144697a7519f277c033ad
PAGE 96 ROWS 100 FIRST 995893 LAST 999213 OVERLAP 0 SHA d08a3efc0307ef61e268169cc499691e4d1e9cf7788ca811b7c9fa44999d44eb
PAGE 97 ROWS 100 FIRST 999214 LAST 1002981 OVERLAP 0 SHA 0e6a280896e7a0b03bbed7b6938437b1326a8ecb925af820e38988fb0edbb9cd
PAGE 98 ROWS 100 FIRST 1002982 LAST 1004475 OVERLAP 0 SHA 41f31b03173f9ec6065f91992e3fff28ccb35ca919060b60f0a0b1a78d89ad65
PAGE 99 ROWS 100 FIRST 1004476 LAST 1007182 OVERLAP 0 SHA 9d83fe01191d55cd7b2c4e675ef9369db449bbf5cdae4d1deb5d3b285f9bf157
PAGE 100 ROWS 100 FIRST 1007185 LAST 1010474 OVERLAP 0 SHA b657e0902b93f265584cf0b4139486c79d27ea488d53b72abd7eb5a5216632e5
PRIOR_EVENT_COUNT 7500
PAGES_SCANNED 25
NEW_EVENTS_SEEN 2500
RAW_BYTES_TOTAL 190595082
ELIGIBLE_CLEAN_NEGRISK 1429
CROSS_PRIOR_EXACT_RULE_MATCH_COUNT 0
NEXT_CURSOR_PRESENT True
OUTPUT_PATH /home/leonh/prediction_research/knowledge/raw/market_data/polymarket_neg_risk_keyset_manifests/20260920T051515Z-e439.json
GAMMA_KEYSET_CONTINUATION_E439_PASS
