TASK_STATE discovered EXISTS False
TASK_STATE accepted EXISTS False
TASK_STATE running EXISTS False
TASK_STATE completed EXISTS False
TASK_STATE failed EXISTS False
EDGE_HUNTER_RUN_FILE_COUNT 3
RUN_FILE edge-hunt-hourly-20260920T030000+0200.json MTIME 2026-09-20T01:00:50.286311+00:00
RUN_ID hourly-20260920T030000+0200
RUN_GENERATED_AT None
RUN_STATUS None
RUN_REPORT None
RUN_FILE edge-hunt-hourly-20260920T040000+0200.json MTIME 2026-09-20T02:00:20.717005+00:00
RUN_ID hourly-20260920T040000+0200
RUN_GENERATED_AT None
RUN_STATUS None
RUN_REPORT None
RUN_FILE edge-hunt-hourly-20260920T050000+0200.json MTIME 2026-09-20T03:00:20.837976+00:00
RUN_ID hourly-20260920T050000+0200
RUN_GENERATED_AT None
RUN_STATUS None
RUN_REPORT None
CHECKPOINT_DIR /home/leonh/.local/state/prediction-research/analysis/polymarket_fill_checkpoints EXISTS False
CHECKPOINT_COUNT 0
CHECKPOINT_DIR /home/leonh/.local/state/prediction-research/analysis/kwi_full_station_checkpoints EXISTS True
CHECKPOINT_COUNT 4
CHECKPOINT_FILE 20260920T024031Z-kwi-full-station-checkpoint.json MTIME 2026-09-20T02:40:31.311405+00:00
CHECKPOINT_FILE 20260920T024141Z-kwi-full-station-checkpoint.json MTIME 2026-09-20T02:41:41.784731+00:00
CHECKPOINT_FILE 20260920T024254Z-kwi-full-station-checkpoint.json MTIME 2026-09-20T02:42:54.875530+00:00
CHECKPOINT_FILE 20260920T030021Z-kwi-full-station-checkpoint.json MTIME 2026-09-20T03:00:21.321537+00:00
SYSTEMD_UNIT prediction-research-hourly-director.timer RC 0
LastTriggerUSec=Sun 2026-09-20 05:00:19 CEST
ActiveState=active
SubState=waiting
SYSTEMD_UNIT prediction-research-hourly-director.service RC 0
ExecMainStartTimestamp=Sun 2026-09-20 05:00:19 CEST
ExecMainExitTimestamp=Sun 2026-09-20 05:00:21 CEST
ExecMainStatus=0
ActiveState=inactive
SubState=dead
HOURLY_0500_DIAG_E401_PASS
