{
  "sha256": "4778025a622cc00d648ad1ebfac78e365ff990992bf072d18daa05d90a3fb489",
  "script_count": 10,
  "scripts": [
    "/vc-ap-7f3f87/_next/static/chunks/0luv-3p3qd3lf.js?dpl=dpl_3ZDu7VohAbD8GgaR5gUzomSHAt1C",
    "/vc-ap-7f3f87/_next/static/chunks/0w9b9-w21kbbm.js?dpl=dpl_3ZDu7VohAbD8GgaR5gUzomSHAt1C",
    "/vc-ap-7f3f87/_next/static/chunks/15nn0nepfh~5r.js?dpl=dpl_3ZDu7VohAbD8GgaR5gUzomSHAt1C",
    "/vc-ap-7f3f87/_next/static/chunks/turbopack-0184rk1idtw0a.js?dpl=dpl_3ZDu7VohAbD8GgaR5gUzomSHAt1C",
    "/vc-ap-7f3f87/_next/static/chunks/0qhaic_gz-g7..js?dpl=dpl_3ZDu7VohAbD8GgaR5gUzomSHAt1C",
    "/vc-ap-7f3f87/_next/static/chunks/0o-0m-u_g1k0-.js?dpl=dpl_3ZDu7VohAbD8GgaR5gUzomSHAt1C",
    "/vc-ap-7f3f87/_next/static/chunks/00iyto0y47051.js?dpl=dpl_3ZDu7VohAbD8GgaR5gUzomSHAt1C",
    "/vc-ap-7f3f87/_next/static/chunks/0v_-6ufka9s-4.js?dpl=dpl_3ZDu7VohAbD8GgaR5gUzomSHAt1C",
    "/vc-ap-7f3f87/_next/static/chunks/03~yq9q893hmn.js?dpl=dpl_3ZDu7VohAbD8GgaR5gUzomSHAt1C",
    "/vc-ap-7f3f87/_next/static/chunks/0oauj6f5rtwcv.js?dpl=dpl_3ZDu7VohAbD8GgaR5gUzomSHAt1C"
  ],
  "link_count": 5,
  "links": [
    "/vc-ap-7f3f87/_next/static/media/70bc3e132a0a741e-s.p.1409xf.ylxg8g.woff2?dpl=dpl_3ZDu7VohAbD8GgaR5gUzomSHAt1C",
    "/vc-ap-7f3f87/_next/static/media/fba5a26ea33df6a3-s.p.0eehd8tgys7nv.woff2?dpl=dpl_3ZDu7VohAbD8GgaR5gUzomSHAt1C",
    "/vc-ap-7f3f87/_next/static/chunks/0x78f4o-mdhta.css?dpl=dpl_3ZDu7VohAbD8GgaR5gUzomSHAt1C",
    "/vc-ap-7f3f87/_next/static/chunks/0zqmtya3wjbf4.css?dpl=dpl_3ZDu7VohAbD8GgaR5gUzomSHAt1C",
    "/vc-ap-7f3f87/_next/static/chunks/0oauj6f5rtwcv.js?dpl=dpl_3ZDu7VohAbD8GgaR5gUzomSHAt1C"
  ]
}
