BASKET_LEG 950852 ASK 0.21 SIZE 30.0 FEE 0.18183
BASKET_LEG 950853 ASK 0.22 SIZE 27.4 FEE 0.18807
BASKET_LEG 950854 ASK 0.55 SIZE 686.93 FEE 0.27126
ASSET_STATEWISE_PROOF_PASS
COMMON_SIZE 27.4
YES_ASK_SUM 0.98
GROSS_PER_SET 0.020000000000000018
GROSS_TOTAL 0.5480000000000005
TAKER_FEES_TOTAL 0.64116
NET_TOTAL -0.09315999999999947
NET_ROI -0.003388479170819196
IDENTITY 950852
QUESTION Will Bitcoin have the best performance in 2026?
SYNTH_NO_ASK 0.77
DIRECT_NO_BID 0.79
GROSS_EDGE 0.020000000000000018
EXECUTABLE_SIZE 27.4
TAKER_FEES 0.64116
NET_AT_SIZE -0.09315999999999947
IDENTITY 950853
QUESTION Will Gold have the best performance in 2026?
SYNTH_NO_ASK 0.76
DIRECT_NO_BID 0.78
GROSS_EDGE 0.020000000000000018
EXECUTABLE_SIZE 27.4
TAKER_FEES 0.64116
NET_AT_SIZE -0.09315999999999947
IDENTITY 950854
QUESTION Will the S&P 500 have the best performance in 2026?
SYNTH_NO_ASK 0.43
DIRECT_NO_BID 0.45
GROSS_EDGE 0.020000000000000018
EXECUTABLE_SIZE 27.4
TAKER_FEES 0.64116
NET_AT_SIZE -0.09315999999999947
GROSS_POSITIVE_IDENTITIES 3
NET_POSITIVE_IDENTITIES 0
BEST_GROSS_IDENTITY 0.020000000000000018
BEST_NET_IDENTITY -0.09315999999999947
RESULT GROSS_EDGE_KILLED_BY_TAKER_FEES
ASSET_IDENTITY_FEE_TEST_PASS
