MARKET 616902 Will no Fed rate cuts happen in 2026?
SIDE YES COMPLETE BIDS 97 ASKS 37 BID 0.956 ASK 0.957
SIDE NO COMPLETE BIDS 37 ASKS 97 BID 0.043 ASK 0.044
MARKET 616903 Will 1 Fed rate cut happen in 2026?
SIDE YES COMPLETE BIDS 13 ASKS 99 BID 0.013 ASK 0.015
SIDE NO COMPLETE BIDS 99 ASKS 13 BID 0.985 ASK 0.987
MARKET 616904 Will 2 Fed rate cuts happen in 2026?
SIDE YES COMPLETE BIDS 3 ASKS 86 BID 0.003 ASK 0.005
SIDE NO COMPLETE BIDS 86 ASKS 3 BID 0.995 ASK 0.997
MARKET 616905 Will 3 Fed rate cuts happen in 2026?
SIDE YES COMPLETE BIDS 2 ASKS 91 BID 0.002 ASK 0.006
SIDE NO COMPLETE BIDS 91 ASKS 2 BID 0.994 ASK 0.998
MARKET 616906 Will 4 Fed rate cuts happen in 2026?
SIDE YES COMPLETE BIDS 2 ASKS 83 BID 0.002 ASK 0.003
SIDE NO COMPLETE BIDS 83 ASKS 2 BID 0.997 ASK 0.998
MARKET 616907 Will 5 Fed rate cuts happen in 2026?
SIDE YES COMPLETE BIDS 1 ASKS 103 BID 0.001 ASK 0.002
SIDE NO COMPLETE BIDS 103 ASKS 1 BID 0.998 ASK 0.999
MARKET 616908 Will 6 Fed rate cuts happen in 2026?
SIDE YES ONE_SIDED BIDS 0 ASKS 64
SIDE NO ONE_SIDED BIDS 64 ASKS 0
MARKET 616909 Will 7 Fed rate cuts happen in 2026?
SIDE YES ONE_SIDED BIDS 0 ASKS 54
SIDE NO ONE_SIDED BIDS 54 ASKS 0
MARKET 616910 Will 8 Fed rate cuts happen in 2026?
SIDE YES ONE_SIDED BIDS 0 ASKS 49
SIDE NO ONE_SIDED BIDS 49 ASKS 0
MARKET 616911 Will 9 Fed rate cuts happen in 2026?
SIDE YES ONE_SIDED BIDS 0 ASKS 46
SIDE NO ONE_SIDED BIDS 46 ASKS 0
MARKET 616912 Will 10 Fed rate cuts happen in 2026?
SIDE YES ONE_SIDED BIDS 0 ASKS 50
SIDE NO ONE_SIDED BIDS 50 ASKS 0
MARKET 616913 Will 11 Fed rate cuts happen in 2026?
SIDE YES ONE_SIDED BIDS 0 ASKS 50
SIDE NO ONE_SIDED BIDS 50 ASKS 0
MARKET 616914 Will 12 or more Fed rate cuts happen in 2026?
SIDE YES ONE_SIDED BIDS 0 ASKS 66
SIDE NO ONE_SIDED BIDS 66 ASKS 0
REQUESTED_BOOKS 26
RETURNED_BOOKS 26
COMPLETE_SIDES 12
MISSING_SIDES 0
ONE_SIDED_SIDES 14
PATH /home/leonh/prediction_research/knowledge/raw/market_data/polymarket_neg_risk_partial/20260920T012324Z_51456.json
FED_BOOK_INSPECTION_PASS
