{
  "api_occurrences": 9,
  "rows": [
    {
      "bundle": "1b8f633c09d3e3cff75fefc80a04a7cfafb5756ec6138ad0e6fd2f99d4bba756.bin",
      "occurrence": 1,
      "position": 196105,
      "snippet": "keuh\"}],[\"line\",{x1:\"12\",x2:\"12.01\",y1:\"16\",y2:\"16\",key:\"4dfq90\"}]]);function iJ(e){return`/kalshi${e}`}function i0({open:e,onOpenChange:t,icao:r,city:n,country:o,date:a}){let[i,l]=(0,ee.useState)(null),[s,u]=(0,ee.useState)(!1),[c,d]=(0,ee.useState)(null);return(0,ee.useEffect)(()=>{if(!e||!r)return;let t=!1;return u(!0),d(null),l(null),fetch(iJ(`/api/climate/international/observations?icao=${encodeURIComponent(r)}&date=${encodeURIComponent(a)}`)).then(async e=>{if(!e.ok){let t=await e.json().catch(()=>({}));throw Error(t?.error??`Request failed (${e.status})`)}return await e.json()}).then(e=>{t||l(e)}).catch(e=>{t||d(e.message)}).finally(()=>{t||u(!1)}),()=>{t=!0}},[e,r,a]),(0,ee.useMemo)(()=>i?`intl-obs_${i.icao}_${i.date}.csv`:\"observations.csv\",[i]),(0,J.jsx)(iY,{open:e,onOpenChange:t,children:(0,J.jsxs)(iG,{className:\"max-w-3xl max-h-[85vh] overflow-hidden flex flex-col p-0\",children:[(0,J.jsxs)(iX,{className:\"px-6 pt-6 pb-4 border-b border-border/50\",children:[(0,J.jsx)(\"div\",{className:\"flex items-start justify-between gap-4\",children:(0,J.jsxs)(\"div\",{className:\"min-w-0\",children:[(0,J.jsxs)(iK,{className:\"flex items-center gap-2\",children:[(0,J.jsxs)(\"span\",{className:\"truncate\",children:[n??\"\u2014\",o?(0,J.jsxs)(\"span\",{className:\"text-muted-foreground font-normal\",children:[\", \",o]}):null]}),(0,J.jsx)(\"span\",{className:\"font-mono text-xs text-muted-foreground tracking-wider\",children:r})]}),(0,J.jsxs)(iZ,{className:\"mt-1 text-xs\",children:[\"Local-day observations for\",\" \",(0,J.jsx)(\"span\",{className:\"font-mono text-fo"
    },
    {
      "bundle": "1b8f633c09d3e3cff75fefc80a04a7cfafb5756ec6138ad0e6fd2f99d4bba756.bin",
      "occurrence": 2,
      "position": 587561,
      "snippet": "dth:2,fill:`url(#tempGradient-${e.icaoId})`,dot:!1,activeDot:{r:5,fill:\"#2CD5A0\",stroke:\"#fff\",strokeWidth:2}})]})})})}function OK({international:e,primary:t,weekStart:r,onWeekStartChange:n}){let[o,a]=(0,ee.useState)(e?\"C\":\"F\"),[i,l]=(0,ee.useState)(\"data\"),[s,u]=(0,ee.useState)(null),{data:c,error:d,isLoading:f,isValidating:p,mutate:h}=eX(r?t?iJ(`/api/metar?primary=true&weekStart=${r}`):e?iJ(`/api/metar?international=true&weekStart=${r}`):null:null,Oq,{revalidateOnFocus:!1,dedupingInterval:3e5,refreshInterval:9e5});if(!e&&!t)return(0,J.jsx)(la,{className:\"border border-primary/40 bg-card/50 backdrop-blur shadow-[0_0_15px_rgba(44,213,160,0.1)]\",children:(0,J.jsxs)(lu,{className:\"py-12 text-center\",children:[(0,J.jsx)(sg,{className:\"mx-auto h-12 w-12 text-muted-foreground mb-4\"}),(0,J.jsx)(\"p\",{className:\"text-muted-foreground\",children:\"No observations selected\"})]})});if(!r||f)return(0,J.jsxs)(la,{className:\"border border-primary/40 bg-card/50 backdrop-blur shadow-[0_0_15px_rgba(44,213,160,0.1)]\",children:[(0,J.jsx)(li,{className:\"pb-3\",children:(0,J.jsxs)(\"div\",{className:\"flex items-center justify-between\",children:[(0,J.jsx)(is,{className:\"h-6 w-48\"}),(0,J.jsx)(is,{className:\"h-8 w-24\"})]})}),(0,J.jsx)(lu,{children:(0,J.jsx)(\"div\",{className:\"space-y-4\",children:[1,2,3].map(e=>(0,J.jsxs)(\"div\",{className:\"space-y-2\",children:[(0,J.jsx)(is,{className:\"h-5 w-32\"}),(0,J.jsx)(is,{className:\"h-16 w-full\"})]},e))})})]});if(d||!c)return(0,J.jsx)(la,{className:\"border border-primary/40 bg-card/50 backdrop-blur shadow-[0_0_15px_r"
    },
    {
      "bundle": "1b8f633c09d3e3cff75fefc80a04a7cfafb5756ec6138ad0e6fd2f99d4bba756.bin",
      "occurrence": 3,
      "position": 587608,
      "snippet": ":!1,activeDot:{r:5,fill:\"#2CD5A0\",stroke:\"#fff\",strokeWidth:2}})]})})})}function OK({international:e,primary:t,weekStart:r,onWeekStartChange:n}){let[o,a]=(0,ee.useState)(e?\"C\":\"F\"),[i,l]=(0,ee.useState)(\"data\"),[s,u]=(0,ee.useState)(null),{data:c,error:d,isLoading:f,isValidating:p,mutate:h}=eX(r?t?iJ(`/api/metar?primary=true&weekStart=${r}`):e?iJ(`/api/metar?international=true&weekStart=${r}`):null:null,Oq,{revalidateOnFocus:!1,dedupingInterval:3e5,refreshInterval:9e5});if(!e&&!t)return(0,J.jsx)(la,{className:\"border border-primary/40 bg-card/50 backdrop-blur shadow-[0_0_15px_rgba(44,213,160,0.1)]\",children:(0,J.jsxs)(lu,{className:\"py-12 text-center\",children:[(0,J.jsx)(sg,{className:\"mx-auto h-12 w-12 text-muted-foreground mb-4\"}),(0,J.jsx)(\"p\",{className:\"text-muted-foreground\",children:\"No observations selected\"})]})});if(!r||f)return(0,J.jsxs)(la,{className:\"border border-primary/40 bg-card/50 backdrop-blur shadow-[0_0_15px_rgba(44,213,160,0.1)]\",children:[(0,J.jsx)(li,{className:\"pb-3\",children:(0,J.jsxs)(\"div\",{className:\"flex items-center justify-between\",children:[(0,J.jsx)(is,{className:\"h-6 w-48\"}),(0,J.jsx)(is,{className:\"h-8 w-24\"})]})}),(0,J.jsx)(lu,{children:(0,J.jsx)(\"div\",{className:\"space-y-4\",children:[1,2,3].map(e=>(0,J.jsxs)(\"div\",{className:\"space-y-2\",children:[(0,J.jsx)(is,{className:\"h-5 w-32\"}),(0,J.jsx)(is,{className:\"h-16 w-full\"})]},e))})})]});if(d||!c)return(0,J.jsx)(la,{className:\"border border-primary/40 bg-card/50 backdrop-blur shadow-[0_0_15px_rgba(44,213,160,0.1)]\",children:(0,J.jsx)(lu,{cl"
    },
    {
      "bundle": "1b8f633c09d3e3cff75fefc80a04a7cfafb5756ec6138ad0e6fd2f99d4bba756.bin",
      "occurrence": 4,
      "position": 601401,
      "snippet": "d})`,dot:(0,J.jsx)(O5,{}),activeDot:{r:5,fill:\"#2CD5A0\",stroke:\"#fff\",strokeWidth:2},connectNulls:!1})]})})})]})}function O4({international:e,primary:t,weekStart:r,onWeekStartChange:n}){var o;let[a,i]=(0,ee.useState)(e?\"C\":\"F\"),[l,s]=(0,ee.useState)(\"data\"),[u,c]=(0,ee.useState)(null),{data:d,error:f,isLoading:p,isValidating:h,mutate:m}=eX(r?t?iJ(`/api/metar?primary=true&weekStart=${r}`):e?iJ(`/api/metar?international=true&weekStart=${r}`):null:null,O1,{revalidateOnFocus:!1,dedupingInterval:3e5,refreshInterval:9e5});if(!e&&!t)return(0,J.jsx)(la,{className:\"border border-primary/40 bg-card/50 backdrop-blur shadow-[0_0_15px_rgba(44,213,160,0.1)]\",children:(0,J.jsxs)(lu,{className:\"py-12 text-center\",children:[(0,J.jsx)(O0,{className:\"mx-auto h-12 w-12 text-muted-foreground mb-4\"}),(0,J.jsx)(\"p\",{className:\"text-muted-foreground\",children:\"No averages selected\"})]})});if(!r||p)return(0,J.jsxs)(la,{className:\"border border-primary/40 bg-card/50 backdrop-blur shadow-[0_0_15px_rgba(44,213,160,0.1)]\",children:[(0,J.jsx)(li,{className:\"pb-3\",children:(0,J.jsxs)(\"div\",{className:\"flex items-center justify-between\",children:[(0,J.jsx)(is,{className:\"h-6 w-56\"}),(0,J.jsx)(is,{className:\"h-8 w-24\"})]})}),(0,J.jsxs)(lu,{children:[(0,J.jsx)(is,{className:\"h-9 w-full mb-3\"}),(0,J.jsx)(\"div\",{className:\"space-y-2\",children:[1,2,3,4,5,6,7].map(e=>(0,J.jsx)(is,{className:\"h-8 w-full\"},e))})]})]});if(f||!d)return(0,J.jsx)(la,{className:\"border border-primary/40 bg-card/50 backdrop-blur shadow-[0_0_15px_rgba(44,213,160,0.1)]\",children:(0,J.jsx)"
    },
    {
      "bundle": "1b8f633c09d3e3cff75fefc80a04a7cfafb5756ec6138ad0e6fd2f99d4bba756.bin",
      "occurrence": 5,
      "position": 601448,
      "snippet": "#2CD5A0\",stroke:\"#fff\",strokeWidth:2},connectNulls:!1})]})})})]})}function O4({international:e,primary:t,weekStart:r,onWeekStartChange:n}){var o;let[a,i]=(0,ee.useState)(e?\"C\":\"F\"),[l,s]=(0,ee.useState)(\"data\"),[u,c]=(0,ee.useState)(null),{data:d,error:f,isLoading:p,isValidating:h,mutate:m}=eX(r?t?iJ(`/api/metar?primary=true&weekStart=${r}`):e?iJ(`/api/metar?international=true&weekStart=${r}`):null:null,O1,{revalidateOnFocus:!1,dedupingInterval:3e5,refreshInterval:9e5});if(!e&&!t)return(0,J.jsx)(la,{className:\"border border-primary/40 bg-card/50 backdrop-blur shadow-[0_0_15px_rgba(44,213,160,0.1)]\",children:(0,J.jsxs)(lu,{className:\"py-12 text-center\",children:[(0,J.jsx)(O0,{className:\"mx-auto h-12 w-12 text-muted-foreground mb-4\"}),(0,J.jsx)(\"p\",{className:\"text-muted-foreground\",children:\"No averages selected\"})]})});if(!r||p)return(0,J.jsxs)(la,{className:\"border border-primary/40 bg-card/50 backdrop-blur shadow-[0_0_15px_rgba(44,213,160,0.1)]\",children:[(0,J.jsx)(li,{className:\"pb-3\",children:(0,J.jsxs)(\"div\",{className:\"flex items-center justify-between\",children:[(0,J.jsx)(is,{className:\"h-6 w-56\"}),(0,J.jsx)(is,{className:\"h-8 w-24\"})]})}),(0,J.jsxs)(lu,{children:[(0,J.jsx)(is,{className:\"h-9 w-full mb-3\"}),(0,J.jsx)(\"div\",{className:\"space-y-2\",children:[1,2,3,4,5,6,7].map(e=>(0,J.jsx)(is,{className:\"h-8 w-full\"},e))})]})]});if(f||!d)return(0,J.jsx)(la,{className:\"border border-primary/40 bg-card/50 backdrop-blur shadow-[0_0_15px_rgba(44,213,160,0.1)]\",children:(0,J.jsx)(lu,{className:\"py-12 text-center\",children:(0,"
    },
    {
      "bundle": "1b8f633c09d3e3cff75fefc80a04a7cfafb5756ec6138ad0e6fd2f99d4bba756.bin",
      "occurrence": 6,
      "position": 700144,
      "snippet": "\"monotone\",dataKey:\"cumulative\",stroke:EY,strokeWidth:2,fill:\"url(#hddAccrualGradient)\",dot:!1,activeDot:{r:5,fill:EY,stroke:\"#fff\",strokeWidth:2},connectNulls:!0})]})})})]})}function EQ(){let[e,t]=(0,ee.useState)(()=>(function(e=aZ()){return EI(7,e)})()),[r,n]=(0,ee.useState)(\"data\"),[o,a]=(0,ee.useState)(null),{data:i,error:l,isLoading:s}=eX(iJ(\"/api/metar?primary=true&listOnly=true\"),EH,{revalidateOnFocus:!1,dedupingInterval:36e5}),u=[...i?.stations??[]].sort((e,t)=>e.stationName.localeCompare(t.stationName)),c=o??u[0]?.icaoId??null,{data:d,error:f,isLoading:p,isValidating:h,mutate:m}=eX(c?iJ(`/api/climate/degree-days?station=${c}&from=${e.from}&to=${e.to}`):null,EH,{revalidateOnFocus:!1,dedupingInterval:3e5,refreshInterval:e=>null!=e&&\"final\"===i3(e.periodTotal)?36e5:9e5});return s?(0,J.jsxs)(la,{className:\"border border-primary/40 bg-card/50 shadow-[0_0_15px_rgba(44,213,160,0.1)] backdrop-blur\",children:[(0,J.jsx)(li,{className:\"pb-3\",children:(0,J.jsxs)(\"div\",{className:\"flex items-center justify-between\",children:[(0,J.jsx)(is,{className:\"h-6 w-56\"}),(0,J.jsx)(is,{className:\"h-8 w-24\"})]})}),(0,J.jsxs)(lu,{children:[(0,J.jsx)(is,{className:\"mb-3 h-9 w-full\"}),(0,J.jsx)(\"div\",{className:\"space-y-2\",children:[1,2,3,4,5,6,7].map(e=>(0,J.jsx)(is,{className:\"h-8 w-full\"},e))})]})]}):l?(0,J.jsx)(la,{className:\"border border-primary/40 bg-card/50 shadow-[0_0_15px_rgba(44,213,160,0.1)] backdrop-blur\",children:(0,J.jsx)(lu,{className:\"py-12 text-center\",children:(0,J.jsx)(\"p\",{className:\"text-destructive\",children:\"Failed to l"
    },
    {
      "bundle": "1b8f633c09d3e3cff75fefc80a04a7cfafb5756ec6138ad0e6fd2f99d4bba756.bin",
      "occurrence": 7,
      "position": 700398,
      "snippet": "),[r,n]=(0,ee.useState)(\"data\"),[o,a]=(0,ee.useState)(null),{data:i,error:l,isLoading:s}=eX(iJ(\"/api/metar?primary=true&listOnly=true\"),EH,{revalidateOnFocus:!1,dedupingInterval:36e5}),u=[...i?.stations??[]].sort((e,t)=>e.stationName.localeCompare(t.stationName)),c=o??u[0]?.icaoId??null,{data:d,error:f,isLoading:p,isValidating:h,mutate:m}=eX(c?iJ(`/api/climate/degree-days?station=${c}&from=${e.from}&to=${e.to}`):null,EH,{revalidateOnFocus:!1,dedupingInterval:3e5,refreshInterval:e=>null!=e&&\"final\"===i3(e.periodTotal)?36e5:9e5});return s?(0,J.jsxs)(la,{className:\"border border-primary/40 bg-card/50 shadow-[0_0_15px_rgba(44,213,160,0.1)] backdrop-blur\",children:[(0,J.jsx)(li,{className:\"pb-3\",children:(0,J.jsxs)(\"div\",{className:\"flex items-center justify-between\",children:[(0,J.jsx)(is,{className:\"h-6 w-56\"}),(0,J.jsx)(is,{className:\"h-8 w-24\"})]})}),(0,J.jsxs)(lu,{children:[(0,J.jsx)(is,{className:\"mb-3 h-9 w-full\"}),(0,J.jsx)(\"div\",{className:\"space-y-2\",children:[1,2,3,4,5,6,7].map(e=>(0,J.jsx)(is,{className:\"h-8 w-full\"},e))})]})]}):l?(0,J.jsx)(la,{className:\"border border-primary/40 bg-card/50 shadow-[0_0_15px_rgba(44,213,160,0.1)] backdrop-blur\",children:(0,J.jsx)(lu,{className:\"py-12 text-center\",children:(0,J.jsx)(\"p\",{className:\"text-destructive\",children:\"Failed to load stations\"})})}):0===u.length?(0,J.jsx)(la,{className:\"border border-primary/40 bg-card/50 shadow-[0_0_15px_rgba(44,213,160,0.1)] backdrop-blur\",children:(0,J.jsxs)(lu,{className:\"py-12 text-center\",children:[(0,J.jsx)(EU,{className:\"mx-auto mb-4 h-12"
    },
    {
      "bundle": "1b8f633c09d3e3cff75fefc80a04a7cfafb5756ec6138ad0e6fd2f99d4bba756.bin",
      "occurrence": 8,
      "position": 711358,
      "snippet": "turn t.json()};e.s([\"ClimateDashboard\",0,function(){let[e,t]=(0,ee.useState)(\"primary\"),[r,n]=(0,ee.useState)(\"hourly\"),[o,a]=(0,ee.useState)(\"\"),[i,l]=(0,ee.useState)(\"\");(0,ee.useEffect)(()=>{a(aQ(aZ(),-1)),l(aJ(aZ()))},[]);let s=\"degreeDays\"===r?\"hourly\":r,{data:u,error:c,isLoading:d,isValidating:f,mutate:p}=eX(o&&\"primary\"===e&&\"daily\"===r?iJ(`/api/climate/primary?date=${o}`):null,E4,{revalidateOnFocus:!1,dedupingInterval:6e4}),{data:h,error:m,isLoading:y}=eX(o&&\"international\"===e&&\"daily\"===r?iJ(`/api/climate/international?date=${o}`):null,E4,{revalidateOnFocus:!1,dedupingInterval:6e4}),v=(h?.results??[]).map(e=>({station:{id:e.id,city:e.city,country:e.country,icao:e.icao,region:e.region},date:e.date,maxTemp:e.maxTemp,minTemp:e.minTemp,avgTemp:e.avgTemp,avgHours:e.avgHours,status:e.status}));return(0,J.jsxs)(\"div\",{className:\"min-h-screen flex flex-col bg-background\",children:[(0,J.jsx)(\"header\",{className:\"border-b border-border/50 bg-card/80 backdrop-blur-md sticky top-0 z-50\",children:(0,J.jsxs)(\"div\",{className:\"container mx-auto px-4 py-4 flex items-center justify-between\",children:[(0,J.jsxs)(\"div\",{className:\"flex items-center gap-4\",children:[(0,J.jsx)(eK.default,{src:eZ,alt:\"The Weather Company\",width:100,height:60,className:\"h-12 w-auto opacity-90\"}),(0,J.jsx)(\"div\",{className:\"h-6 w-px bg-border/60\",\"aria-hidden\":\"true\"}),(0,J.jsx)(eK.default,{src:eQ,alt:\"Kalshi\",width:120,height:36,className:\"h-7 w-auto\"})]}),(0,J.jsx)(\"div\",{className:\"flex items-center gap-3\",children:(0,J.jsx)(\"span\",{className:\"text-sm"
    },
    {
      "bundle": "1b8f633c09d3e3cff75fefc80a04a7cfafb5756ec6138ad0e6fd2f99d4bba756.bin",
      "occurrence": 9,
      "position": 711516,
      "snippet": "useState)(\"\");(0,ee.useEffect)(()=>{a(aQ(aZ(),-1)),l(aJ(aZ()))},[]);let s=\"degreeDays\"===r?\"hourly\":r,{data:u,error:c,isLoading:d,isValidating:f,mutate:p}=eX(o&&\"primary\"===e&&\"daily\"===r?iJ(`/api/climate/primary?date=${o}`):null,E4,{revalidateOnFocus:!1,dedupingInterval:6e4}),{data:h,error:m,isLoading:y}=eX(o&&\"international\"===e&&\"daily\"===r?iJ(`/api/climate/international?date=${o}`):null,E4,{revalidateOnFocus:!1,dedupingInterval:6e4}),v=(h?.results??[]).map(e=>({station:{id:e.id,city:e.city,country:e.country,icao:e.icao,region:e.region},date:e.date,maxTemp:e.maxTemp,minTemp:e.minTemp,avgTemp:e.avgTemp,avgHours:e.avgHours,status:e.status}));return(0,J.jsxs)(\"div\",{className:\"min-h-screen flex flex-col bg-background\",children:[(0,J.jsx)(\"header\",{className:\"border-b border-border/50 bg-card/80 backdrop-blur-md sticky top-0 z-50\",children:(0,J.jsxs)(\"div\",{className:\"container mx-auto px-4 py-4 flex items-center justify-between\",children:[(0,J.jsxs)(\"div\",{className:\"flex items-center gap-4\",children:[(0,J.jsx)(eK.default,{src:eZ,alt:\"The Weather Company\",width:100,height:60,className:\"h-12 w-auto opacity-90\"}),(0,J.jsx)(\"div\",{className:\"h-6 w-px bg-border/60\",\"aria-hidden\":\"true\"}),(0,J.jsx)(eK.default,{src:eQ,alt:\"Kalshi\",width:120,height:36,className:\"h-7 w-auto\"})]}),(0,J.jsx)(\"div\",{className:\"flex items-center gap-3\",children:(0,J.jsx)(\"span\",{className:\"text-sm font-medium text-muted-foreground hidden sm:block\",children:\"Climate Data Portal\"})})]})}),(0,J.jsx)(\"main\",{className:\"flex-1 container mx-auto px-4 py-10\",c"
    }
  ]
}
