PROTOCOL_ID KWI-INCOMPLETE-SIGNAL-FEASIBILITY-V1
MANIFEST_COUNT 195
SCORABLE_PAIR_COUNT 459
TARGET_REVISION_PAIR_COUNT 0
OVERALL_PRIMARY_MAE 0.20416744475568097
OVERALL_BASELINE_MAE 0.08481481481481465
OVERALL_PRIMARY_RMSE 0.37579076141841977
OVERALL_BASELINE_RMSE 0.1649935629562357
OVERALL_PRIMARY_MEAN_SIGNED_ERROR -0.1563803299097384
OVERALL_BASELINE_MEAN_SIGNED_ERROR 0.011394335511982486
OVERALL_PRIMARY_MEDIAN_ABS_ERROR 0.0049999999999954525
OVERALL_BASELINE_MEDIAN_ABS_ERROR 0.0
CITY chicago
CITY_N 136
CITY_PRIMARY_MAE 0.5591911764705875
CITY_BASELINE_MAE 0.08970588235294119
CITY_PRIMARY_RMSE 0.607306614099839
CITY_BASELINE_RMSE 0.17494957256642976
CITY_PRIMARY_WINS False
---
CITY miami
CITY_N 156
CITY_PRIMARY_MAE 0.04961538461538458
CITY_BASELINE_MAE 0.07615384615384603
CITY_PRIMARY_RMSE 0.19513309067639742
CITY_BASELINE_RMSE 0.16557591798140373
CITY_PRIMARY_WINS True
---
CITY nyc
CITY_N 167
CITY_PRIMARY_MAE 0.05941830624465672
CITY_BASELINE_MAE 0.08892215568862238
CITY_PRIMARY_RMSE 0.22850309072521693
CITY_BASELINE_RMSE 0.15584231244211266
CITY_PRIMARY_WINS True
---
STATION_COUNT 1 N 133 PRIMARY_MAE 0.5887218045112774 BASELINE_MAE 0.09345864661654141
STATION_COUNT 2 N 4 PRIMARY_MAE 1.0225000000000044 BASELINE_MAE 0.14499999999999957
STATION_COUNT 3 N 9 PRIMARY_MAE 0.4122222222222207 BASELINE_MAE 0.06555555555555594
STATION_COUNT 4 N 15 PRIMARY_MAE 0.3060000000000021 BASELINE_MAE 0.13266666666666632
STATION_COUNT 5 N 143 PRIMARY_MAE 0.004965034965035021 BASELINE_MAE 0.07202797202797191
STATION_COUNT 6 N 5 PRIMARY_MAE 0.11999999999999886 BASELINE_MAE 0.0919999999999959
STATION_COUNT 7 N 7 PRIMARY_MAE 0.18755102040816496 BASELINE_MAE 0.0642857142857147
STATION_COUNT 8 N 143 PRIMARY_MAE 0.0027972027972061166 BASELINE_MAE 0.0848251748251745
CITY_WIN_COUNT 2
OVERALL_WIN False
SURVIVAL_RULE_PASS False
INTERPRETATION DEVELOPMENT_FALSIFICATION_ONLY_NOT_HOLDOUT_NOT_MARKET_EDGE
PATH /home/leonh/.local/state/prediction-research/analysis/kwi-signal-feasibility-e367.json
KWI_SIGNAL_FEASIBILITY_SCORE_PASS
