FILE control/hourly/edge_hunter_cycle.py EXISTS True
FILE control/jobs/hourly_kwi_full_station_checkpoint_e371.py EXISTS True
FILE control/jobs/evaluate_kwi_full_station_checkpoint_e369.py EXISTS True
FILE knowledge/candidates/protocols/KWI-FULL-STATION-PRECANONICAL-24H-V1.json EXISTS True
HOOK_PRESENT True
HOOK_NONBLOCKING True
FINALIZATION_GUARD_PRESENT True
HELPER_RC 0
HELPER_STDOUT_BEGIN
PROTOCOL_ID KWI-FULL-STATION-PRECANONICAL-24H-V1
CUTOFF 2026-09-20T02:39:35.684848+00:00
WINDOW_END 2026-09-21T02:39:35.684848+00:00
MANIFEST_COUNT 199
SCORABLE_PROSPECTIVE_PAIRS 2
OPEN_ELIGIBLE_PAIRS 4
EXCLUDED_PRE_CUTOFF 489
EXCLUDED_STATION_COUNT 3
EXCLUDED_MISSING_BASELINE 0
OVERALL_N 2
OVERALL_PRIMARY_MAE 7.105427357601002e-15
OVERALL_BASELINE_MAE 0.0
OVERALL_PRIMARY_RMSE 1.0048591735576161e-14
OVERALL_BASELINE_RMSE 0.0
CITY chicago N 0 PRIMARY_MAE None BASELINE_MAE None LEAD_MEAN None
CITY miami N 1 PRIMARY_MAE 0.0 BASELINE_MAE 0.0 LEAD_MEAN 120.01586699485779
CITY nyc N 1 PRIMARY_MAE 1.4210854715202004e-14 BASELINE_MAE 0.0 LEAD_MEAN 120.01586699485779
QUALIFIED_CITY_COUNT 0
WINDOW_FINISHED False
SURVIVAL_EVALUABLE False
SURVIVAL_PASS None
INTERPRETATION PROSPECTIVE_CHECKPOINT_ONLY_NO_MARKET_EDGE_NO_PHASE_PROMOTION
PATH /home/leonh/.local/state/prediction-research/analysis/kwi_full_station_checkpoints/20260920T024254Z-kwi-full-station-checkpoint.json
KWI_FULL_STATION_CHECKPOINT_PASS
KWI_FULL_STATION_EVALUATOR_RC 0
KWI_FULL_STATION_HOURLY_PASS

HELPER_STDOUT_END
KWI_HOURLY_MONITOR_VERIFY_PASS
