RUN_DIR_EXISTS True
EXACT_0700_RUN_COUNT 1
RUN_FILE /home/leonh/prediction_research/knowledge/runs/edge_hunter/edge-hunt-hourly-20260920T070000+0200.json
RUN_DECISION NO_PROVEN_EDGE
RUN_CREATED_AT 2026-09-20T05:00:20.962986+00:00
RUN_CANDIDATE_COUNT 4
CANDIDATE ASSET-RANK-MAKER-HEDGE-V1 LANE microstructure STAGE None STATUS None
CANDIDATE KWI-FULL-STATION-PRECANONICAL-V1 LANE weather STAGE None STATUS None
CANDIDATE KWI-INCOMPLETE-TO-CANONICAL-V1 LANE weather STAGE None STATUS None
CANDIDATE PAYOFF-IDENTITY-MINING-V1 LANE market_algebra STAGE None STATUS None
RECENT_RUN_FILES
RECENT edge-hunt-hourly-20260920T070000+0200.json 2026-09-20T05:00:20.962721+00:00
RECENT edge-hunt-hourly-20260920T060000+0200.json 2026-09-20T04:00:20.734291+00:00
RECENT edge-hunt-hourly-20260920T050000+0200.json 2026-09-20T03:00:20.837976+00:00
RECENT edge-hunt-hourly-20260920T040000+0200.json 2026-09-20T02:00:20.717005+00:00
RECENT edge-hunt-hourly-20260920T030000+0200.json 2026-09-20T01:00:50.286311+00:00
SYSTEMCTL_BEGIN edge-hunter-hourly.timer RC 4
SYSTEMCTL_ERR Unit edge-hunter-hourly.timer could not be found.
SYSTEMCTL_END edge-hunter-hourly.timer
SYSTEMCTL_BEGIN edge-hunter-hourly.service RC 4
SYSTEMCTL_ERR Unit edge-hunter-hourly.service could not be found.
SYSTEMCTL_END edge-hunter-hourly.service
HOURLY_0700_DIAGNOSIS_E430_PASS
