BASE_EXISTS True
FILE 20260920T012324Z_51456.json
GLOB_COUNT 1
SCRIPT_EXISTS True
LINE 1 from pathlib import Path
LINE 2 from urllib.request import Request,urlopen
LINE 3 import json
LINE 4 
LINE 5 root=Path.cwd()
LINE 6 files=sorted((root/'knowledge/raw/market_data/polymarket_neg_risk_partial').glob('_51456.json'),key=lambda p:p.stat().st_mtime)
LINE 7 if not files:
LINE 8     raise SystemExit('fed_snapshot_missing')
LINE 9 snap=json.loads(files[-1].read_text(encoding='utf-8'))
LINE 10 markets=snap.get('markets') or tuple()
LINE 11 books=snap.get('books') or tuple()
LINE 12 bookmap=dict((str(book.get('asset_id')),book) for book in books)
LINE 13 
LINE 14 url='https:'+chr(47)+chr(47)+'gamma-api.polymarket.com/events/51456'
LINE 15 req=Request(url,headers={'User-Agent':'PredictionEdgeHunter/1.0'})
LINE 16 with urlopen(req,timeout=30) as r:
LINE 17     event=json.loads(r.read())
LINE 18 current=dict((str(m.get('id')),m) for m in (event.get('markets') or tuple()))
LINE 19 
LINE 20 prices=list()
LINE 21 rates=list()
LINE 22 exponents=list()
LINE 23 for market in markets:
LINE 24     mid=str(market.get('market_id'))
LINE 25     live=current.get(mid) or dict()
LINE 26     enabled=live.get('feesEnabled')
LINE 27     schedule=live.get('feeSchedule') or dict()
LINE 28     rate=schedule.get('rate')
LINE 29     exponent=schedule.get('exponent')
LINE 30     delay=live.get('secondsDelay')
