CHAIN_ID 137
LATEST_BLOCK 94113591
ADAPTER_CODE_PRESENT True
ADAPTER_ADDRESS 0xd91e80cf2e7be2e162c6513ced06f1dd0da35296
MARKET_ID 0x4bcf7372694cb3ed70e31369f7602502cf80c6194e348bcba13c20b0a8936400
SOURCE_MATCH_BEGIN src/NegRiskAdapter.sol LINES 5 12
LINE 5 import {ERC20} from "lib/solmate/src/tokens/ERC20.sol";
LINE 6 import {SafeTransferLib} from "lib/solmate/src/utils/SafeTransferLib.sol";
LINE 7 import {WrappedCollateral} from "src/WrappedCollateral.sol";
LINE 8 import {MarketData, MarketStateManager, IMarketStateManagerEE} from "src/modules/MarketDataManager.sol";
LINE 9 import {CTHelpers} from "src/libraries/CTHelpers.sol";
LINE 10 import {Helpers} from "src/libraries/Helpers.sol";
LINE 11 import {NegRiskIdLib} from "src/libraries/NegRiskIdLib.sol";
LINE 12 import {IConditionalTokens} from "src/interfaces/IConditionalTokens.sol";
SOURCE_MATCH_END
SOURCE_MATCH_BEGIN src/NegRiskAdapter.sol LINES 22 29
LINE 22     error NoConvertiblePositions();
LINE 23     error NotApprovedForAll();
LINE 24 
LINE 25     event MarketPrepared(bytes32 indexed marketId, address indexed oracle, uint256 feeBips, bytes data);
LINE 26     event QuestionPrepared(bytes32 indexed marketId, bytes32 indexed questionId, uint256 index, bytes data);
LINE 27     event OutcomeReported(bytes32 indexed marketId, bytes32 indexed questionId, bool outcome);
LINE 28     event PositionSplit(address indexed stakeholder, bytes32 indexed conditionId, uint256 amount);
LINE 29     event PositionsMerge(address indexed stakeholder, bytes32 indexed conditionId, uint256 amount);
SOURCE_MATCH_END
SOURCE_MATCH_BEGIN src/NegRiskAdapter.sol LINES 242 249
LINE 242     /// the first question (index zero)
LINE 243     /// @param _amount   - the amount of tokens to convert
LINE 244     function convertPositions(bytes32 _marketId, uint256 _indexSet, uint256 _amount) external {
LINE 245         MarketData md = getMarketData(_marketId);
LINE 246         uint256 questionCount = md.questionCount();
LINE 247 
LINE 248         if (md.oracle() == address(0)) revert MarketNotPrepared();
LINE 249         if (questionCount <= 1) revert NoConvertiblePositions();
SOURCE_MATCH_END
SOURCE_MATCH_BEGIN src/NegRiskAdapter.sol LINES 327 334
LINE 327             );
LINE 328         }
LINE 329 
LINE 330         uint256 feeAmount = (_amount * md.feeBips()) / FEE_DENOMINATOR;
LINE 331         uint256 amountOut = _amount - feeAmount;
LINE 332 
LINE 333         if (noPositionIds.length > 1) {
LINE 334             // collateral out is always proportional to the number of no positions minus 1
SOURCE_MATCH_END
SOURCE_MATCH_BEGIN src/NegRiskAdapter.sol LINES 363 370
LINE 363     //////////////////////////////////////////////////////////////*/
LINE 364 
LINE 365     /// @notice Prepare a multi-outcome market
LINE 366     /// @param _feeBips  - the fee for the market, out of 10_000
LINE 367     /// @param _metadata     - metadata for the market
LINE 368     /// @return marketId - the marketId
LINE 369     function prepareMarket(uint256 _feeBips, bytes calldata _metadata) external returns (bytes32) {
LINE 370         bytes32 marketId = _prepareMarket(_feeBips, _metadata);
SOURCE_MATCH_END
SOURCE_MATCH_BEGIN src/NegRiskAdapter.sol LINES 366 373
LINE 366     /// @param _feeBips  - the fee for the market, out of 10_000
LINE 367     /// @param _metadata     - metadata for the market
LINE 368     /// @return marketId - the marketId
LINE 369     function prepareMarket(uint256 _feeBips, bytes calldata _metadata) external returns (bytes32) {
LINE 370         bytes32 marketId = _prepareMarket(_feeBips, _metadata);
LINE 371 
LINE 372         emit MarketPrepared(marketId, msg.sender, _feeBips, _metadata);
LINE 373 
SOURCE_MATCH_END
SOURCE_MATCH_BEGIN src/NegRiskAdapter.sol LINES 367 374
LINE 367     /// @param _metadata     - metadata for the market
LINE 368     /// @return marketId - the marketId
LINE 369     function prepareMarket(uint256 _feeBips, bytes calldata _metadata) external returns (bytes32) {
LINE 370         bytes32 marketId = _prepareMarket(_feeBips, _metadata);
LINE 371 
LINE 372         emit MarketPrepared(marketId, msg.sender, _feeBips, _metadata);
LINE 373 
LINE 374         return marketId;
SOURCE_MATCH_END
SOURCE_MATCH_BEGIN src/NegRiskAdapter.sol LINES 369 376
LINE 369     function prepareMarket(uint256 _feeBips, bytes calldata _metadata) external returns (bytes32) {
LINE 370         bytes32 marketId = _prepareMarket(_feeBips, _metadata);
LINE 371 
LINE 372         emit MarketPrepared(marketId, msg.sender, _feeBips, _metadata);
LINE 373 
LINE 374         return marketId;
LINE 375     }
LINE 376 
SOURCE_MATCH_END
SOURCE_MATCH_BEGIN src/NegRiskOperator.sol LINES 23 30
LINE 23     error InvalidRequestId();
LINE 24     error QuestionAlreadyReported();
LINE 25 
LINE 26     event MarketPrepared(bytes32 indexed marketId, uint256 feeBips, bytes data);
LINE 27     event QuestionPrepared(
LINE 28         bytes32 indexed marketId,
LINE 29         bytes32 indexed questionId,
LINE 30         bytes32 indexed requestId,
SOURCE_MATCH_END
SOURCE_MATCH_BEGIN src/NegRiskOperator.sol LINES 92 99
LINE 92     //////////////////////////////////////////////////////////////*/
LINE 93 
LINE 94     /// @notice Prepares a market on the NegRiskAdapter
LINE 95     /// @param _feeBips  - the market's fee rate out of 10_000
LINE 96     /// @param _data     - the market metadata to be passed to the NegRiskAdapter
LINE 97     /// @return marketId - the market id
LINE 98     function prepareMarket(uint256 _feeBips, bytes calldata _data) external onlyAdmin returns (bytes32) {
LINE 99         bytes32 marketId = nrAdapter.prepareMarket(_feeBips, _data);
SOURCE_MATCH_END
SOURCE_MATCH_BEGIN src/NegRiskOperator.sol LINES 95 102
LINE 95     /// @param _feeBips  - the market's fee rate out of 10_000
LINE 96     /// @param _data     - the market metadata to be passed to the NegRiskAdapter
LINE 97     /// @return marketId - the market id
LINE 98     function prepareMarket(uint256 _feeBips, bytes calldata _data) external onlyAdmin returns (bytes32) {
LINE 99         bytes32 marketId = nrAdapter.prepareMarket(_feeBips, _data);
LINE 100         emit MarketPrepared(marketId, _feeBips, _data);
LINE 101         return marketId;
LINE 102     }
SOURCE_MATCH_END
SOURCE_MATCH_BEGIN src/NegRiskOperator.sol LINES 96 103
LINE 96     /// @param _data     - the market metadata to be passed to the NegRiskAdapter
LINE 97     /// @return marketId - the market id
LINE 98     function prepareMarket(uint256 _feeBips, bytes calldata _data) external onlyAdmin returns (bytes32) {
LINE 99         bytes32 marketId = nrAdapter.prepareMarket(_feeBips, _data);
LINE 100         emit MarketPrepared(marketId, _feeBips, _data);
LINE 101         return marketId;
LINE 102     }
LINE 103 
SOURCE_MATCH_END
SOURCE_MATCH_BEGIN src/NegRiskOperator.sol LINES 97 104
LINE 97     /// @return marketId - the market id
LINE 98     function prepareMarket(uint256 _feeBips, bytes calldata _data) external onlyAdmin returns (bytes32) {
LINE 99         bytes32 marketId = nrAdapter.prepareMarket(_feeBips, _data);
LINE 100         emit MarketPrepared(marketId, _feeBips, _data);
LINE 101         return marketId;
LINE 102     }
LINE 103 
LINE 104     /*//////////////////////////////////////////////////////////////
SOURCE_MATCH_END
SOURCE_MATCH_BEGIN src/interfaces/INegRiskAdapter.sol LINES 2 9
LINE 2 pragma solidity ^0.8.15;
LINE 3 
LINE 4 interface INegRiskAdapter {
LINE 5     type MarketData is bytes32;
LINE 6 
LINE 7     error DeterminedFlagAlreadySet();
LINE 8     error FeeBipsOutOfBounds();
LINE 9     error IndexOutOfBounds();
SOURCE_MATCH_END
SOURCE_MATCH_BEGIN src/interfaces/INegRiskAdapter.sol LINES 5 12
LINE 5     type MarketData is bytes32;
LINE 6 
LINE 7     error DeterminedFlagAlreadySet();
LINE 8     error FeeBipsOutOfBounds();
LINE 9     error IndexOutOfBounds();
LINE 10     error InvalidIndexSet();
LINE 11     error LengthMismatch();
LINE 12     error MarketAlreadyDetermined();
SOURCE_MATCH_END
SOURCE_MATCH_BEGIN src/interfaces/INegRiskAdapter.sol LINES 18 25
LINE 18     error OnlyOracle();
LINE 19     error UnexpectedCollateralToken();
LINE 20 
LINE 21     event MarketPrepared(bytes32 indexed marketId, address indexed oracle, uint256 feeBips, bytes data);
LINE 22     event NewAdmin(address indexed admin, address indexed newAdminAddress);
LINE 23     event OutcomeReported(bytes32 indexed marketId, bytes32 indexed questionId, bool outcome);
LINE 24     event PayoutRedemption(address indexed redeemer, bytes32 indexed conditionId, uint256[] amounts, uint256 payout);
LINE 25     event PositionSplit(address indexed stakeholder, bytes32 indexed conditionId, uint256 amount);
SOURCE_MATCH_END
SOURCE_MATCH_BEGIN src/interfaces/INegRiskAdapter.sol LINES 41 48
LINE 41     function ctf() external view returns (address);
LINE 42     function getConditionId(bytes32 _questionId) external view returns (bytes32);
LINE 43     function getDetermined(bytes32 _marketId) external view returns (bool);
LINE 44     function getFeeBips(bytes32 _marketId) external view returns (uint256);
LINE 45     function getMarketData(bytes32 _marketId) external view returns (MarketData);
LINE 46     function getOracle(bytes32 _marketId) external view returns (address);
LINE 47     function getPositionId(bytes32 _questionId, bool _outcome) external view returns (uint256);
LINE 48     function getQuestionCount(bytes32 _marketId) external view returns (uint256);
SOURCE_MATCH_END
SOURCE_MATCH_BEGIN src/interfaces/INegRiskAdapter.sol LINES 42 49
LINE 42     function getConditionId(bytes32 _questionId) external view returns (bytes32);
LINE 43     function getDetermined(bytes32 _marketId) external view returns (bool);
LINE 44     function getFeeBips(bytes32 _marketId) external view returns (uint256);
LINE 45     function getMarketData(bytes32 _marketId) external view returns (MarketData);
LINE 46     function getOracle(bytes32 _marketId) external view returns (address);
LINE 47     function getPositionId(bytes32 _questionId, bool _outcome) external view returns (uint256);
LINE 48     function getQuestionCount(bytes32 _marketId) external view returns (uint256);
LINE 49     function getResult(bytes32 _marketId) external view returns (uint256);
SOURCE_MATCH_END
SOURCE_MATCH_BEGIN src/interfaces/INegRiskAdapter.sol LINES 55 62
LINE 55         external
LINE 56         returns (bytes4);
LINE 57     function onERC1155Received(address, address, uint256, uint256, bytes memory) external returns (bytes4);
LINE 58     function prepareMarket(uint256 _feeBips, bytes memory _metadata) external returns (bytes32);
LINE 59     function prepareQuestion(bytes32 _marketId, bytes memory _metadata) external returns (bytes32);
LINE 60     function redeemPositions(bytes32 _conditionId, uint256[] memory _amounts) external;
LINE 61     function removeAdmin(address admin) external;
LINE 62     function renounceAdmin() external;
SOURCE_MATCH_END
SOURCE_MATCH_BEGIN src/libraries/NegRiskIdLib.sol LINES 3 10
LINE 3 
LINE 4 /// @title NegRiskIdLib
LINE 5 /// @notice Functions for the NegRiskAdapter Market and QuestionIds
LINE 6 /// @notice MarketIds are the keccak256 hash of the oracle, feeBips, and metadata, with the final 8 bits set to 0
LINE 7 /// @notice QuestionIds share the first 31 bytes with their corresponding MarketId, and the final byte consists of the
LINE 8 /// questionIndex
LINE 9 /// @author Mike Shrieve (mike@polymarket.com)
LINE 10 library NegRiskIdLib {
SOURCE_MATCH_END
SOURCE_MATCH_BEGIN src/libraries/NegRiskIdLib.sol LINES 10 17
LINE 10 library NegRiskIdLib {
LINE 11     bytes32 private constant MASK = bytes32(type(uint256).max) << 8;
LINE 12 
LINE 13     /// @notice Returns the MarketId for a given oracle, feeBips, and metadata
LINE 14     /// @param _oracle   - the oracle address
LINE 15     /// @param _feeBips  - the feeBips, out of 10_000
LINE 16     /// @param _metadata - the market metadata
LINE 17     /// @return marketId - the marketId
SOURCE_MATCH_END
SOURCE_MATCH_BEGIN src/libraries/NegRiskIdLib.sol LINES 12 19
LINE 12 
LINE 13     /// @notice Returns the MarketId for a given oracle, feeBips, and metadata
LINE 14     /// @param _oracle   - the oracle address
LINE 15     /// @param _feeBips  - the feeBips, out of 10_000
LINE 16     /// @param _metadata - the market metadata
LINE 17     /// @return marketId - the marketId
LINE 18     function getMarketId(address _oracle, uint256 _feeBips, bytes memory _metadata) internal pure returns (bytes32) {
LINE 19         return keccak256(abi.encode(_oracle, _feeBips, _metadata)) & MASK;
SOURCE_MATCH_END
SOURCE_MATCH_BEGIN src/libraries/NegRiskIdLib.sol LINES 15 22
LINE 15     /// @param _feeBips  - the feeBips, out of 10_000
LINE 16     /// @param _metadata - the market metadata
LINE 17     /// @return marketId - the marketId
LINE 18     function getMarketId(address _oracle, uint256 _feeBips, bytes memory _metadata) internal pure returns (bytes32) {
LINE 19         return keccak256(abi.encode(_oracle, _feeBips, _metadata)) & MASK;
LINE 20     }
LINE 21 
LINE 22     /// @notice Returns the MarketId for a given QuestionId
SOURCE_MATCH_END
SOURCE_MATCH_BEGIN src/libraries/NegRiskIdLib.sol LINES 16 23
LINE 16     /// @param _metadata - the market metadata
LINE 17     /// @return marketId - the marketId
LINE 18     function getMarketId(address _oracle, uint256 _feeBips, bytes memory _metadata) internal pure returns (bytes32) {
LINE 19         return keccak256(abi.encode(_oracle, _feeBips, _metadata)) & MASK;
LINE 20     }
LINE 21 
LINE 22     /// @notice Returns the MarketId for a given QuestionId
LINE 23     /// @param _questionId - the questionId
SOURCE_MATCH_END
SOURCE_MATCH_BEGIN src/modules/MarketDataManager.sol LINES 1 8
LINE 1 // SPDX-License-Identifier: MIT
LINE 2 pragma solidity ^0.8.15;
LINE 3 
LINE 4 import {MarketData, MarketDataLib} from "src/types/MarketData.sol";
LINE 5 import {NegRiskIdLib} from "src/libraries/NegRiskIdLib.sol";
LINE 6 
LINE 7 interface IMarketStateManagerEE {
LINE 8     error IndexOutOfBounds();
SOURCE_MATCH_END
SOURCE_MATCH_BEGIN src/modules/MarketDataManager.sol LINES 10 17
LINE 10     error MarketNotPrepared();
LINE 11     error MarketAlreadyPrepared();
LINE 12     error MarketAlreadyDetermined();
LINE 13     error FeeBipsOutOfBounds();
LINE 14 }
LINE 15 
LINE 16 /// @title MarketStateManager
LINE 17 /// @notice Manages market state on behalf of the NegRiskAdapter
SOURCE_MATCH_END
SOURCE_MATCH_BEGIN src/modules/MarketDataManager.sol LINES 17 24
LINE 17 /// @notice Manages market state on behalf of the NegRiskAdapter
LINE 18 /// @author Mike Shrieve(mike@polymarket.com)
LINE 19 abstract contract MarketStateManager is IMarketStateManagerEE {
LINE 20     mapping(bytes32 _marketId => MarketData) internal marketData;
LINE 21 
LINE 22     /*//////////////////////////////////////////////////////////////
LINE 23                                 GETTERS
LINE 24     //////////////////////////////////////////////////////////////*/
SOURCE_MATCH_END
SOURCE_MATCH_BEGIN src/modules/MarketDataManager.sol LINES 23 30
LINE 23                                 GETTERS
LINE 24     //////////////////////////////////////////////////////////////*/
LINE 25 
LINE 26     function getMarketData(bytes32 _marketId) public view returns (MarketData) {
LINE 27         return marketData[_marketId];
LINE 28     }
LINE 29 
LINE 30     function getOracle(bytes32 _marketId) external view returns (address) {
SOURCE_MATCH_END
SOURCE_MATCH_BEGIN src/modules/MarketDataManager.sol LINES 24 31
LINE 24     //////////////////////////////////////////////////////////////*/
LINE 25 
LINE 26     function getMarketData(bytes32 _marketId) public view returns (MarketData) {
LINE 27         return marketData[_marketId];
LINE 28     }
LINE 29 
LINE 30     function getOracle(bytes32 _marketId) external view returns (address) {
LINE 31         return marketData[_marketId].oracle();
SOURCE_MATCH_END
SOURCE_MATCH_BEGIN src/modules/MarketDataManager.sol LINES 28 35
LINE 28     }
LINE 29 
LINE 30     function getOracle(bytes32 _marketId) external view returns (address) {
LINE 31         return marketData[_marketId].oracle();
LINE 32     }
LINE 33 
LINE 34     function getQuestionCount(bytes32 _marketId) external view returns (uint256) {
LINE 35         return marketData[_marketId].questionCount();
SOURCE_MATCH_END
SOURCE_MATCH_BEGIN src/modules/MarketDataManager.sol LINES 32 39
LINE 32     }
LINE 33 
LINE 34     function getQuestionCount(bytes32 _marketId) external view returns (uint256) {
LINE 35         return marketData[_marketId].questionCount();
LINE 36     }
LINE 37 
LINE 38     function getDetermined(bytes32 _marketId) external view returns (bool) {
LINE 39         return marketData[_marketId].determined();
SOURCE_MATCH_END
SOURCE_MATCH_BEGIN src/modules/MarketDataManager.sol LINES 36 43
LINE 36     }
LINE 37 
LINE 38     function getDetermined(bytes32 _marketId) external view returns (bool) {
LINE 39         return marketData[_marketId].determined();
LINE 40     }
LINE 41 
LINE 42     function getResult(bytes32 _marketId) external view returns (uint256) {
LINE 43         return marketData[_marketId].result();
SOURCE_MATCH_END
SOURCE_MATCH_BEGIN src/modules/MarketDataManager.sol LINES 40 47
LINE 40     }
LINE 41 
LINE 42     function getResult(bytes32 _marketId) external view returns (uint256) {
LINE 43         return marketData[_marketId].result();
LINE 44     }
LINE 45 
LINE 46     function getFeeBips(bytes32 _marketId) external view returns (uint256) {
LINE 47         return marketData[_marketId].feeBips();
SOURCE_MATCH_END
SOURCE_MATCH_BEGIN src/modules/MarketDataManager.sol LINES 43 50
LINE 43         return marketData[_marketId].result();
LINE 44     }
LINE 45 
LINE 46     function getFeeBips(bytes32 _marketId) external view returns (uint256) {
LINE 47         return marketData[_marketId].feeBips();
LINE 48     }
LINE 49 
LINE 50     /*//////////////////////////////////////////////////////////////
SOURCE_MATCH_END
SOURCE_MATCH_BEGIN src/modules/MarketDataManager.sol LINES 44 51
LINE 44     }
LINE 45 
LINE 46     function getFeeBips(bytes32 _marketId) external view returns (uint256) {
LINE 47         return marketData[_marketId].feeBips();
LINE 48     }
LINE 49 
LINE 50     /*//////////////////////////////////////////////////////////////
LINE 51                                 INTERNAL
SOURCE_MATCH_END
SOURCE_MATCH_BEGIN src/modules/MarketDataManager.sol LINES 52 59
LINE 52     //////////////////////////////////////////////////////////////*/
LINE 53 
LINE 54     /// @notice Prepares market data
LINE 55     /// @notice The market id depends on the oracle address, feeBips, and market metadata
LINE 56     /// @param _feeBips  - feeBips out of 10_000
LINE 57     /// @param _metadata - market metadata
LINE 58     /// @return marketId - the market id
LINE 59     function _prepareMarket(uint256 _feeBips, bytes memory _metadata) internal returns (bytes32 marketId) {
SOURCE_MATCH_END
SOURCE_MATCH_BEGIN src/modules/MarketDataManager.sol LINES 53 60
LINE 53 
LINE 54     /// @notice Prepares market data
LINE 55     /// @notice The market id depends on the oracle address, feeBips, and market metadata
LINE 56     /// @param _feeBips  - feeBips out of 10_000
LINE 57     /// @param _metadata - market metadata
LINE 58     /// @return marketId - the market id
LINE 59     function _prepareMarket(uint256 _feeBips, bytes memory _metadata) internal returns (bytes32 marketId) {
LINE 60         address oracle = msg.sender;
SOURCE_MATCH_END
SOURCE_MATCH_BEGIN src/modules/MarketDataManager.sol LINES 56 63
LINE 56     /// @param _feeBips  - feeBips out of 10_000
LINE 57     /// @param _metadata - market metadata
LINE 58     /// @return marketId - the market id
LINE 59     function _prepareMarket(uint256 _feeBips, bytes memory _metadata) internal returns (bytes32 marketId) {
LINE 60         address oracle = msg.sender;
LINE 61         marketId = NegRiskIdLib.getMarketId(oracle, _feeBips, _metadata);
LINE 62         MarketData md = marketData[marketId];
LINE 63 
SOURCE_MATCH_END
SOURCE_MATCH_BEGIN src/modules/MarketDataManager.sol LINES 58 65
LINE 58     /// @return marketId - the market id
LINE 59     function _prepareMarket(uint256 _feeBips, bytes memory _metadata) internal returns (bytes32 marketId) {
LINE 60         address oracle = msg.sender;
LINE 61         marketId = NegRiskIdLib.getMarketId(oracle, _feeBips, _metadata);
LINE 62         MarketData md = marketData[marketId];
LINE 63 
LINE 64         if (md.oracle() != address(0)) revert MarketAlreadyPrepared();
LINE 65         if (_feeBips > 10_000) revert FeeBipsOutOfBounds();
SOURCE_MATCH_END
SOURCE_MATCH_BEGIN src/modules/MarketDataManager.sol LINES 59 66
LINE 59     function _prepareMarket(uint256 _feeBips, bytes memory _metadata) internal returns (bytes32 marketId) {
LINE 60         address oracle = msg.sender;
LINE 61         marketId = NegRiskIdLib.getMarketId(oracle, _feeBips, _metadata);
LINE 62         MarketData md = marketData[marketId];
LINE 63 
LINE 64         if (md.oracle() != address(0)) revert MarketAlreadyPrepared();
LINE 65         if (_feeBips > 10_000) revert FeeBipsOutOfBounds();
LINE 66 
SOURCE_MATCH_END
SOURCE_MATCH_BEGIN src/modules/MarketDataManager.sol LINES 62 69
LINE 62         MarketData md = marketData[marketId];
LINE 63 
LINE 64         if (md.oracle() != address(0)) revert MarketAlreadyPrepared();
LINE 65         if (_feeBips > 10_000) revert FeeBipsOutOfBounds();
LINE 66 
LINE 67         marketData[marketId] = MarketDataLib.initialize(oracle, _feeBips);
LINE 68     }
LINE 69 
SOURCE_MATCH_END
SOURCE_MATCH_BEGIN src/modules/MarketDataManager.sol LINES 64 71
LINE 64         if (md.oracle() != address(0)) revert MarketAlreadyPrepared();
LINE 65         if (_feeBips > 10_000) revert FeeBipsOutOfBounds();
LINE 66 
LINE 67         marketData[marketId] = MarketDataLib.initialize(oracle, _feeBips);
LINE 68     }
LINE 69 
LINE 70     /// @notice Prepares a new question for the given market
LINE 71     /// @param _marketId   - the market for which to prepare a new question
SOURCE_MATCH_END
SOURCE_MATCH_BEGIN src/modules/MarketDataManager.sol LINES 72 79
LINE 72     /// @return questionId - the resulting question id
LINE 73     /// @return index      - the resulting question index
LINE 74     function _prepareQuestion(bytes32 _marketId) internal returns (bytes32 questionId, uint256 index) {
LINE 75         MarketData md = marketData[_marketId];
LINE 76         address oracle = marketData[_marketId].oracle();
LINE 77 
LINE 78         if (oracle == address(0)) revert MarketNotPrepared();
LINE 79         if (oracle != msg.sender) revert OnlyOracle();
SOURCE_MATCH_END
SOURCE_MATCH_BEGIN src/modules/MarketDataManager.sol LINES 73 80
LINE 73     /// @return index      - the resulting question index
LINE 74     function _prepareQuestion(bytes32 _marketId) internal returns (bytes32 questionId, uint256 index) {
LINE 75         MarketData md = marketData[_marketId];
LINE 76         address oracle = marketData[_marketId].oracle();
LINE 77 
LINE 78         if (oracle == address(0)) revert MarketNotPrepared();
LINE 79         if (oracle != msg.sender) revert OnlyOracle();
LINE 80 
SOURCE_MATCH_END
SOURCE_MATCH_BEGIN src/modules/MarketDataManager.sol LINES 80 87
LINE 80 
LINE 81         index = md.questionCount();
LINE 82         questionId = NegRiskIdLib.getQuestionId(_marketId, uint8(index));
LINE 83         marketData[_marketId] = md.incrementQuestionCount();
LINE 84     }
LINE 85 
LINE 86     /// @notice Reports the outcome of a question
LINE 87     /// @notice State is only modified if the outcome is true
SOURCE_MATCH_END
SOURCE_MATCH_BEGIN src/modules/MarketDataManager.sol LINES 93 100
LINE 93         bytes32 marketId = NegRiskIdLib.getMarketId(_questionId);
LINE 94         uint256 questionIndex = NegRiskIdLib.getQuestionIndex(_questionId);
LINE 95 
LINE 96         MarketData data = marketData[marketId];
LINE 97         address oracle = data.oracle();
LINE 98 
LINE 99         if (oracle == address(0)) revert MarketNotPrepared();
LINE 100         if (oracle != msg.sender) revert OnlyOracle();
SOURCE_MATCH_END
SOURCE_MATCH_BEGIN src/modules/MarketDataManager.sol LINES 102 108
LINE 102 
LINE 103         if (_outcome == true) {
LINE 104             if (data.determined()) revert MarketAlreadyDetermined();
LINE 105             marketData[marketId] = data.determine(questionIndex);
LINE 106         }
LINE 107     }
LINE 108 }
SOURCE_MATCH_END
SOURCE_MATCH_BEGIN src/snapshots/ConditionalTokens.snap.sol LINES 69 76
LINE 69 
LINE 70         uint256 amount = 10_000_000;
LINE 71         bytes memory data = new bytes(0);
LINE 72         uint256 feeBips = 0;
LINE 73 
LINE 74         vm.startPrank(alice);
LINE 75         usdc.mint(alice, 2 * amount);
LINE 76         usdc.approve(address(ctf), 3 * amount);
SOURCE_MATCH_END
SOURCE_MATCH_BEGIN src/snapshots/NegRiskAdapter.snap.sol LINES 26 33
LINE 26     }
LINE 27 
LINE 28     function test_snap_prepareMarket() public {
LINE 29         uint256 feeBips = 1_00;
LINE 30         bytes memory data = new bytes(128);
LINE 31 
LINE 32         vm.startPrank(oracle);
LINE 33 
SOURCE_MATCH_END
SOURCE_MATCH_BEGIN src/snapshots/NegRiskAdapter.snap.sol LINES 32 39
LINE 32         vm.startPrank(oracle);
LINE 33 
LINE 34         vm.startSnapshotGas("NegRiskAdapter_prepareMarket");
LINE 35         nrAdapter.prepareMarket(feeBips, data);
LINE 36         vm.stopSnapshotGas();
LINE 37     }
LINE 38 
LINE 39     function test_snap_prepareQuestion() public {
SOURCE_MATCH_END
SOURCE_MATCH_BEGIN src/snapshots/NegRiskAdapter.snap.sol LINES 37 44
LINE 37     }
LINE 38 
LINE 39     function test_snap_prepareQuestion() public {
LINE 40         uint256 feeBips = 1_00;
LINE 41         bytes memory data = new bytes(128);
LINE 42 
LINE 43         vm.startPrank(oracle);
LINE 44         bytes32 marketId = nrAdapter.prepareMarket(feeBips, data);
SOURCE_MATCH_END
SOURCE_MATCH_BEGIN src/snapshots/NegRiskAdapter.snap.sol LINES 41 48
LINE 41         bytes memory data = new bytes(128);
LINE 42 
LINE 43         vm.startPrank(oracle);
LINE 44         bytes32 marketId = nrAdapter.prepareMarket(feeBips, data);
LINE 45 
LINE 46         uint256 i = 0;
LINE 47 
LINE 48         while (i < 16) {
SOURCE_MATCH_END
SOURCE_MATCH_BEGIN src/snapshots/NegRiskAdapter.snap.sol LINES 58 65
LINE 58 
LINE 59     function test_snap_splitPosition() public {
LINE 60         uint256 amount = 10_000_000;
LINE 61         uint256 feeBips = 0;
LINE 62         bytes memory data = new bytes(0);
LINE 63 
LINE 64         // prepare question
LINE 65         vm.startPrank(oracle);
SOURCE_MATCH_END
SOURCE_MATCH_BEGIN src/snapshots/NegRiskAdapter.snap.sol LINES 63 70
LINE 63 
LINE 64         // prepare question
LINE 65         vm.startPrank(oracle);
LINE 66         bytes32 marketId = nrAdapter.prepareMarket(feeBips, data);
LINE 67         bytes32 questionId = nrAdapter.prepareQuestion(marketId, data);
LINE 68         bytes32 conditionId = nrAdapter.getConditionId(questionId);
LINE 69         vm.stopPrank();
LINE 70 
SOURCE_MATCH_END
SOURCE_MATCH_BEGIN src/snapshots/NegRiskAdapter.snap.sol LINES 83 90
LINE 83 
LINE 84     function test_snap_mergePositions() public {
LINE 85         uint256 amount = 10_000_000;
LINE 86         uint256 feeBips = 0;
LINE 87         bytes memory data = new bytes(0);
LINE 88 
LINE 89         // prepare question
LINE 90         vm.startPrank(oracle);
SOURCE_MATCH_END
SOURCE_MATCH_BEGIN src/snapshots/NegRiskAdapter.snap.sol LINES 88 95
LINE 88 
LINE 89         // prepare question
LINE 90         vm.startPrank(oracle);
LINE 91         bytes32 marketId = nrAdapter.prepareMarket(feeBips, data);
LINE 92         bytes32 questionId = nrAdapter.prepareQuestion(marketId, data);
LINE 93         bytes32 conditionId = nrAdapter.getConditionId(questionId);
LINE 94         vm.stopPrank();
LINE 95 
SOURCE_MATCH_END
SOURCE_MATCH_BEGIN src/snapshots/NegRiskAdapter.snap.sol LINES 108 115
LINE 108 
LINE 109     function test_snap_convertPositions_5() public {
LINE 110         uint256 amount = 10_000_000;
LINE 111         uint256 feeBips = 0;
LINE 112         bytes memory data = new bytes(0);
LINE 113 
LINE 114         // prepare question
LINE 115         vm.prank(oracle);
SOURCE_MATCH_END
SOURCE_MATCH_BEGIN src/snapshots/NegRiskAdapter.snap.sol LINES 113 120
LINE 113 
LINE 114         // prepare question
LINE 115         vm.prank(oracle);
LINE 116         bytes32 marketId = nrAdapter.prepareMarket(feeBips, data);
LINE 117 
LINE 118         uint256 i = 0;
LINE 119         uint256 questionCount = 5;
LINE 120         while (i < questionCount) {
SOURCE_MATCH_END
SOURCE_MATCH_BEGIN src/snapshots/NegRiskAdapter.snap.sol LINES 142 149
LINE 142 
LINE 143     function test_snap_convertPositions_32() public {
LINE 144         uint256 amount = 10_000_000;
LINE 145         uint256 feeBips = 0;
LINE 146         bytes memory data = new bytes(0);
LINE 147 
LINE 148         // prepare question
LINE 149         vm.prank(oracle);
SOURCE_MATCH_END
SOURCE_MATCH_BEGIN src/snapshots/NegRiskAdapter.snap.sol LINES 147 154
LINE 147 
LINE 148         // prepare question
LINE 149         vm.prank(oracle);
LINE 150         bytes32 marketId = nrAdapter.prepareMarket(feeBips, data);
LINE 151 
LINE 152         uint256 i = 0;
LINE 153         uint256 questionCount = 32;
LINE 154         while (i < questionCount) {
SOURCE_MATCH_END
SOURCE_MATCH_BEGIN src/snapshots/NegRiskAdapter.snap.sol LINES 176 183
LINE 176 
LINE 177     function test_snap_convertPositions_64() public {
LINE 178         uint256 amount = 10_000_000;
LINE 179         uint256 feeBips = 0;
LINE 180         bytes memory data = new bytes(0);
LINE 181 
LINE 182         // prepare question
LINE 183         vm.prank(oracle);
SOURCE_MATCH_END
SOURCE_MATCH_BEGIN src/snapshots/NegRiskAdapter.snap.sol LINES 181 188
LINE 181 
LINE 182         // prepare question
LINE 183         vm.prank(oracle);
LINE 184         bytes32 marketId = nrAdapter.prepareMarket(feeBips, data);
LINE 185 
LINE 186         uint256 i = 0;
LINE 187         uint256 questionCount = 64;
LINE 188         while (i < questionCount) {
SOURCE_MATCH_END
SOURCE_MATCH_BEGIN src/snapshots/NegRiskAdapter.snap.sol LINES 210 217
LINE 210 
LINE 211     function test_snap_convertPositions_96() public {
LINE 212         uint256 amount = 10_000_000;
LINE 213         uint256 feeBips = 0;
LINE 214         bytes memory data = new bytes(0);
LINE 215 
LINE 216         // prepare question
LINE 217         vm.prank(oracle);
SOURCE_MATCH_END
SOURCE_MATCH_BEGIN src/snapshots/NegRiskAdapter.snap.sol LINES 215 222
LINE 215 
LINE 216         // prepare question
LINE 217         vm.prank(oracle);
LINE 218         bytes32 marketId = nrAdapter.prepareMarket(feeBips, data);
LINE 219 
LINE 220         uint256 i = 0;
LINE 221         uint256 questionCount = 96;
LINE 222         while (i < questionCount) {
SOURCE_MATCH_END
SOURCE_MATCH_BEGIN src/snapshots/NegRiskAdapter.snap.sol LINES 243 250
LINE 243 
LINE 244     function test_snap_convertPositions_128() public {
LINE 245         uint256 amount = 10_000_000;
LINE 246         uint256 feeBips = 0;
LINE 247         bytes memory data = new bytes(0);
LINE 248 
LINE 249         // prepare question
LINE 250         vm.prank(oracle);
SOURCE_MATCH_END
SOURCE_MATCH_BEGIN src/snapshots/NegRiskAdapter.snap.sol LINES 248 255
LINE 248 
LINE 249         // prepare question
LINE 250         vm.prank(oracle);
LINE 251         bytes32 marketId = nrAdapter.prepareMarket(feeBips, data);
LINE 252 
LINE 253         uint256 i = 0;
LINE 254         uint256 questionCount = 128;
LINE 255         while (i < questionCount) {
SOURCE_MATCH_END
SOURCE_MATCH_BEGIN src/snapshots/NegRiskAdapter.snap.sol LINES 277 284
LINE 277 
LINE 278     function test_snap_convertPositions_196() public {
LINE 279         uint256 amount = 10_000_000;
LINE 280         uint256 feeBips = 0;
LINE 281         bytes memory data = new bytes(0);
LINE 282 
LINE 283         // prepare question
LINE 284         vm.prank(oracle);
SOURCE_MATCH_END
SOURCE_MATCH_BEGIN src/snapshots/NegRiskAdapter.snap.sol LINES 282 289
LINE 282 
LINE 283         // prepare question
LINE 284         vm.prank(oracle);
LINE 285         bytes32 marketId = nrAdapter.prepareMarket(feeBips, data);
LINE 286 
LINE 287         uint256 i = 0;
LINE 288         uint256 questionCount = 196;
LINE 289         while (i < questionCount) {
SOURCE_MATCH_END
SOURCE_MATCH_BEGIN src/test/Integration.t.sol LINES 67 74
LINE 67 
LINE 68     function test_initializeAndPrepare() public {
LINE 69         bytes memory data = new bytes(100);
LINE 70         uint256 feeBips = 0;
LINE 71 
LINE 72         vm.prank(admin);
LINE 73         bytes32 marketId = nrOperator.prepareMarket(feeBips, data);
LINE 74 
SOURCE_MATCH_END
SOURCE_MATCH_BEGIN src/test/Integration.t.sol LINES 70 77
LINE 70         uint256 feeBips = 0;
LINE 71 
LINE 72         vm.prank(admin);
LINE 73         bytes32 marketId = nrOperator.prepareMarket(feeBips, data);
LINE 74 
LINE 75         address rewardToken = address(usdc);
LINE 76         uint256 reward = 1_000_000;
LINE 77         uint256 proposalBond = 5_000_000;
SOURCE_MATCH_END
SOURCE_MATCH_BEGIN src/test/Integration.t.sol LINES 90 97
LINE 90 
LINE 91     function test_initializePrepareAndResolve() public {
LINE 92         bytes memory data = new bytes(100);
LINE 93         uint256 feeBips = 0;
LINE 94 
LINE 95         vm.prank(admin);
LINE 96         bytes32 marketId = nrOperator.prepareMarket(feeBips, data);
LINE 97 
SOURCE_MATCH_END
SOURCE_MATCH_BEGIN src/test/Integration.t.sol LINES 93 100
LINE 93         uint256 feeBips = 0;
LINE 94 
LINE 95         vm.prank(admin);
LINE 96         bytes32 marketId = nrOperator.prepareMarket(feeBips, data);
LINE 97 
LINE 98         address rewardToken = address(usdc);
LINE 99         uint256 reward = 1_000_000;
LINE 100         uint256 proposalBond = 5_000_000;
SOURCE_MATCH_END
SOURCE_MATCH_BEGIN src/test/MarketData.t.sol LINES 2 9
LINE 2 pragma solidity ^0.8.15;
LINE 3 
LINE 4 import {TestHelper, console} from "src/dev/TestHelper.sol";
LINE 5 import {MarketData, MarketDataLib} from "src/types/MarketData.sol";
LINE 6 
LINE 7 contract MarketDataTest is TestHelper {
LINE 8     using MarketDataLib for MarketData;
LINE 9 
SOURCE_MATCH_END
SOURCE_MATCH_BEGIN src/test/MarketData.t.sol LINES 4 11
LINE 4 import {TestHelper, console} from "src/dev/TestHelper.sol";
LINE 5 import {MarketData, MarketDataLib} from "src/types/MarketData.sol";
LINE 6 
LINE 7 contract MarketDataTest is TestHelper {
LINE 8     using MarketDataLib for MarketData;
LINE 9 
LINE 10     function test_initialize(address _oracle, uint256 _feeBips) public {
LINE 11         uint256 feeBips = bound(_feeBips, 0, 10_000);
SOURCE_MATCH_END
SOURCE_MATCH_BEGIN src/test/MarketData.t.sol LINES 5 12
LINE 5 import {MarketData, MarketDataLib} from "src/types/MarketData.sol";
LINE 6 
LINE 7 contract MarketDataTest is TestHelper {
LINE 8     using MarketDataLib for MarketData;
LINE 9 
LINE 10     function test_initialize(address _oracle, uint256 _feeBips) public {
LINE 11         uint256 feeBips = bound(_feeBips, 0, 10_000);
LINE 12         MarketData md = MarketDataLib.initialize(_oracle, feeBips);
SOURCE_MATCH_END
SOURCE_MATCH_BEGIN src/test/MarketData.t.sol LINES 7 14
LINE 7 contract MarketDataTest is TestHelper {
LINE 8     using MarketDataLib for MarketData;
LINE 9 
LINE 10     function test_initialize(address _oracle, uint256 _feeBips) public {
LINE 11         uint256 feeBips = bound(_feeBips, 0, 10_000);
LINE 12         MarketData md = MarketDataLib.initialize(_oracle, feeBips);
LINE 13 
LINE 14         assertEq(md.oracle(), _oracle);
SOURCE_MATCH_END
SOURCE_MATCH_BEGIN src/test/MarketData.t.sol LINES 8 15
LINE 8     using MarketDataLib for MarketData;
LINE 9 
LINE 10     function test_initialize(address _oracle, uint256 _feeBips) public {
LINE 11         uint256 feeBips = bound(_feeBips, 0, 10_000);
LINE 12         MarketData md = MarketDataLib.initialize(_oracle, feeBips);
LINE 13 
LINE 14         assertEq(md.oracle(), _oracle);
LINE 15         assertEq(md.feeBips(), feeBips);
SOURCE_MATCH_END
SOURCE_MATCH_BEGIN src/test/MarketData.t.sol LINES 9 16
LINE 9 
LINE 10     function test_initialize(address _oracle, uint256 _feeBips) public {
LINE 11         uint256 feeBips = bound(_feeBips, 0, 10_000);
LINE 12         MarketData md = MarketDataLib.initialize(_oracle, feeBips);
LINE 13 
LINE 14         assertEq(md.oracle(), _oracle);
LINE 15         assertEq(md.feeBips(), feeBips);
LINE 16         assertEq(md.questionCount(), 0);
SOURCE_MATCH_END
SOURCE_MATCH_BEGIN src/test/MarketData.t.sol LINES 12 19
LINE 12         MarketData md = MarketDataLib.initialize(_oracle, feeBips);
LINE 13 
LINE 14         assertEq(md.oracle(), _oracle);
LINE 15         assertEq(md.feeBips(), feeBips);
LINE 16         assertEq(md.questionCount(), 0);
LINE 17     }
LINE 18 
LINE 19     function test_determine(uint8 _result) public {
SOURCE_MATCH_END
SOURCE_MATCH_BEGIN src/test/MarketData.t.sol LINES 17 24
LINE 17     }
LINE 18 
LINE 19     function test_determine(uint8 _result) public {
LINE 20         MarketData md = MarketData.wrap(bytes32(0));
LINE 21         md = md.determine(_result);
LINE 22 
LINE 23         assertEq(md.result(), _result);
LINE 24         assertEq(md.determined(), true);
SOURCE_MATCH_END
SOURCE_MATCH_BEGIN src/test/MarketData.t.sol LINES 24 31
LINE 24         assertEq(md.determined(), true);
LINE 25     }
LINE 26 
LINE 27     function test_initializeAndDetermine(address _oracle, uint256 _feeBips, uint8 _result) public {
LINE 28         uint256 feeBips = bound(_feeBips, 0, 10_000);
LINE 29 
LINE 30         MarketData md = MarketDataLib.initialize(_oracle, feeBips);
LINE 31         md = md.determine(_result);
SOURCE_MATCH_END
SOURCE_MATCH_BEGIN src/test/MarketData.t.sol LINES 25 32
LINE 25     }
LINE 26 
LINE 27     function test_initializeAndDetermine(address _oracle, uint256 _feeBips, uint8 _result) public {
LINE 28         uint256 feeBips = bound(_feeBips, 0, 10_000);
LINE 29 
LINE 30         MarketData md = MarketDataLib.initialize(_oracle, feeBips);
LINE 31         md = md.determine(_result);
LINE 32 
SOURCE_MATCH_END
SOURCE_MATCH_BEGIN src/test/MarketData.t.sol LINES 27 34
LINE 27     function test_initializeAndDetermine(address _oracle, uint256 _feeBips, uint8 _result) public {
LINE 28         uint256 feeBips = bound(_feeBips, 0, 10_000);
LINE 29 
LINE 30         MarketData md = MarketDataLib.initialize(_oracle, feeBips);
LINE 31         md = md.determine(_result);
LINE 32 
LINE 33         assertEq(md.result(), _result);
LINE 34         assertEq(md.determined(), true);
SOURCE_MATCH_END
SOURCE_MATCH_BEGIN src/test/MarketData.t.sol LINES 33 40
LINE 33         assertEq(md.result(), _result);
LINE 34         assertEq(md.determined(), true);
LINE 35         assertEq(md.oracle(), _oracle);
LINE 36         assertEq(md.feeBips(), feeBips);
LINE 37     }
LINE 38 
LINE 39     function test_questionCount(uint8 _initial) public {
LINE 40         vm.assume(_initial < 256);
SOURCE_MATCH_END
SOURCE_MATCH_BEGIN src/test/MarketData.t.sol LINES 40 47
LINE 40         vm.assume(_initial < 256);
LINE 41         bytes32 d = bytes32(bytes1(_initial));
LINE 42 
LINE 43         MarketData md = MarketData.wrap(d);
LINE 44 
LINE 45         uint256 index;
LINE 46 
LINE 47         while (index < 10 && _initial + index < 255) {
SOURCE_MATCH_END
SOURCE_MATCH_BEGIN src/test/MarketData.t.sol LINES 51 58
LINE 51         }
LINE 52     }
LINE 53 
LINE 54     function test_integration(address _oracle, uint256 _feeBips, uint8 _result, uint8 _questionCount) public {
LINE 55         vm.assume(_questionCount < 255);
LINE 56 
LINE 57         uint256 feeBips = bound(_feeBips, 0, 10_000);
LINE 58 
SOURCE_MATCH_END
SOURCE_MATCH_BEGIN src/test/MarketData.t.sol LINES 54 61
LINE 54     function test_integration(address _oracle, uint256 _feeBips, uint8 _result, uint8 _questionCount) public {
LINE 55         vm.assume(_questionCount < 255);
LINE 56 
LINE 57         uint256 feeBips = bound(_feeBips, 0, 10_000);
LINE 58 
LINE 59         MarketData md = MarketDataLib.initialize(_oracle, feeBips);
LINE 60 
LINE 61         bytes32 d = MarketData.unwrap(md);
SOURCE_MATCH_END
SOURCE_MATCH_BEGIN src/test/MarketData.t.sol LINES 56 63
LINE 56 
LINE 57         uint256 feeBips = bound(_feeBips, 0, 10_000);
LINE 58 
LINE 59         MarketData md = MarketDataLib.initialize(_oracle, feeBips);
LINE 60 
LINE 61         bytes32 d = MarketData.unwrap(md);
LINE 62         d |= bytes32(bytes1(_questionCount));
LINE 63 
SOURCE_MATCH_END
SOURCE_MATCH_BEGIN src/test/MarketData.t.sol LINES 58 65
LINE 58 
LINE 59         MarketData md = MarketDataLib.initialize(_oracle, feeBips);
LINE 60 
LINE 61         bytes32 d = MarketData.unwrap(md);
LINE 62         d |= bytes32(bytes1(_questionCount));
LINE 63 
LINE 64         md = MarketData.wrap(d);
LINE 65 
SOURCE_MATCH_END
SOURCE_MATCH_BEGIN src/test/MarketData.t.sol LINES 61 68
LINE 61         bytes32 d = MarketData.unwrap(md);
LINE 62         d |= bytes32(bytes1(_questionCount));
LINE 63 
LINE 64         md = MarketData.wrap(d);
LINE 65 
LINE 66         assertEq(md.result(), 0);
LINE 67         assertEq(md.determined(), false);
LINE 68         assertEq(md.oracle(), _oracle);
SOURCE_MATCH_END
SOURCE_MATCH_BEGIN src/test/MarketData.t.sol LINES 67 74
LINE 67         assertEq(md.determined(), false);
LINE 68         assertEq(md.oracle(), _oracle);
LINE 69         assertEq(md.questionCount(), _questionCount);
LINE 70         assertEq(md.feeBips(), feeBips);
LINE 71 
LINE 72         md = md.incrementQuestionCount();
LINE 73 
LINE 74         assertEq(md.result(), 0);
SOURCE_MATCH_END
SOURCE_MATCH_BEGIN src/test/MarketData.t.sol LINES 75 82
LINE 75         assertEq(md.determined(), false);
LINE 76         assertEq(md.oracle(), _oracle);
LINE 77         assertEq(md.questionCount(), _questionCount + 1);
LINE 78         assertEq(md.feeBips(), feeBips);
LINE 79 
LINE 80         md = md.determine(_result);
LINE 81 
LINE 82         assertEq(md.result(), _result);
SOURCE_MATCH_END
SOURCE_MATCH_BEGIN src/test/MarketData.t.sol LINES 83 88
LINE 83         assertEq(md.determined(), true);
LINE 84         assertEq(md.oracle(), _oracle);
LINE 85         assertEq(md.questionCount(), _questionCount + 1);
LINE 86         assertEq(md.feeBips(), feeBips);
LINE 87     }
LINE 88 }
SOURCE_MATCH_END
SOURCE_MATCH_BEGIN src/test/NegRiskAdapter/ConvertPositions.t.sol LINES 8 15
LINE 8     uint256 constant QUESTION_COUNT_MAX = 32;
LINE 9     bytes32 marketId;
LINE 10 
LINE 11     function _before(uint256 _questionCount, uint256 _feeBips, uint256 _indexSet, uint256 _amount) internal {
LINE 12         bytes memory data = new bytes(0);
LINE 13 
LINE 14         // prepare market
LINE 15         vm.prank(oracle);
SOURCE_MATCH_END
SOURCE_MATCH_BEGIN src/test/NegRiskAdapter/ConvertPositions.t.sol LINES 13 20
LINE 13 
LINE 14         // prepare market
LINE 15         vm.prank(oracle);
LINE 16         marketId = nrAdapter.prepareMarket(_feeBips, data);
LINE 17 
LINE 18         uint8 i = 0;
LINE 19 
LINE 20         // prepare questions and split initial liquidity to alice
SOURCE_MATCH_END
SOURCE_MATCH_BEGIN src/test/NegRiskAdapter/ConvertPositions.t.sol LINES 52 59
LINE 52         }
LINE 53     }
LINE 54 
LINE 55     function _after(uint256 _questionCount, uint256 _feeBips, uint256 _indexSet, uint256 _amount) internal {
LINE 56         // check balances
LINE 57         {
LINE 58             uint256 feeAmount = (_amount * _feeBips) / FEE_BIPS_MAX;
LINE 59             uint256 amountOut = _amount - feeAmount;
SOURCE_MATCH_END
SOURCE_MATCH_BEGIN src/test/NegRiskAdapter/ConvertPositions.t.sol LINES 55 62
LINE 55     function _after(uint256 _questionCount, uint256 _feeBips, uint256 _indexSet, uint256 _amount) internal {
LINE 56         // check balances
LINE 57         {
LINE 58             uint256 feeAmount = (_amount * _feeBips) / FEE_BIPS_MAX;
LINE 59             uint256 amountOut = _amount - feeAmount;
LINE 60 
LINE 61             uint8 i = 0;
LINE 62             uint256 noPositionsCount;
SOURCE_MATCH_END
SOURCE_MATCH_BEGIN src/test/NegRiskAdapter/ConvertPositions.t.sol LINES 105 112
LINE 105         }
LINE 106     }
LINE 107 
LINE 108     function test_convertPositions(uint256 _questionCount, uint256 _feeBips, uint256 _indexSet, uint128 _amount)
LINE 109         public
LINE 110     {
LINE 111         vm.assume(_amount > 0);
LINE 112 
SOURCE_MATCH_END
SOURCE_MATCH_BEGIN src/test/NegRiskAdapter/ConvertPositions.t.sol LINES 110 117
LINE 110     {
LINE 111         vm.assume(_amount > 0);
LINE 112 
LINE 113         _feeBips = bound(_feeBips, 0, FEE_BIPS_MAX);
LINE 114         _questionCount = bound(_questionCount, 2, QUESTION_COUNT_MAX); // between 2 and QUESTION_COUNT_MAX questions
LINE 115         _indexSet = bound(_indexSet, 1, (2 ** _questionCount) - 1);
LINE 116 
LINE 117         _before(_questionCount, _feeBips, _indexSet, _amount);
SOURCE_MATCH_END
SOURCE_MATCH_BEGIN src/test/NegRiskAdapter/ConvertPositions.t.sol LINES 114 121
LINE 114         _questionCount = bound(_questionCount, 2, QUESTION_COUNT_MAX); // between 2 and QUESTION_COUNT_MAX questions
LINE 115         _indexSet = bound(_indexSet, 1, (2 ** _questionCount) - 1);
LINE 116 
LINE 117         _before(_questionCount, _feeBips, _indexSet, _amount);
LINE 118 
LINE 119         // convert positions
LINE 120         {
LINE 121             vm.startPrank(brian);
SOURCE_MATCH_END
SOURCE_MATCH_BEGIN src/test/NegRiskAdapter/ConvertPositions.t.sol LINES 126 133
LINE 126             nrAdapter.convertPositions(marketId, _indexSet, _amount);
LINE 127         }
LINE 128 
LINE 129         _after(_questionCount, _feeBips, _indexSet, _amount);
LINE 130     }
LINE 131 
LINE 132     function test_convertPositions_singleIndex(
LINE 133         uint256 _questionCount,
SOURCE_MATCH_END
SOURCE_MATCH_BEGIN src/test/NegRiskAdapter/ConvertPositions.t.sol LINES 131 138
LINE 131 
LINE 132     function test_convertPositions_singleIndex(
LINE 133         uint256 _questionCount,
LINE 134         uint256 _feeBips,
LINE 135         uint256 _index,
LINE 136         uint128 _amount
LINE 137     ) public {
LINE 138         vm.assume(_amount > 0);
SOURCE_MATCH_END
SOURCE_MATCH_BEGIN src/test/NegRiskAdapter/ConvertPositions.t.sol LINES 137 144
LINE 137     ) public {
LINE 138         vm.assume(_amount > 0);
LINE 139 
LINE 140         _feeBips = bound(_feeBips, 0, FEE_BIPS_MAX);
LINE 141         _questionCount = bound(_questionCount, 2, QUESTION_COUNT_MAX); // between 2 and QUESTION_COUNT_MAX questions
LINE 142         _index = bound(_index, 0, _questionCount - 1);
LINE 143         uint256 _indexSet = 1 << _index;
LINE 144 
SOURCE_MATCH_END
SOURCE_MATCH_BEGIN src/test/NegRiskAdapter/ConvertPositions.t.sol LINES 142 149
LINE 142         _index = bound(_index, 0, _questionCount - 1);
LINE 143         uint256 _indexSet = 1 << _index;
LINE 144 
LINE 145         _before(_questionCount, _feeBips, _indexSet, _amount);
LINE 146 
LINE 147         // convert positions
LINE 148         {
LINE 149             vm.startPrank(brian);
SOURCE_MATCH_END
SOURCE_MATCH_BEGIN src/test/NegRiskAdapter/ConvertPositions.t.sol LINES 154 161
LINE 154             nrAdapter.convertPositions(marketId, _indexSet, _amount);
LINE 155         }
LINE 156 
LINE 157         _after(_questionCount, _feeBips, _indexSet, _amount);
LINE 158     }
LINE 159 
LINE 160     function test_convertPositions_allIndices(uint256 _questionCount, uint256 _feeBips, uint128 _amount) public {
LINE 161         vm.assume(_amount > 0);
SOURCE_MATCH_END
SOURCE_MATCH_BEGIN src/test/NegRiskAdapter/ConvertPositions.t.sol LINES 157 164
LINE 157         _after(_questionCount, _feeBips, _indexSet, _amount);
LINE 158     }
LINE 159 
LINE 160     function test_convertPositions_allIndices(uint256 _questionCount, uint256 _feeBips, uint128 _amount) public {
LINE 161         vm.assume(_amount > 0);
LINE 162 
LINE 163         _feeBips = bound(_feeBips, 0, FEE_BIPS_MAX);
LINE 164         _questionCount = bound(_questionCount, 2, QUESTION_COUNT_MAX); // between 2 and QUESTION_COUNT_MAX questions
SOURCE_MATCH_END
SOURCE_MATCH_BEGIN src/test/NegRiskAdapter/ConvertPositions.t.sol LINES 160 167
LINE 160     function test_convertPositions_allIndices(uint256 _questionCount, uint256 _feeBips, uint128 _amount) public {
LINE 161         vm.assume(_amount > 0);
LINE 162 
LINE 163         _feeBips = bound(_feeBips, 0, FEE_BIPS_MAX);
LINE 164         _questionCount = bound(_questionCount, 2, QUESTION_COUNT_MAX); // between 2 and QUESTION_COUNT_MAX questions
LINE 165         uint256 _indexSet = (2 ** _questionCount) - 1;
LINE 166 
LINE 167         _before(_questionCount, _feeBips, _indexSet, _amount);
SOURCE_MATCH_END
SOURCE_MATCH_BEGIN src/test/NegRiskAdapter/ConvertPositions.t.sol LINES 164 171
LINE 164         _questionCount = bound(_questionCount, 2, QUESTION_COUNT_MAX); // between 2 and QUESTION_COUNT_MAX questions
LINE 165         uint256 _indexSet = (2 ** _questionCount) - 1;
LINE 166 
LINE 167         _before(_questionCount, _feeBips, _indexSet, _amount);
LINE 168 
LINE 169         // convert positions
LINE 170         {
LINE 171             vm.startPrank(brian);
SOURCE_MATCH_END
SOURCE_MATCH_BEGIN src/test/NegRiskAdapter/ConvertPositions.t.sol LINES 176 183
LINE 176             nrAdapter.convertPositions(marketId, _indexSet, _amount);
LINE 177         }
LINE 178 
LINE 179         _after(_questionCount, _feeBips, _indexSet, _amount);
LINE 180     }
LINE 181 
LINE 182     function test_convertPositions_zeroAmount(uint256 _a, uint256 _b) public {
LINE 183         uint256 amount = 0;
SOURCE_MATCH_END
SOURCE_MATCH_BEGIN src/test/NegRiskAdapter/ConvertPositions.t.sol LINES 227 234
LINE 227         vm.assume(_amount > 0);
LINE 228 
LINE 229         // 10%
LINE 230         uint256 feeBips = 10_000;
LINE 231 
LINE 232         uint256 questionCountMax = 32;
LINE 233         uint256 questionCount = bound(_a, 2, questionCountMax); // between 2 and 16 questions
LINE 234         uint256 indexSet = bound(_b, 1, (2 ** questionCount) - 1);
SOURCE_MATCH_END
SOURCE_MATCH_BEGIN src/test/NegRiskAdapter/ConvertPositions.t.sol LINES 233 240
LINE 233         uint256 questionCount = bound(_a, 2, questionCountMax); // between 2 and 16 questions
LINE 234         uint256 indexSet = bound(_b, 1, (2 ** questionCount) - 1);
LINE 235 
LINE 236         _before(questionCount, feeBips, indexSet, _amount);
LINE 237 
LINE 238         uint256 zeroIndexSet = 0;
LINE 239         vm.expectRevert(InvalidIndexSet.selector);
LINE 240         nrAdapter.convertPositions(marketId, zeroIndexSet, 0);
SOURCE_MATCH_END
SOURCE_MATCH_BEGIN src/test/NegRiskAdapter/MergePositions.t.sol LINES 13 20
LINE 13 
LINE 14     function _before(uint256 _amount) public {
LINE 15         bytes memory data = new bytes(0);
LINE 16         uint256 feeBips = 0;
LINE 17 
LINE 18         // prepare question
LINE 19         vm.startPrank(oracle);
LINE 20         marketId = nrAdapter.prepareMarket(feeBips, data);
SOURCE_MATCH_END
SOURCE_MATCH_BEGIN src/test/NegRiskAdapter/MergePositions.t.sol LINES 17 24
LINE 17 
LINE 18         // prepare question
LINE 19         vm.startPrank(oracle);
LINE 20         marketId = nrAdapter.prepareMarket(feeBips, data);
LINE 21         questionId = nrAdapter.prepareQuestion(marketId, data);
LINE 22         conditionId = nrAdapter.getConditionId(questionId);
LINE 23         vm.stopPrank();
LINE 24 
SOURCE_MATCH_END
SOURCE_MATCH_BEGIN src/test/NegRiskAdapter/PrepareMarket.t.sol LINES 5 12
LINE 5 import {NegRiskIdLib} from "src/libraries/NegRiskIdLib.sol";
LINE 6 
LINE 7 contract NegRiskAdapter_PrepareMarket_Test is NegRiskAdapter_SetUp {
LINE 8     function test_prepareMarket(uint256 _feeBips, bytes memory _data) public {
LINE 9         _feeBips = bound(_feeBips, 0, FEE_BIPS_MAX);
LINE 10 
LINE 11         bytes32 expectedMarketId = NegRiskIdLib.getMarketId(oracle, _feeBips, _data);
LINE 12 
SOURCE_MATCH_END
SOURCE_MATCH_BEGIN src/test/NegRiskAdapter/PrepareMarket.t.sol LINES 6 13
LINE 6 
LINE 7 contract NegRiskAdapter_PrepareMarket_Test is NegRiskAdapter_SetUp {
LINE 8     function test_prepareMarket(uint256 _feeBips, bytes memory _data) public {
LINE 9         _feeBips = bound(_feeBips, 0, FEE_BIPS_MAX);
LINE 10 
LINE 11         bytes32 expectedMarketId = NegRiskIdLib.getMarketId(oracle, _feeBips, _data);
LINE 12 
LINE 13         vm.expectEmit();
SOURCE_MATCH_END
SOURCE_MATCH_BEGIN src/test/NegRiskAdapter/PrepareMarket.t.sol LINES 8 15
LINE 8     function test_prepareMarket(uint256 _feeBips, bytes memory _data) public {
LINE 9         _feeBips = bound(_feeBips, 0, FEE_BIPS_MAX);
LINE 10 
LINE 11         bytes32 expectedMarketId = NegRiskIdLib.getMarketId(oracle, _feeBips, _data);
LINE 12 
LINE 13         vm.expectEmit();
LINE 14         emit MarketPrepared(expectedMarketId, oracle, _feeBips, _data);
LINE 15 
SOURCE_MATCH_END
SOURCE_MATCH_BEGIN src/test/NegRiskAdapter/PrepareMarket.t.sol LINES 11 18
LINE 11         bytes32 expectedMarketId = NegRiskIdLib.getMarketId(oracle, _feeBips, _data);
LINE 12 
LINE 13         vm.expectEmit();
LINE 14         emit MarketPrepared(expectedMarketId, oracle, _feeBips, _data);
LINE 15 
LINE 16         vm.prank(oracle);
LINE 17         bytes32 marketId = nrAdapter.prepareMarket(_feeBips, _data);
LINE 18 
SOURCE_MATCH_END
SOURCE_MATCH_BEGIN src/test/NegRiskAdapter/PrepareMarket.t.sol LINES 14 21
LINE 14         emit MarketPrepared(expectedMarketId, oracle, _feeBips, _data);
LINE 15 
LINE 16         vm.prank(oracle);
LINE 17         bytes32 marketId = nrAdapter.prepareMarket(_feeBips, _data);
LINE 18 
LINE 19         assertEq(marketId, expectedMarketId);
LINE 20         assertEq(nrAdapter.getFeeBips(marketId), _feeBips);
LINE 21         assertEq(nrAdapter.getOracle(marketId), oracle);
SOURCE_MATCH_END
SOURCE_MATCH_BEGIN src/test/NegRiskAdapter/PrepareMarket.t.sol LINES 17 24
LINE 17         bytes32 marketId = nrAdapter.prepareMarket(_feeBips, _data);
LINE 18 
LINE 19         assertEq(marketId, expectedMarketId);
LINE 20         assertEq(nrAdapter.getFeeBips(marketId), _feeBips);
LINE 21         assertEq(nrAdapter.getOracle(marketId), oracle);
LINE 22         assertEq(nrAdapter.getQuestionCount(marketId), 0);
LINE 23         assertEq(nrAdapter.getDetermined(marketId), false);
LINE 24         assertEq(nrAdapter.getResult(marketId), 0);
SOURCE_MATCH_END
SOURCE_MATCH_BEGIN src/test/NegRiskAdapter/PrepareMarket.t.sol LINES 24 31
LINE 24         assertEq(nrAdapter.getResult(marketId), 0);
LINE 25     }
LINE 26 
LINE 27     function test_revert_prepareMarketTwice(bytes memory _data, uint256 _feeBips) public {
LINE 28         _feeBips = bound(_feeBips, 0, FEE_BIPS_MAX);
LINE 29 
LINE 30         vm.startPrank(oracle);
LINE 31         nrAdapter.prepareMarket(_feeBips, _data);
SOURCE_MATCH_END
SOURCE_MATCH_BEGIN src/test/NegRiskAdapter/PrepareMarket.t.sol LINES 25 32
LINE 25     }
LINE 26 
LINE 27     function test_revert_prepareMarketTwice(bytes memory _data, uint256 _feeBips) public {
LINE 28         _feeBips = bound(_feeBips, 0, FEE_BIPS_MAX);
LINE 29 
LINE 30         vm.startPrank(oracle);
LINE 31         nrAdapter.prepareMarket(_feeBips, _data);
LINE 32 
SOURCE_MATCH_END
SOURCE_MATCH_BEGIN src/test/NegRiskAdapter/PrepareMarket.t.sol LINES 28 35
LINE 28         _feeBips = bound(_feeBips, 0, FEE_BIPS_MAX);
LINE 29 
LINE 30         vm.startPrank(oracle);
LINE 31         nrAdapter.prepareMarket(_feeBips, _data);
LINE 32 
LINE 33         vm.expectRevert(MarketAlreadyPrepared.selector);
LINE 34         nrAdapter.prepareMarket(_feeBips, _data);
LINE 35     }
SOURCE_MATCH_END
SOURCE_MATCH_BEGIN src/test/NegRiskAdapter/PrepareMarket.t.sol LINES 31 38
LINE 31         nrAdapter.prepareMarket(_feeBips, _data);
LINE 32 
LINE 33         vm.expectRevert(MarketAlreadyPrepared.selector);
LINE 34         nrAdapter.prepareMarket(_feeBips, _data);
LINE 35     }
LINE 36 
LINE 37     function test_revert_feeBipsOutOfBounds(bytes memory _data, uint256 _feeBips) public {
LINE 38         _feeBips = bound(_feeBips, FEE_BIPS_MAX + 1, type(uint256).max);
SOURCE_MATCH_END
SOURCE_MATCH_BEGIN src/test/NegRiskAdapter/PrepareMarket.t.sol LINES 34 41
LINE 34         nrAdapter.prepareMarket(_feeBips, _data);
LINE 35     }
LINE 36 
LINE 37     function test_revert_feeBipsOutOfBounds(bytes memory _data, uint256 _feeBips) public {
LINE 38         _feeBips = bound(_feeBips, FEE_BIPS_MAX + 1, type(uint256).max);
LINE 39 
LINE 40         vm.expectRevert(FeeBipsOutOfBounds.selector);
LINE 41         vm.startPrank(oracle);
SOURCE_MATCH_END
SOURCE_MATCH_BEGIN src/test/NegRiskAdapter/PrepareMarket.t.sol LINES 35 42
LINE 35     }
LINE 36 
LINE 37     function test_revert_feeBipsOutOfBounds(bytes memory _data, uint256 _feeBips) public {
LINE 38         _feeBips = bound(_feeBips, FEE_BIPS_MAX + 1, type(uint256).max);
LINE 39 
LINE 40         vm.expectRevert(FeeBipsOutOfBounds.selector);
LINE 41         vm.startPrank(oracle);
LINE 42         nrAdapter.prepareMarket(_feeBips, _data);
SOURCE_MATCH_END
SOURCE_MATCH_BEGIN src/test/NegRiskAdapter/PrepareMarket.t.sol LINES 37 44
LINE 37     function test_revert_feeBipsOutOfBounds(bytes memory _data, uint256 _feeBips) public {
LINE 38         _feeBips = bound(_feeBips, FEE_BIPS_MAX + 1, type(uint256).max);
LINE 39 
LINE 40         vm.expectRevert(FeeBipsOutOfBounds.selector);
LINE 41         vm.startPrank(oracle);
LINE 42         nrAdapter.prepareMarket(_feeBips, _data);
LINE 43     }
LINE 44 }
SOURCE_MATCH_END
SOURCE_MATCH_BEGIN src/test/NegRiskAdapter/PrepareMarket.t.sol LINES 39 44
LINE 39 
LINE 40         vm.expectRevert(FeeBipsOutOfBounds.selector);
LINE 41         vm.startPrank(oracle);
LINE 42         nrAdapter.prepareMarket(_feeBips, _data);
LINE 43     }
LINE 44 }
SOURCE_MATCH_END
SOURCE_MATCH_BEGIN src/test/NegRiskAdapter/PrepareQuestion.t.sol LINES 6 13
LINE 6 
LINE 7 contract NegRiskAdapter_PrepareQuestion_Test is NegRiskAdapter_SetUp {
LINE 8     function test_prepareQuestion() public {
LINE 9         uint256 feeBips = 0;
LINE 10 
LINE 11         vm.startPrank(oracle);
LINE 12         bytes32 marketId = nrAdapter.prepareMarket(feeBips, "market");
LINE 13 
SOURCE_MATCH_END
SOURCE_MATCH_BEGIN src/test/NegRiskAdapter/PrepareQuestion.t.sol LINES 9 16
LINE 9         uint256 feeBips = 0;
LINE 10 
LINE 11         vm.startPrank(oracle);
LINE 12         bytes32 marketId = nrAdapter.prepareMarket(feeBips, "market");
LINE 13 
LINE 14         uint8 i = 0;
LINE 15 
LINE 16         while (i < 255) {
SOURCE_MATCH_END
SOURCE_MATCH_BEGIN src/test/NegRiskAdapter/PrepareQuestion.t.sol LINES 37 44
LINE 37     }
LINE 38 
LINE 39     function test_prepareQuestion_conditionAlreadyPrepared() public {
LINE 40         uint256 feeBips = 0;
LINE 41 
LINE 42         vm.startPrank(oracle);
LINE 43         bytes32 marketId = nrAdapter.prepareMarket(feeBips, "market");
LINE 44 
SOURCE_MATCH_END
SOURCE_MATCH_BEGIN src/test/NegRiskAdapter/PrepareQuestion.t.sol LINES 40 47
LINE 40         uint256 feeBips = 0;
LINE 41 
LINE 42         vm.startPrank(oracle);
LINE 43         bytes32 marketId = nrAdapter.prepareMarket(feeBips, "market");
LINE 44 
LINE 45         uint8 i = 0;
LINE 46 
LINE 47         while (i < 255) {
SOURCE_MATCH_END
SOURCE_MATCH_BEGIN src/test/NegRiskAdapter/PrepareQuestion.t.sol LINES 67 74
LINE 67     }
LINE 68 
LINE 69     function test_revert_prepareQuestion_onlyOracle() public {
LINE 70         uint256 feeBips = 0;
LINE 71         bytes memory data = new bytes(0);
LINE 72 
LINE 73         vm.prank(oracle);
LINE 74         bytes32 marketId = nrAdapter.prepareMarket(feeBips, data);
SOURCE_MATCH_END
SOURCE_MATCH_BEGIN src/test/NegRiskAdapter/PrepareQuestion.t.sol LINES 71 78
LINE 71         bytes memory data = new bytes(0);
LINE 72 
LINE 73         vm.prank(oracle);
LINE 74         bytes32 marketId = nrAdapter.prepareMarket(feeBips, data);
LINE 75 
LINE 76         vm.startPrank(alice);
LINE 77         vm.expectRevert(OnlyOracle.selector);
LINE 78         nrAdapter.prepareQuestion(marketId, data);
SOURCE_MATCH_END
SOURCE_MATCH_BEGIN src/test/NegRiskAdapter/RedeemPositions.t.sol LINES 12 19
LINE 12     function setUp() public override {
LINE 13         NegRiskAdapter_SetUp.setUp();
LINE 14 
LINE 15         uint256 feeBips = 0;
LINE 16         bytes memory data = new bytes(0);
LINE 17 
LINE 18         // prepare a market with a single question
LINE 19         {
SOURCE_MATCH_END
SOURCE_MATCH_BEGIN src/test/NegRiskAdapter/RedeemPositions.t.sol LINES 18 25
LINE 18         // prepare a market with a single question
LINE 19         {
LINE 20             vm.startPrank(oracle);
LINE 21             marketId = nrAdapter.prepareMarket(feeBips, data);
LINE 22             questionId = nrAdapter.prepareQuestion(marketId, data);
LINE 23             conditionId = nrAdapter.getConditionId(questionId);
LINE 24         }
LINE 25     }
SOURCE_MATCH_END
SOURCE_MATCH_BEGIN src/test/NegRiskAdapter/ReportOutcome.t.sol LINES 11 18
LINE 11     function setUp() public override {
LINE 12         NegRiskAdapter_SetUp.setUp();
LINE 13 
LINE 14         uint256 feeBips = 0;
LINE 15         bytes memory data = new bytes(0);
LINE 16 
LINE 17         vm.startPrank(oracle);
LINE 18         marketId = nrAdapter.prepareMarket(feeBips, data);
SOURCE_MATCH_END
SOURCE_MATCH_BEGIN src/test/NegRiskAdapter/ReportOutcome.t.sol LINES 15 22
LINE 15         bytes memory data = new bytes(0);
LINE 16 
LINE 17         vm.startPrank(oracle);
LINE 18         marketId = nrAdapter.prepareMarket(feeBips, data);
LINE 19 
LINE 20         uint8 i = 0;
LINE 21 
LINE 22         while (i < 128) {
SOURCE_MATCH_END
SOURCE_MATCH_BEGIN src/test/NegRiskAdapter/SplitPosition.t.sol LINES 10 17
LINE 10     bytes32 conditionId;
LINE 11 
LINE 12     function _before(uint256 _amount) internal {
LINE 13         uint256 feeBips = 0;
LINE 14         bytes memory data = new bytes(0);
LINE 15 
LINE 16         // prepare question
LINE 17         vm.startPrank(oracle);
SOURCE_MATCH_END
SOURCE_MATCH_BEGIN src/test/NegRiskAdapter/SplitPosition.t.sol LINES 15 22
LINE 15 
LINE 16         // prepare question
LINE 17         vm.startPrank(oracle);
LINE 18         marketId = nrAdapter.prepareMarket(feeBips, data);
LINE 19         questionId = nrAdapter.prepareQuestion(marketId, data);
LINE 20         conditionId = nrAdapter.getConditionId(questionId);
LINE 21         vm.stopPrank();
LINE 22         // split position to alice
SOURCE_MATCH_END
SOURCE_MATCH_BEGIN src/test/NegRiskOperator.t.sol LINES 70 77
LINE 70                              PREPARE MARKET
LINE 71     //////////////////////////////////////////////////////////////*/
LINE 72 
LINE 73     function test_prepareMarket(uint256 _feeBips, bytes memory _data) public {
LINE 74         _feeBips = bound(_feeBips, 0, 10_000);
LINE 75 
LINE 76         vm.expectEmit();
LINE 77         emit MarketPrepared(NegRiskIdLib.getMarketId(address(nrOperator), _feeBips, _data), _feeBips, _data);
SOURCE_MATCH_END
SOURCE_MATCH_BEGIN src/test/NegRiskOperator.t.sol LINES 71 78
LINE 71     //////////////////////////////////////////////////////////////*/
LINE 72 
LINE 73     function test_prepareMarket(uint256 _feeBips, bytes memory _data) public {
LINE 74         _feeBips = bound(_feeBips, 0, 10_000);
LINE 75 
LINE 76         vm.expectEmit();
LINE 77         emit MarketPrepared(NegRiskIdLib.getMarketId(address(nrOperator), _feeBips, _data), _feeBips, _data);
LINE 78 
SOURCE_MATCH_END
SOURCE_MATCH_BEGIN src/test/NegRiskOperator.t.sol LINES 74 81
LINE 74         _feeBips = bound(_feeBips, 0, 10_000);
LINE 75 
LINE 76         vm.expectEmit();
LINE 77         emit MarketPrepared(NegRiskIdLib.getMarketId(address(nrOperator), _feeBips, _data), _feeBips, _data);
LINE 78 
LINE 79         vm.prank(alice);
LINE 80         bytes32 marketId = nrOperator.prepareMarket(_feeBips, _data);
LINE 81 
SOURCE_MATCH_END
SOURCE_MATCH_BEGIN src/test/NegRiskOperator.t.sol LINES 77 84
LINE 77         emit MarketPrepared(NegRiskIdLib.getMarketId(address(nrOperator), _feeBips, _data), _feeBips, _data);
LINE 78 
LINE 79         vm.prank(alice);
LINE 80         bytes32 marketId = nrOperator.prepareMarket(_feeBips, _data);
LINE 81 
LINE 82         assertEq(marketId, NegRiskIdLib.getMarketId(address(nrOperator), _feeBips, _data));
LINE 83         assertEq(nrAdapter.getFeeBips(marketId), _feeBips);
LINE 84         assertEq(nrAdapter.getOracle(marketId), address(nrOperator));
SOURCE_MATCH_END
SOURCE_MATCH_BEGIN src/test/NegRiskOperator.t.sol LINES 79 86
LINE 79         vm.prank(alice);
LINE 80         bytes32 marketId = nrOperator.prepareMarket(_feeBips, _data);
LINE 81 
LINE 82         assertEq(marketId, NegRiskIdLib.getMarketId(address(nrOperator), _feeBips, _data));
LINE 83         assertEq(nrAdapter.getFeeBips(marketId), _feeBips);
LINE 84         assertEq(nrAdapter.getOracle(marketId), address(nrOperator));
LINE 85         assertEq(nrAdapter.getQuestionCount(marketId), 0);
LINE 86     }
SOURCE_MATCH_END
SOURCE_MATCH_BEGIN src/test/NegRiskOperator.t.sol LINES 80 87
LINE 80         bytes32 marketId = nrOperator.prepareMarket(_feeBips, _data);
LINE 81 
LINE 82         assertEq(marketId, NegRiskIdLib.getMarketId(address(nrOperator), _feeBips, _data));
LINE 83         assertEq(nrAdapter.getFeeBips(marketId), _feeBips);
LINE 84         assertEq(nrAdapter.getOracle(marketId), address(nrOperator));
LINE 85         assertEq(nrAdapter.getQuestionCount(marketId), 0);
LINE 86     }
LINE 87 
SOURCE_MATCH_END
SOURCE_MATCH_BEGIN src/test/NegRiskOperator.t.sol LINES 91 98
LINE 91 
LINE 92     function test_prepareQuestion(bytes32 _requestId) public {
LINE 93         bytes memory data = bytes("question");
LINE 94         uint256 feeBips = 0;
LINE 95 
LINE 96         vm.prank(alice);
LINE 97         bytes32 marketId = nrOperator.prepareMarket(feeBips, data);
LINE 98 
SOURCE_MATCH_END
SOURCE_MATCH_BEGIN src/test/NegRiskOperator.t.sol LINES 94 101
LINE 94         uint256 feeBips = 0;
LINE 95 
LINE 96         vm.prank(alice);
LINE 97         bytes32 marketId = nrOperator.prepareMarket(feeBips, data);
LINE 98 
LINE 99         vm.expectEmit();
LINE 100         emit QuestionPrepared(marketId, NegRiskIdLib.getQuestionId(marketId, 0), _requestId, 0, data);
LINE 101 
SOURCE_MATCH_END
SOURCE_MATCH_BEGIN src/test/NegRiskOperator.t.sol LINES 107 114
LINE 107     }
LINE 108 
LINE 109     function test_revert_prepareQuestion_questionWithRequestIdAlreadyPrepared(bytes32 _requestId) public {
LINE 110         uint256 feeBips = 0;
LINE 111 
LINE 112         vm.prank(alice);
LINE 113         bytes32 marketId1 = nrOperator.prepareMarket(feeBips, "market1");
LINE 114 
SOURCE_MATCH_END
SOURCE_MATCH_BEGIN src/test/NegRiskOperator.t.sol LINES 110 117
LINE 110         uint256 feeBips = 0;
LINE 111 
LINE 112         vm.prank(alice);
LINE 113         bytes32 marketId1 = nrOperator.prepareMarket(feeBips, "market1");
LINE 114 
LINE 115         vm.prank(alice);
LINE 116         nrOperator.prepareQuestion(marketId1, "", _requestId);
LINE 117 
SOURCE_MATCH_END
SOURCE_MATCH_BEGIN src/test/NegRiskOperator.t.sol LINES 116 123
LINE 116         nrOperator.prepareQuestion(marketId1, "", _requestId);
LINE 117 
LINE 118         vm.prank(alice);
LINE 119         bytes32 marketId2 = nrOperator.prepareMarket(feeBips, "market2");
LINE 120 
LINE 121         vm.prank(alice);
LINE 122         vm.expectRevert(QuestionWithRequestIdAlreadyPrepared.selector);
LINE 123         nrOperator.prepareQuestion(marketId2, "", _requestId);
SOURCE_MATCH_END
SOURCE_MATCH_BEGIN src/test/NegRiskOperator.t.sol LINES 129 136
LINE 129 
LINE 130     function test_reportPayouts(bytes32 _requestId, bool _result) public {
LINE 131         bytes memory data = new bytes(0);
LINE 132         uint256 feeBips = 0;
LINE 133 
LINE 134         vm.prank(alice);
LINE 135         bytes32 marketId = nrOperator.prepareMarket(feeBips, data);
LINE 136 
SOURCE_MATCH_END
SOURCE_MATCH_BEGIN src/test/NegRiskOperator.t.sol LINES 132 139
LINE 132         uint256 feeBips = 0;
LINE 133 
LINE 134         vm.prank(alice);
LINE 135         bytes32 marketId = nrOperator.prepareMarket(feeBips, data);
LINE 136 
LINE 137         vm.prank(alice);
LINE 138         bytes32 questionId = nrOperator.prepareQuestion(marketId, data, _requestId);
LINE 139 
SOURCE_MATCH_END
SOURCE_MATCH_BEGIN src/test/NegRiskOperator.t.sol LINES 190 197
LINE 190 
LINE 191     function test_revert_reportPayouts_questionAlreadyReported(bytes32 _requestId, bool _result) public {
LINE 192         bytes memory data = new bytes(0);
LINE 193         uint256 feeBips = 0;
LINE 194 
LINE 195         vm.prank(alice);
LINE 196         bytes32 marketId = nrOperator.prepareMarket(feeBips, data);
LINE 197 
SOURCE_MATCH_END
SOURCE_MATCH_BEGIN src/test/NegRiskOperator.t.sol LINES 193 200
LINE 193         uint256 feeBips = 0;
LINE 194 
LINE 195         vm.prank(alice);
LINE 196         bytes32 marketId = nrOperator.prepareMarket(feeBips, data);
LINE 197 
LINE 198         vm.prank(alice);
LINE 199         nrOperator.prepareQuestion(marketId, data, _requestId);
LINE 200 
SOURCE_MATCH_END
SOURCE_MATCH_BEGIN src/test/NegRiskOperator.t.sol LINES 212 219
LINE 212 
LINE 213     function test_resolveQuestion(bytes32 _requestId, bool _result) public {
LINE 214         bytes memory data = new bytes(0);
LINE 215         uint256 feeBips = 0;
LINE 216 
LINE 217         vm.prank(alice);
LINE 218         bytes32 marketId = nrOperator.prepareMarket(feeBips, data);
LINE 219 
SOURCE_MATCH_END
SOURCE_MATCH_BEGIN src/test/NegRiskOperator.t.sol LINES 215 222
LINE 215         uint256 feeBips = 0;
LINE 216 
LINE 217         vm.prank(alice);
LINE 218         bytes32 marketId = nrOperator.prepareMarket(feeBips, data);
LINE 219 
LINE 220         vm.prank(alice);
LINE 221         bytes32 questionId = nrOperator.prepareQuestion(marketId, data, _requestId);
LINE 222 
SOURCE_MATCH_END
SOURCE_MATCH_BEGIN src/test/NegRiskOperator.t.sol LINES 237 244
LINE 237 
LINE 238     function test_revert_resolveQuestion_resultNotAvailable(bytes32 _requestId) public {
LINE 239         bytes memory data = new bytes(0);
LINE 240         uint256 feeBips = 0;
LINE 241 
LINE 242         vm.prank(alice);
LINE 243         bytes32 marketId = nrOperator.prepareMarket(feeBips, data);
LINE 244 
SOURCE_MATCH_END
SOURCE_MATCH_BEGIN src/test/NegRiskOperator.t.sol LINES 240 247
LINE 240         uint256 feeBips = 0;
LINE 241 
LINE 242         vm.prank(alice);
LINE 243         bytes32 marketId = nrOperator.prepareMarket(feeBips, data);
LINE 244 
LINE 245         vm.prank(alice);
LINE 246         bytes32 questionId = nrOperator.prepareQuestion(marketId, data, _requestId);
LINE 247 
SOURCE_MATCH_END
SOURCE_MATCH_BEGIN src/test/NegRiskOperator.t.sol LINES 253 260
LINE 253         public
LINE 254     {
LINE 255         bytes memory data = new bytes(0);
LINE 256         uint256 feeBips = 0;
LINE 257 
LINE 258         vm.prank(alice);
LINE 259         bytes32 marketId = nrOperator.prepareMarket(feeBips, data);
LINE 260 
SOURCE_MATCH_END
SOURCE_MATCH_BEGIN src/test/NegRiskOperator.t.sol LINES 256 263
LINE 256         uint256 feeBips = 0;
LINE 257 
LINE 258         vm.prank(alice);
LINE 259         bytes32 marketId = nrOperator.prepareMarket(feeBips, data);
LINE 260 
LINE 261         vm.prank(alice);
LINE 262         bytes32 questionId = nrOperator.prepareQuestion(marketId, data, _requestId);
LINE 263 
SOURCE_MATCH_END
SOURCE_MATCH_BEGIN src/test/NegRiskOperator.t.sol LINES 332 339
LINE 332 
LINE 333     function test_emergencyResolveQuestion(bytes32 _requestId, bool _result) public {
LINE 334         bytes memory data = new bytes(0);
LINE 335         uint256 feeBips = 0;
LINE 336 
LINE 337         vm.prank(alice);
LINE 338         bytes32 marketId = nrOperator.prepareMarket(feeBips, data);
LINE 339 
SOURCE_MATCH_END
SOURCE_MATCH_BEGIN src/test/NegRiskOperator.t.sol LINES 335 342
LINE 335         uint256 feeBips = 0;
LINE 336 
LINE 337         vm.prank(alice);
LINE 338         bytes32 marketId = nrOperator.prepareMarket(feeBips, data);
LINE 339 
LINE 340         vm.prank(alice);
LINE 341         bytes32 questionId = nrOperator.prepareQuestion(marketId, data, _requestId);
LINE 342 
SOURCE_MATCH_END
SOURCE_MATCH_BEGIN src/types/MarketData.sol LINES 1 8
LINE 1 // SPDX-License-Identifier: MIT
LINE 2 pragma solidity ^0.8.15;
LINE 3 
LINE 4 /// @notice the MarketData user-defined type, a zero-cost abstraction over bytes32
LINE 5 type MarketData is bytes32;
LINE 6 
LINE 7 // md[0] = questionCount
LINE 8 // md[1] = determined
SOURCE_MATCH_END
SOURCE_MATCH_BEGIN src/types/MarketData.sol LINES 2 9
LINE 2 pragma solidity ^0.8.15;
LINE 3 
LINE 4 /// @notice the MarketData user-defined type, a zero-cost abstraction over bytes32
LINE 5 type MarketData is bytes32;
LINE 6 
LINE 7 // md[0] = questionCount
LINE 8 // md[1] = determined
LINE 9 // md[2] = result
SOURCE_MATCH_END
SOURCE_MATCH_BEGIN src/types/MarketData.sol LINES 7 14
LINE 7 // md[0] = questionCount
LINE 8 // md[1] = determined
LINE 9 // md[2] = result
LINE 10 // md[3:4] = feeBips
LINE 11 // md[12:32] = oracle
LINE 12 
LINE 13 using MarketDataLib for MarketData global;
LINE 14 
SOURCE_MATCH_END
SOURCE_MATCH_BEGIN src/types/MarketData.sol LINES 10 17
LINE 10 // md[3:4] = feeBips
LINE 11 // md[12:32] = oracle
LINE 12 
LINE 13 using MarketDataLib for MarketData global;
LINE 14 
LINE 15 /// @title MarketDataLib
LINE 16 /// @notice Library for dealing with the MarketData user-defined bytes32 type
LINE 17 /// @author Mike Shrieve (mike@polymarket.com)
SOURCE_MATCH_END
SOURCE_MATCH_BEGIN src/types/MarketData.sol LINES 12 19
LINE 12 
LINE 13 using MarketDataLib for MarketData global;
LINE 14 
LINE 15 /// @title MarketDataLib
LINE 16 /// @notice Library for dealing with the MarketData user-defined bytes32 type
LINE 17 /// @author Mike Shrieve (mike@polymarket.com)
LINE 18 library MarketDataLib {
LINE 19     error DeterminedFlagAlreadySet();
SOURCE_MATCH_END
SOURCE_MATCH_BEGIN src/types/MarketData.sol LINES 13 20
LINE 13 using MarketDataLib for MarketData global;
LINE 14 
LINE 15 /// @title MarketDataLib
LINE 16 /// @notice Library for dealing with the MarketData user-defined bytes32 type
LINE 17 /// @author Mike Shrieve (mike@polymarket.com)
LINE 18 library MarketDataLib {
LINE 19     error DeterminedFlagAlreadySet();
LINE 20 
SOURCE_MATCH_END
SOURCE_MATCH_BEGIN src/types/MarketData.sol LINES 15 22
LINE 15 /// @title MarketDataLib
LINE 16 /// @notice Library for dealing with the MarketData user-defined bytes32 type
LINE 17 /// @author Mike Shrieve (mike@polymarket.com)
LINE 18 library MarketDataLib {
LINE 19     error DeterminedFlagAlreadySet();
LINE 20 
LINE 21     /// @notice used to increment the questionCount
LINE 22     uint256 constant INCREMENT = uint256(bytes32(bytes1(0x01)));
SOURCE_MATCH_END
SOURCE_MATCH_BEGIN src/types/MarketData.sol LINES 21 28
LINE 21     /// @notice used to increment the questionCount
LINE 22     uint256 constant INCREMENT = uint256(bytes32(bytes1(0x01)));
LINE 23 
LINE 24     /// @notice extracts the oracle address from MarketData
LINE 25     /// @return oracle - the address of the oracle
LINE 26     function oracle(MarketData _data) internal pure returns (address) {
LINE 27         return address(uint160(uint256(MarketData.unwrap(_data))));
LINE 28     }
SOURCE_MATCH_END
SOURCE_MATCH_BEGIN src/types/MarketData.sol LINES 23 30
LINE 23 
LINE 24     /// @notice extracts the oracle address from MarketData
LINE 25     /// @return oracle - the address of the oracle
LINE 26     function oracle(MarketData _data) internal pure returns (address) {
LINE 27         return address(uint160(uint256(MarketData.unwrap(_data))));
LINE 28     }
LINE 29 
LINE 30     /// @notice extracts the questionCount from MarketData
SOURCE_MATCH_END
SOURCE_MATCH_BEGIN src/types/MarketData.sol LINES 24 31
LINE 24     /// @notice extracts the oracle address from MarketData
LINE 25     /// @return oracle - the address of the oracle
LINE 26     function oracle(MarketData _data) internal pure returns (address) {
LINE 27         return address(uint160(uint256(MarketData.unwrap(_data))));
LINE 28     }
LINE 29 
LINE 30     /// @notice extracts the questionCount from MarketData
LINE 31     /// @return questionCount - the number of questions in the market
SOURCE_MATCH_END
SOURCE_MATCH_BEGIN src/types/MarketData.sol LINES 27 34
LINE 27         return address(uint160(uint256(MarketData.unwrap(_data))));
LINE 28     }
LINE 29 
LINE 30     /// @notice extracts the questionCount from MarketData
LINE 31     /// @return questionCount - the number of questions in the market
LINE 32     function questionCount(MarketData _data) internal pure returns (uint256) {
LINE 33         return uint256(uint8(MarketData.unwrap(_data)[0]));
LINE 34     }
SOURCE_MATCH_END
SOURCE_MATCH_BEGIN src/types/MarketData.sol LINES 29 36
LINE 29 
LINE 30     /// @notice extracts the questionCount from MarketData
LINE 31     /// @return questionCount - the number of questions in the market
LINE 32     function questionCount(MarketData _data) internal pure returns (uint256) {
LINE 33         return uint256(uint8(MarketData.unwrap(_data)[0]));
LINE 34     }
LINE 35 
LINE 36     /// @notice increments the questionCount
SOURCE_MATCH_END
SOURCE_MATCH_BEGIN src/types/MarketData.sol LINES 30 37
LINE 30     /// @notice extracts the questionCount from MarketData
LINE 31     /// @return questionCount - the number of questions in the market
LINE 32     function questionCount(MarketData _data) internal pure returns (uint256) {
LINE 33         return uint256(uint8(MarketData.unwrap(_data)[0]));
LINE 34     }
LINE 35 
LINE 36     /// @notice increments the questionCount
LINE 37     /// @notice does _not_ check to see if the questionCount is already at the maximum value
SOURCE_MATCH_END
SOURCE_MATCH_BEGIN src/types/MarketData.sol LINES 35 42
LINE 35 
LINE 36     /// @notice increments the questionCount
LINE 37     /// @notice does _not_ check to see if the questionCount is already at the maximum value
LINE 38     /// @return marketData - the modified MarketData
LINE 39     function incrementQuestionCount(MarketData _data) internal pure returns (MarketData) {
LINE 40         bytes32 data = MarketData.unwrap(_data);
LINE 41         data = bytes32(uint256(data) + INCREMENT);
LINE 42         return MarketData.wrap(data);
SOURCE_MATCH_END
SOURCE_MATCH_BEGIN src/types/MarketData.sol LINES 36 43
LINE 36     /// @notice increments the questionCount
LINE 37     /// @notice does _not_ check to see if the questionCount is already at the maximum value
LINE 38     /// @return marketData - the modified MarketData
LINE 39     function incrementQuestionCount(MarketData _data) internal pure returns (MarketData) {
LINE 40         bytes32 data = MarketData.unwrap(_data);
LINE 41         data = bytes32(uint256(data) + INCREMENT);
LINE 42         return MarketData.wrap(data);
LINE 43     }
SOURCE_MATCH_END
SOURCE_MATCH_BEGIN src/types/MarketData.sol LINES 37 44
LINE 37     /// @notice does _not_ check to see if the questionCount is already at the maximum value
LINE 38     /// @return marketData - the modified MarketData
LINE 39     function incrementQuestionCount(MarketData _data) internal pure returns (MarketData) {
LINE 40         bytes32 data = MarketData.unwrap(_data);
LINE 41         data = bytes32(uint256(data) + INCREMENT);
LINE 42         return MarketData.wrap(data);
LINE 43     }
LINE 44 
SOURCE_MATCH_END
SOURCE_MATCH_BEGIN src/types/MarketData.sol LINES 39 46
LINE 39     function incrementQuestionCount(MarketData _data) internal pure returns (MarketData) {
LINE 40         bytes32 data = MarketData.unwrap(_data);
LINE 41         data = bytes32(uint256(data) + INCREMENT);
LINE 42         return MarketData.wrap(data);
LINE 43     }
LINE 44 
LINE 45     /// @notice extracts the determined flag from MarketData
LINE 46     /// @return determined - true if the market has been determined, i.e. if one of the questions was resolved true
SOURCE_MATCH_END
SOURCE_MATCH_BEGIN src/types/MarketData.sol LINES 42 49
LINE 42         return MarketData.wrap(data);
LINE 43     }
LINE 44 
LINE 45     /// @notice extracts the determined flag from MarketData
LINE 46     /// @return determined - true if the market has been determined, i.e. if one of the questions was resolved true
LINE 47     function determined(MarketData _data) internal pure returns (bool) {
LINE 48         return MarketData.unwrap(_data)[1] == 0x00 ? false : true;
LINE 49     }
SOURCE_MATCH_END
SOURCE_MATCH_BEGIN src/types/MarketData.sol LINES 44 51
LINE 44 
LINE 45     /// @notice extracts the determined flag from MarketData
LINE 46     /// @return determined - true if the market has been determined, i.e. if one of the questions was resolved true
LINE 47     function determined(MarketData _data) internal pure returns (bool) {
LINE 48         return MarketData.unwrap(_data)[1] == 0x00 ? false : true;
LINE 49     }
LINE 50 
LINE 51     /// @notice marks the market as determined
SOURCE_MATCH_END
SOURCE_MATCH_BEGIN src/types/MarketData.sol LINES 45 52
LINE 45     /// @notice extracts the determined flag from MarketData
LINE 46     /// @return determined - true if the market has been determined, i.e. if one of the questions was resolved true
LINE 47     function determined(MarketData _data) internal pure returns (bool) {
LINE 48         return MarketData.unwrap(_data)[1] == 0x00 ? false : true;
LINE 49     }
LINE 50 
LINE 51     /// @notice marks the market as determined
LINE 52     /// @param _result - the result of the market, i.e., the index of the question that was resolved true
SOURCE_MATCH_END
SOURCE_MATCH_BEGIN src/types/MarketData.sol LINES 50 57
LINE 50 
LINE 51     /// @notice marks the market as determined
LINE 52     /// @param _result - the result of the market, i.e., the index of the question that was resolved true
LINE 53     /// @return marketData - the modified MarketData
LINE 54     function determine(MarketData _data, uint256 _result) internal pure returns (MarketData) {
LINE 55         bytes32 data = MarketData.unwrap(_data);
LINE 56 
LINE 57         if (data[1] != 0x00) revert DeterminedFlagAlreadySet();
SOURCE_MATCH_END
SOURCE_MATCH_BEGIN src/types/MarketData.sol LINES 51 58
LINE 51     /// @notice marks the market as determined
LINE 52     /// @param _result - the result of the market, i.e., the index of the question that was resolved true
LINE 53     /// @return marketData - the modified MarketData
LINE 54     function determine(MarketData _data, uint256 _result) internal pure returns (MarketData) {
LINE 55         bytes32 data = MarketData.unwrap(_data);
LINE 56 
LINE 57         if (data[1] != 0x00) revert DeterminedFlagAlreadySet();
LINE 58         data |= bytes32(bytes1(0x01)) >> 8;
SOURCE_MATCH_END
SOURCE_MATCH_BEGIN src/types/MarketData.sol LINES 52 59
LINE 52     /// @param _result - the result of the market, i.e., the index of the question that was resolved true
LINE 53     /// @return marketData - the modified MarketData
LINE 54     function determine(MarketData _data, uint256 _result) internal pure returns (MarketData) {
LINE 55         bytes32 data = MarketData.unwrap(_data);
LINE 56 
LINE 57         if (data[1] != 0x00) revert DeterminedFlagAlreadySet();
LINE 58         data |= bytes32(bytes1(0x01)) >> 8;
LINE 59         data |= bytes32(bytes1(uint8(_result))) >> 16;
SOURCE_MATCH_END
SOURCE_MATCH_BEGIN src/types/MarketData.sol LINES 58 65
LINE 58         data |= bytes32(bytes1(0x01)) >> 8;
LINE 59         data |= bytes32(bytes1(uint8(_result))) >> 16;
LINE 60 
LINE 61         return MarketData.wrap(data);
LINE 62     }
LINE 63 
LINE 64     /// @notice initializes the MarketData type
LINE 65     /// @param _oracle - the address of the oracle
SOURCE_MATCH_END
SOURCE_MATCH_BEGIN src/types/MarketData.sol LINES 61 68
LINE 61         return MarketData.wrap(data);
LINE 62     }
LINE 63 
LINE 64     /// @notice initializes the MarketData type
LINE 65     /// @param _oracle - the address of the oracle
LINE 66     /// @param _feeBips - the feeBips, out of 10_000
LINE 67     /// @return marketData - the initialized MarketData
LINE 68     function initialize(address _oracle, uint256 _feeBips) internal pure returns (MarketData) {
SOURCE_MATCH_END
SOURCE_MATCH_BEGIN src/types/MarketData.sol LINES 63 70
LINE 63 
LINE 64     /// @notice initializes the MarketData type
LINE 65     /// @param _oracle - the address of the oracle
LINE 66     /// @param _feeBips - the feeBips, out of 10_000
LINE 67     /// @return marketData - the initialized MarketData
LINE 68     function initialize(address _oracle, uint256 _feeBips) internal pure returns (MarketData) {
LINE 69         bytes32 data;
LINE 70         data |= bytes32(bytes2(uint16(_feeBips))) >> 24;
SOURCE_MATCH_END
SOURCE_MATCH_BEGIN src/types/MarketData.sol LINES 64 71
LINE 64     /// @notice initializes the MarketData type
LINE 65     /// @param _oracle - the address of the oracle
LINE 66     /// @param _feeBips - the feeBips, out of 10_000
LINE 67     /// @return marketData - the initialized MarketData
LINE 68     function initialize(address _oracle, uint256 _feeBips) internal pure returns (MarketData) {
LINE 69         bytes32 data;
LINE 70         data |= bytes32(bytes2(uint16(_feeBips))) >> 24;
LINE 71         data |= bytes32(uint256(uint160(_oracle)));
SOURCE_MATCH_END
SOURCE_MATCH_BEGIN src/types/MarketData.sol LINES 65 72
LINE 65     /// @param _oracle - the address of the oracle
LINE 66     /// @param _feeBips - the feeBips, out of 10_000
LINE 67     /// @return marketData - the initialized MarketData
LINE 68     function initialize(address _oracle, uint256 _feeBips) internal pure returns (MarketData) {
LINE 69         bytes32 data;
LINE 70         data |= bytes32(bytes2(uint16(_feeBips))) >> 24;
LINE 71         data |= bytes32(uint256(uint160(_oracle)));
LINE 72         return MarketData.wrap(data);
SOURCE_MATCH_END
SOURCE_MATCH_BEGIN src/types/MarketData.sol LINES 67 74
LINE 67     /// @return marketData - the initialized MarketData
LINE 68     function initialize(address _oracle, uint256 _feeBips) internal pure returns (MarketData) {
LINE 69         bytes32 data;
LINE 70         data |= bytes32(bytes2(uint16(_feeBips))) >> 24;
LINE 71         data |= bytes32(uint256(uint160(_oracle)));
LINE 72         return MarketData.wrap(data);
LINE 73     }
LINE 74 
SOURCE_MATCH_END
SOURCE_MATCH_BEGIN src/types/MarketData.sol LINES 69 76
LINE 69         bytes32 data;
LINE 70         data |= bytes32(bytes2(uint16(_feeBips))) >> 24;
LINE 71         data |= bytes32(uint256(uint160(_oracle)));
LINE 72         return MarketData.wrap(data);
LINE 73     }
LINE 74 
LINE 75     /// @notice extracts the result from MarketData, i.e., the index of the question that was resolved true
LINE 76     /// @notice if the market has not been determined, returns zero
SOURCE_MATCH_END
SOURCE_MATCH_BEGIN src/types/MarketData.sol LINES 72 79
LINE 72         return MarketData.wrap(data);
LINE 73     }
LINE 74 
LINE 75     /// @notice extracts the result from MarketData, i.e., the index of the question that was resolved true
LINE 76     /// @notice if the market has not been determined, returns zero
LINE 77     /// @return result - the index of the question that was resolved true, or zero
LINE 78     function result(MarketData _data) internal pure returns (uint256) {
LINE 79         return uint256(uint8(MarketData.unwrap(_data)[2]));
SOURCE_MATCH_END
SOURCE_MATCH_BEGIN src/types/MarketData.sol LINES 75 82
LINE 75     /// @notice extracts the result from MarketData, i.e., the index of the question that was resolved true
LINE 76     /// @notice if the market has not been determined, returns zero
LINE 77     /// @return result - the index of the question that was resolved true, or zero
LINE 78     function result(MarketData _data) internal pure returns (uint256) {
LINE 79         return uint256(uint8(MarketData.unwrap(_data)[2]));
LINE 80     }
LINE 81 
LINE 82     /// @notice extracts the feeBips from MarketData, out of 10_000
SOURCE_MATCH_END
SOURCE_MATCH_BEGIN src/types/MarketData.sol LINES 76 83
LINE 76     /// @notice if the market has not been determined, returns zero
LINE 77     /// @return result - the index of the question that was resolved true, or zero
LINE 78     function result(MarketData _data) internal pure returns (uint256) {
LINE 79         return uint256(uint8(MarketData.unwrap(_data)[2]));
LINE 80     }
LINE 81 
LINE 82     /// @notice extracts the feeBips from MarketData, out of 10_000
LINE 83     /// @return feeBips - the feeBips
SOURCE_MATCH_END
SOURCE_MATCH_BEGIN src/types/MarketData.sol LINES 79 86
LINE 79         return uint256(uint8(MarketData.unwrap(_data)[2]));
LINE 80     }
LINE 81 
LINE 82     /// @notice extracts the feeBips from MarketData, out of 10_000
LINE 83     /// @return feeBips - the feeBips
LINE 84     function feeBips(MarketData _data) internal pure returns (uint256) {
LINE 85         return uint256(uint16(bytes2(MarketData.unwrap(_data) << 24)));
LINE 86     }
SOURCE_MATCH_END
SOURCE_MATCH_BEGIN src/types/MarketData.sol LINES 80 87
LINE 80     }
LINE 81 
LINE 82     /// @notice extracts the feeBips from MarketData, out of 10_000
LINE 83     /// @return feeBips - the feeBips
LINE 84     function feeBips(MarketData _data) internal pure returns (uint256) {
LINE 85         return uint256(uint16(bytes2(MarketData.unwrap(_data) << 24)));
LINE 86     }
LINE 87 }
SOURCE_MATCH_END
SOURCE_MATCH_BEGIN src/types/MarketData.sol LINES 81 87
LINE 81 
LINE 82     /// @notice extracts the feeBips from MarketData, out of 10_000
LINE 83     /// @return feeBips - the feeBips
LINE 84     function feeBips(MarketData _data) internal pure returns (uint256) {
LINE 85         return uint256(uint16(bytes2(MarketData.unwrap(_data) << 24)));
LINE 86     }
LINE 87 }
SOURCE_MATCH_END
SOURCE_MATCH_BEGIN src/types/MarketData.sol LINES 82 87
LINE 82     /// @notice extracts the feeBips from MarketData, out of 10_000
LINE 83     /// @return feeBips - the feeBips
LINE 84     function feeBips(MarketData _data) internal pure returns (uint256) {
LINE 85         return uint256(uint16(bytes2(MarketData.unwrap(_data) << 24)));
LINE 86     }
LINE 87 }
SOURCE_MATCH_END
SOURCE_FILES_WITH_MARKETDATA 18
MARKETDATA_SOURCE src/NegRiskAdapter.sol
MARKETDATA_SOURCE src/NegRiskOperator.sol
MARKETDATA_SOURCE src/interfaces/INegRiskAdapter.sol
MARKETDATA_SOURCE src/libraries/NegRiskIdLib.sol
MARKETDATA_SOURCE src/modules/MarketDataManager.sol
MARKETDATA_SOURCE src/snapshots/ConditionalTokens.snap.sol
MARKETDATA_SOURCE src/snapshots/NegRiskAdapter.snap.sol
MARKETDATA_SOURCE src/test/Integration.t.sol
MARKETDATA_SOURCE src/test/MarketData.t.sol
MARKETDATA_SOURCE src/test/NegRiskAdapter/ConvertPositions.t.sol
MARKETDATA_SOURCE src/test/NegRiskAdapter/MergePositions.t.sol
MARKETDATA_SOURCE src/test/NegRiskAdapter/PrepareMarket.t.sol
MARKETDATA_SOURCE src/test/NegRiskAdapter/PrepareQuestion.t.sol
MARKETDATA_SOURCE src/test/NegRiskAdapter/RedeemPositions.t.sol
MARKETDATA_SOURCE src/test/NegRiskAdapter/ReportOutcome.t.sol
MARKETDATA_SOURCE src/test/NegRiskAdapter/SplitPosition.t.sol
MARKETDATA_SOURCE src/test/NegRiskOperator.t.sol
MARKETDATA_SOURCE src/types/MarketData.sol
CALL_SIGNATURE getMarketData(bytes32)
CALL_SELECTOR 0x30f4f4bb
CALL_SUCCESS getMarketData(bytes32) True
CALL_RESULT 0x0a0000000000000000000000661992aebf6becf7ba5abb66f6b0bf62aa7a2e93
CALL_RESULT_BYTES 32
CALL_WORD_COUNT 1
CALL_WORD 0 HEX 0x0a0000000000000000000000661992aebf6becf7ba5abb66f6b0bf62aa7a2e93 UINT 4523128485832663883733241602484758755629674483525685312230834121374969769619
CALL_SIGNATURE marketData(bytes32)
CALL_SELECTOR 0x6972bc91
CALL_SUCCESS marketData(bytes32) False
CALL_ERROR marketData(bytes32) rpc_{'code': 3, 'message': 'execution reverted', 'data': '0x'}
CALL_SIGNATURE markets(bytes32)
CALL_SELECTOR 0x7564912b
CALL_SUCCESS markets(bytes32) False
CALL_ERROR markets(bytes32) rpc_{'code': 3, 'message': 'execution reverted', 'data': '0x'}
CURRENT_NEGRISK_MARKETDATA_E430_PASS
