REGISTRY
{
  "policy": "free_public_only",
  "sources": [
    {
      "cadence": "hourly",
      "cost_class": "free_public",
      "grade": "primary",
      "id": "kalshi_docs",
      "name": "Kalshi documentation",
      "type": "official_venue",
      "url": "https://docs.kalshi.com/"
    },
    {
      "cadence": "hourly",
      "cost_class": "free_public",
      "grade": "primary",
      "id": "polymarket_docs",
      "name": "Polymarket documentation",
      "type": "official_venue",
      "url": "https://docs.polymarket.com/"
    },
    {
      "cadence": "daily",
      "cost_class": "free_public",
      "grade": "primary",
      "id": "cftc",
      "name": "CFTC",
      "type": "regulator",
      "url": "https://www.cftc.gov/"
    },
    {
      "cadence": "hourly",
      "cost_class": "free_public",
      "grade": "primary",
      "id": "aviationweather",
      "name": "Aviation Weather Center",
      "type": "meteorology",
      "url": "https://aviationweather.gov/"
    },
    {
      "cadence": "hourly",
      "cost_class": "free_public",
      "grade": "primary",
      "id": "nws",
      "name": "National Weather Service",
      "type": "meteorology",
      "url": "https://www.weather.gov/"
    },
    {
      "cadence": "hourly",
      "cost_class": "free_public",
      "grade": "primary",
      "id": "ecmwf_open",
      "name": "ECMWF Open Data",
      "type": "meteorology",
      "url": "https://www.ecmwf.int/en/forecasts/datasets/open-data"
    },
    {
      "cadence": "hourly",
      "cost_class": "free_public",
      "grade": "primary",
      "id": "nomads",
      "name": "NCEP NOMADS",
      "type": "meteorology",
      "url": "https://nomads.ncep.noaa.gov/"
    },
    {
      "cadence": "hourly",
      "cost_class": "free_public",
      "grade": "secondary",
      "id": "arxiv",
      "name": "arXiv",
      "type": "papers",
      "url": "https://arxiv.org/"
    },
    {
      "cadence": "hourly",
      "cost_class": "free_public",
      "grade": "discovery",
      "id": "github",
      "name": "GitHub public repositories",
      "type": "code",
      "url": "https://github.com/"
    },
    {
      "cadence": "hourly",
      "cost_class": "free_public",
      "grade": "discovery",
      "id": "reddit",
      "name": "Reddit public discussions",
      "type": "community",
      "url": "https://www.reddit.com/"
    },
    {
      "cadence": "hourly",
      "cost_class": "free_public",
      "grade": "discovery",
      "id": "youtube",
      "name": "YouTube public content",
      "type": "video",
      "url": "https://www.youtube.com/"
    }
  ],
  "version": 1
}

COLLECTOR
from pathlib import Path
from datetime import datetime, timezone
import hashlib
import json
import urllib.request

ROOT = Path.cwd()
REGISTRY = ROOT / "knowledge/sources/registry.json"
RAW = Path.home() / ".local/state/prediction-research/raw"
MANIFESTS = ROOT / "knowledge/documents/manifests"

def load_sources():
    data = json.loads(REGISTRY.read_text())
    sources = data.get("sources", [])
    for source in sources:
        if source.get("cost_class") != "free_public":
            raise RuntimeError("non-free source blocked")
    return sources

def fetch(source):
    request = urllib.request.Request(source["url"], headers={"User-Agent":"PredictionResearch-public"})
    with urllib.request.urlopen(request, timeout=15) as response:
        body = response.read(750000)
        headers = dict(response.headers)
        status = int(getattr(response, "status", 200))
    return body, headers, status

def archive(source, body, headers, status):
    now = datetime.now(timezone.utc)
    digest = hashlib.sha256(body).hexdigest()
    rawdir = RAW / source["id"]
    rawdir.mkdir(parents=True, exist_ok=True)
    rawpath = rawdir / (digest + ".bin")
    is_new = not rawpath.exists()
    if is_new:
        rawpath.write_bytes(body)
    mdir = MANIFESTS / source["id"]
    mdir.mkdir(parents=True, exist_ok=True)
    data = {"source_id":source["id"],"retrieved_at":now.isoformat(),"sha256":digest,"bytes":len(body),"http_status":status,"content_type":headers.get("Content-Type"),"etag":headers.get("ETag"),"last_modified":headers.get("Last-Modified"),"is_new_content":is_new,"cost_class":"free_public"}
    mp = mdir / (now.strftime("%Y%m%dT%H%M%SZ") + "_" + digest[:12] + ".json")
    mp.write_text(json.dumps(data, indent=2, sort_keys=True) + chr(10))
    return data

if __name__ == "__main__":
    sources = load_sources()
    print(json.dumps({"ok":True,"sources":len(sources)}, sort_keys=True))

