{
  "status": "ok",
  "task_id": "CONTROL-INVENTORY-E020",
  "queue_status": "ACTIVE",
  "pending_tasks": [],
  "repo_agent_hourly_timer_service_files": [
    "AGENTS.md",
    "agents/roles/algebra_researcher.md",
    "agents/roles/chief_falsifier.md",
    "agents/roles/crowd_researcher.md",
    "agents/roles/human_bias_researcher.md",
    "agents/roles/independent_reproducer.md",
    "agents/roles/informed_flow_researcher.md",
    "agents/roles/microstructure_researcher.md",
    "agents/roles/prebuild_killer.md",
    "agents/roles/research_director.md",
    "agents/roles/settlement_researcher.md",
    "control/RESEARCH_ACTIVATION_LOG.md",
    "control/jobs/activate_research_e019.py",
    "control/jobs/install_watchdog_v1.py",
    "control/jobs/install_watchdog_v2.py",
    "control/jobs/install_watchdog_v3.py",
    "control/jobs/watchdog_v1.py",
    "control/results/CONTROL-RESEARCH-PAUSE-E004/RESULT.json",
    "control/results/CONTROL-RESEARCH-PAUSE-E004/stderr.log",
    "control/results/CONTROL-RESEARCH-PAUSE-E004/stdout.log",
    "control/results/WATCHDOG-V1-E016/RESULT.json",
    "control/results/WATCHDOG-V1-E016/stderr.log",
    "control/results/WATCHDOG-V1-E016/stdout.log",
    "control/results/WATCHDOG-V1-E017/RESULT.json",
    "control/results/WATCHDOG-V1-E017/stderr.log",
    "control/results/WATCHDOG-V1-E017/stdout.log",
    "control/results/WATCHDOG-V1-E018/RESULT.json",
    "control/results/WATCHDOG-V1-E018/stderr.log",
    "control/results/WATCHDOG-V1-E018/stdout.log",
    "control/tasks/completed/CONTROL-RESEARCH-PAUSE-E004.json",
    "control/tasks/failed/WATCHDOG-V1-E016.json",
    "control/tasks/failed/WATCHDOG-V1-E017.json",
    "control/tasks/failed/WATCHDOG-V1-E018.json",
    "hourly-reports/2026-09-19/1654_prediction_edge_watch.md",
    "hourly-reports/2026-09-19T1758-news-weak-signal-strategy.md",
    "hourly-reports/2026-09-19_1733_news_weak_signal.md",
    "hourly-reports/2026-09-19_1753_news_weak_signals.md",
    "knowledge/kalshi/RESEARCH_STOP_INFORMED_FLOW_2026-09-19.md",
    "knowledge/public_research/2026-09-19_1620_edge_watch.yaml",
    "knowledge/public_research/2026-09-19_1632_mve_sweep.yaml",
    "knowledge/public_research/2026-09-19_initial_sweep.yaml",
    "knowledge/public_research/2026-09-19_public_claims_and_abuse_lessons.md",
    "meta/HOURLY_REPORT_PROTOCOL.md",
    "meta/RESEARCH_PAUSED_2026-09-19_1800_CEST.md",
    "meta/RESEARCH_STOP_HANDOFF_2026-09-19.md",
    "meta/hourly_reports/2026-09-19_1600_CEST.md",
    "meta/hourly_reports/2026-09-19_1620_CEST.md",
    "meta/hourly_reports/2026-09-19_1632_CEST.md",
    "methodology/RESEARCH_PROTOCOL.md",
    "tests/bridge/test_watchdog_v1.py"
  ],
  "user_units": [
    "gpg-agent.service                                static    -",
    "prediction-research-browser-bridge.service       enabled   enabled",
    "prediction-research-executor.service             enabled   enabled",
    "snapd.session-agent.service                      static    -",
    "ssh-agent.service                                static    -",
    "gpg-agent-browser.socket                         enabled   enabled",
    "gpg-agent-extra.socket                           enabled   enabled",
    "gpg-agent-ssh.socket                             enabled   enabled",
    "gpg-agent.socket                                 enabled   enabled",
    "snapd.session-agent.socket                       disabled  enabled"
  ],
  "user_timers": [],
  "watchdog_source_compile": "FAIL: PyCompileError(\"Sorry: IndentationError: expected an indented block after 'try' statement on line 37 (watchdog_v1.py, line 38)\", 'IndentationError', IndentationError(\"expected an indented block after 'try' statement on line 37\", ('/home/leonh/prediction_research/control/jobs/watchdog_v1.py', 38, 2, \" return json.loads(path.read_text(encoding='utf-8'))\\n\", 38, 8)), '/home/leonh/prediction_research/control/jobs/watchdog_v1.py')",
  "no_cost_policy_in_AGENTS": false,
  "no_cost_policy_in_LOCAL_EXECUTION_RULES": false,
  "paid_actions_allowed": false,
  "live_trading_allowed": false,
  "wallet_actions_allowed": false
}
