ARCTIC_STRUCTURAL_NEG_RISK_PASS
NEG_RISK_MARKET_ID 0xa34e00065950bc32cade4faed3bdf05ac7cac0ad9961a106517df2fb94876a00
IDENTITY 693869
QUESTION Will the minimum Arctic sea ice extent this summer be less than 4m square kilometers?
SYNTH_ASK 1.0339999999999996
DIRECT_NO_BID 0.986
EDGE_SYNTH_BUY_DIRECT_SELL -0.0479999999999996
TOP_SIZE_A 15.2
SYNTH_BID 0.977
DIRECT_NO_ASK 0.997
EDGE_DIRECT_BUY_SYNTH_SELL -0.020000000000000018
TOP_SIZE_B 122.92
IDENTITY 693870
QUESTION Will the minimum Arctic sea ice extent this summer be between 4.0m & 4.2m square kilometers?
SYNTH_ASK 1.0289999999999997
DIRECT_NO_BID 0.981
EDGE_SYNTH_BUY_DIRECT_SELL -0.04799999999999971
TOP_SIZE_A 15.2
SYNTH_BID 0.978
DIRECT_NO_ASK 0.998
EDGE_DIRECT_BUY_SYNTH_SELL -0.020000000000000018
TOP_SIZE_B 122.92
IDENTITY 693871
QUESTION Will the minimum Arctic sea ice extent this summer be between 4.2m & 4.4m square kilometers?
SYNTH_ASK 1.0329999999999997
DIRECT_NO_BID 0.985
EDGE_SYNTH_BUY_DIRECT_SELL -0.04799999999999971
TOP_SIZE_A 15.2
SYNTH_BID 0.977
DIRECT_NO_ASK 0.997
EDGE_DIRECT_BUY_SYNTH_SELL -0.020000000000000018
TOP_SIZE_B 122.92
IDENTITY 693872
QUESTION Will the minimum Arctic sea ice extent this summer be between 4.4m & 4.6m square kilometers?
SYNTH_ASK 0.059000000000000004
DIRECT_NO_BID 0.011
EDGE_SYNTH_BUY_DIRECT_SELL -0.048
TOP_SIZE_A 15.2
SYNTH_BID 0.013000000000000001
DIRECT_NO_ASK 0.033
EDGE_DIRECT_BUY_SYNTH_SELL -0.02
TOP_SIZE_B 122.92
IDENTITY 693873
QUESTION Will the minimum Arctic sea ice extent this summer be between 4.6m & 4.8m square kilometers?
SYNTH_ASK 1.0449999999999997
DIRECT_NO_BID 0.997
EDGE_SYNTH_BUY_DIRECT_SELL -0.04799999999999971
TOP_SIZE_A 15.2
SYNTH_BID 0.978
DIRECT_NO_ASK 0.998
EDGE_DIRECT_BUY_SYNTH_SELL -0.020000000000000018
TOP_SIZE_B 122.92
IDENTITY 693874
QUESTION Will the minimum Arctic sea ice extent this summer be between 4.8m & 5m square kilometers?
SYNTH_ASK 1.0449999999999997
DIRECT_NO_BID 0.997
EDGE_SYNTH_BUY_DIRECT_SELL -0.04799999999999971
TOP_SIZE_A 15.2
SYNTH_BID 0.978
DIRECT_NO_ASK 0.998
EDGE_DIRECT_BUY_SYNTH_SELL -0.020000000000000018
TOP_SIZE_B 122.92
IDENTITY 693875
QUESTION Will the minimum Arctic sea ice extent this summer be at least 5m square kilometers?
SYNTH_ASK 1.0429999999999997
DIRECT_NO_BID 0.995
EDGE_SYNTH_BUY_DIRECT_SELL -0.04799999999999971
TOP_SIZE_A 15.2
SYNTH_BID 0.979
DIRECT_NO_ASK 0.999
EDGE_DIRECT_BUY_SYNTH_SELL -0.020000000000000018
TOP_SIZE_B 122.92
POSITIVE_DIRECTION_A 0
POSITIVE_DIRECTION_B 0
BEST_DIRECTION_A -0.0479999999999996
BEST_DIRECTION_B -0.02
RESULT NO_GROSS_CROSS_REPRESENTATION_EDGE
ARCTIC_CROSS_REP_TEST_PASS
