STATE_EXISTS True
MANIFEST_DIR_EXISTS True
STATE_CHILDREN
STATE_CHILD DIR incidents 0
STATE_CHILD DIR kalshi_weather_index_manifests 0
STATE_CHILD DIR raw 0
STATE_CHILD FILE supervisor_status.json 318
STATE_CHILD DIR task-reset-20260920_022439 0
STATE_CHILD DIR twc_hourly_manifests 0
MANIFEST_FILE_COUNT 192
MANIFEST_FILE kwi-20260920T022419.110419+0000-ebadd5615f35.json SIZE 12956 MTIME 1789871060.367218
MANIFEST_FILE kwi-20260920T022519.108387+0000-b8aece17b219.json SIZE 12958 MTIME 1789871120.4678733
MANIFEST_FILE kwi-20260920T022619.098737+0000-5d2a9fc0523d.json SIZE 12958 MTIME 1789871179.4639459
MANIFEST_FILE kwi-20260920T022719.089285+0000-758ae088fa95.json SIZE 12958 MTIME 1789871240.2632525
MANIFEST_FILE kwi-20260920T022819.127032+0000-bd6184d6f254.json SIZE 14530 MTIME 1789871300.4483986
MANIFEST_FILE kwi-20260920T022919.108391+0000-133bf40156e3.json SIZE 12958 MTIME 1789871360.1503546
MANIFEST_FILE kwi-20260920T023019.077704+0000-8dc2ca987b5b.json SIZE 12958 MTIME 1789871420.4749541
MANIFEST_FILE kwi-20260920T023119.092203+0000-ea3d33506114.json SIZE 12857 MTIME 1789871480.1759622
MANIFEST_FILE kwi-20260920T023219.077896+0000-7c93ebe07100.json SIZE 12954 MTIME 1789871540.3748732
MANIFEST_FILE kwi-20260920T023319.093874+0000-792d1e04f708.json SIZE 12952 MTIME 1789871600.1748443
MANIFEST_FILE kwi-20260920T023419.086542+0000-d4f670ca8147.json SIZE 12956 MTIME 1789871660.094442
MANIFEST_FILE kwi-20260920T023519.097924+0000-815b5a3d3589.json SIZE 12956 MTIME 1789871720.3897917
OPEN_MANIFEST kwi-20260920T023119.092203+0000-ea3d33506114.json
TOP_KEYS ['cities', 'live_trading', 'paid_actions', 'retrieved_at', 'source', 'wallet_actions']
FIELD retrieved_at 2026-09-20T02:31:19.092203+00:00
---
OPEN_MANIFEST kwi-20260920T023219.077896+0000-7c93ebe07100.json
TOP_KEYS ['cities', 'live_trading', 'paid_actions', 'retrieved_at', 'source', 'wallet_actions']
FIELD retrieved_at 2026-09-20T02:32:19.077896+00:00
---
OPEN_MANIFEST kwi-20260920T023319.093874+0000-792d1e04f708.json
TOP_KEYS ['cities', 'live_trading', 'paid_actions', 'retrieved_at', 'source', 'wallet_actions']
FIELD retrieved_at 2026-09-20T02:33:19.093874+00:00
---
OPEN_MANIFEST kwi-20260920T023419.086542+0000-d4f670ca8147.json
TOP_KEYS ['cities', 'live_trading', 'paid_actions', 'retrieved_at', 'source', 'wallet_actions']
FIELD retrieved_at 2026-09-20T02:34:19.086542+00:00
---
OPEN_MANIFEST kwi-20260920T023519.097924+0000-815b5a3d3589.json
TOP_KEYS ['cities', 'live_trading', 'paid_actions', 'retrieved_at', 'source', 'wallet_actions']
FIELD retrieved_at 2026-09-20T02:35:19.097924+00:00
---
KWI_LOCAL_STATE_INSPECTION_PASS
