NESTED_RELATIONS 7
GROSS_POSITIVE 0
BEST_GROSS_EDGE -0.19999999999999996
RELATION Will the next UK election be called
EARLY Will the next UK election be called by December 31, 2026?
LATE Will the next UK election be called by June 30, 2027?
NO_EARLY_ASK 0.91
YES_LATE_ASK 0.29
COST 1.2 GROSS_EDGE -0.19999999999999996 TOP_SIZE 79.89
RELATION Kraken IPO
EARLY Kraken IPO by December 31, 2026?
LATE Kraken IPO by March 31, 2027?
NO_EARLY_ASK 0.953
YES_LATE_ASK 0.43
COST 1.383 GROSS_EDGE -0.383 TOP_SIZE 1.76
RELATION Kraken IPO
EARLY Kraken IPO by March 31, 2027?
LATE Kraken IPO by June 30, 2027?
NO_EARLY_ASK 0.9
YES_LATE_ASK 0.53
COST 1.4300000000000002 GROSS_EDGE -0.43000000000000016 TOP_SIZE 59.96
RELATION Kraken IPO
EARLY Kraken IPO by June 30, 2027?
LATE Kraken IPO by December 31, 2027?
NO_EARLY_ASK 0.51
YES_LATE_ASK 0.97
COST 1.48 GROSS_EDGE -0.48 TOP_SIZE 79.4
RELATION Kraken IPO
EARLY Kraken IPO by December 31, 2026?
LATE Kraken IPO by June 30, 2027?
NO_EARLY_ASK 0.953
YES_LATE_ASK 0.53
COST 1.483 GROSS_EDGE -0.4830000000000001 TOP_SIZE 1.76
RELATION Kraken IPO
EARLY Kraken IPO by March 31, 2027?
LATE Kraken IPO by December 31, 2027?
NO_EARLY_ASK 0.9
YES_LATE_ASK 0.97
COST 1.87 GROSS_EDGE -0.8700000000000001 TOP_SIZE 59.96
RELATION Kraken IPO
EARLY Kraken IPO by December 31, 2026?
LATE Kraken IPO by December 31, 2027?
NO_EARLY_ASK 0.953
YES_LATE_ASK 0.97
COST 1.923 GROSS_EDGE -0.923 TOP_SIZE 1.76
DEADLINE_NESTING_TEST_PASS
