MANIFEST_COUNT 193
STATE_COUNT 579
MATCHED_PAIR_COUNT 453
MANIFEST_REVISION_FLAG_COUNT 0
CITY chicago
PAIR_COUNT 134
REVISED_PAIR_COUNT 0
LATENCY_MIN 179.894786
LATENCY_MAX 240.067316
LATENCY_MEAN 199.92870214925372
STATION_COUNT_MIN 1
STATION_COUNT_MAX 4
---
CITY miami
PAIR_COUNT 154
REVISED_PAIR_COUNT 0
LATENCY_MIN 60.003321
LATENCY_MAX 180.077367
LATENCY_MEAN 138.8978045
STATION_COUNT_MIN 1
STATION_COUNT_MAX 5
---
CITY nyc
PAIR_COUNT 165
REVISED_PAIR_COUNT 0
LATENCY_MIN 119.921883
LATENCY_MAX 240.018426
LATENCY_MEAN 162.36537886060606
STATION_COUNT_MIN 1
STATION_COUNT_MAX 8
---
PAIR chicago 1789860180000 2026-09-19T23:24:53.632399+00:00 2026-09-19T23:28:19.079806+00:00 205.447407 1 68.72 68.72 [68.72]
PAIR chicago 1789860240000 2026-09-19T23:26:14.191085+00:00 2026-09-19T23:29:19.089267+00:00 184.898182 1 68.72 68.72 [68.72]
PAIR chicago 1789860360000 2026-09-19T23:27:19.087929+00:00 2026-09-19T23:31:19.086729+00:00 239.9988 1 68.72 68.72 [68.72]
PAIR chicago 1789860420000 2026-09-19T23:28:19.079806+00:00 2026-09-19T23:32:19.096781+00:00 240.016975 1 68.72 68.72 [68.72]
PAIR chicago 1789860480000 2026-09-19T23:29:19.089267+00:00 2026-09-19T23:33:19.096339+00:00 240.007072 1 68.72 68.72 [68.72]
PAIR chicago 1789860600000 2026-09-19T23:31:19.086729+00:00 2026-09-19T23:35:19.080208+00:00 239.993479 1 68.72 68.72 [68.72]
PAIR chicago 1789860780000 2026-09-19T23:34:19.080426+00:00 2026-09-19T23:38:19.079596+00:00 239.99917 1 68.72 68.72 [68.72]
PAIR chicago 1789860960000 2026-09-19T23:37:19.079396+00:00 2026-09-19T23:41:19.079770+00:00 240.000374 1 68.72 68.72 [68.72]
PAIR chicago 1789861020000 2026-09-19T23:38:19.079596+00:00 2026-09-19T23:42:19.084274+00:00 240.004678 1 68.72 68.72 [68.72]
PAIR chicago 1789861080000 2026-09-19T23:39:19.091986+00:00 2026-09-19T23:43:19.092364+00:00 240.000378 1 68.72 68.72 [68.72]
PAIR chicago 1789861200000 2026-09-19T23:41:19.079770+00:00 2026-09-19T23:45:19.087694+00:00 240.007924 1 68.72 68.72 [68.72]
PAIR chicago 1789861260000 2026-09-19T23:42:19.084274+00:00 2026-09-19T23:46:19.080011+00:00 239.995737 1 68.72 68.72 [68.72]
PAIR chicago 1789861320000 2026-09-19T23:44:19.079293+00:00 2026-09-19T23:47:19.084455+00:00 180.005162 3 68.72 68.72 [68.72]
PAIR chicago 1789861440000 2026-09-19T23:46:19.080011+00:00 2026-09-19T23:49:19.091376+00:00 180.011365 2 68.72 68.72 [68.72]
PAIR chicago 1789861500000 2026-09-19T23:47:19.084455+00:00 2026-09-19T23:50:19.082873+00:00 179.998418 1 68.72 68.72 [68.72]
PAIR chicago 1789861560000 2026-09-19T23:48:19.097719+00:00 2026-09-19T23:51:19.084583+00:00 179.986864 1 68.72 68.72 [68.72]
PAIR chicago 1789861680000 2026-09-19T23:50:19.082873+00:00 2026-09-19T23:53:19.080202+00:00 179.997329 1 68.72 68.72 [68.72]
PAIR chicago 1789861800000 2026-09-19T23:52:19.081126+00:00 2026-09-19T23:55:19.087891+00:00 180.006765 1 68.72 68.72 [68.72]
PAIR chicago 1789861920000 2026-09-19T23:54:19.083356+00:00 2026-09-19T23:57:19.096509+00:00 180.013153 1 68.72 68.72 [68.72]
PAIR chicago 1789861980000 2026-09-19T23:55:19.087891+00:00 2026-09-19T23:58:19.096808+00:00 180.008917 1 68.72 68.72 [68.72]
UNIQUE_MANIFEST_SHA_COUNT 576
RAW_HASH_NAME_COUNT 730
MANIFEST_SHA_FOUND_AS_RAW_FILENAME 576
PATH /home/leonh/.local/state/prediction-research/analysis/kwi-transition-census-e365.json
KWI_TRANSITION_CENSUS_PASS
