E394_INVENTORY_START
ROOT /home/leonh/prediction_research EXISTS True
FILE 1985 /home/leonh/prediction_research/kalshi_live.py
FILE 15894 /home/leonh/prediction_research/kalshi_decider.py
FILE 3218 /home/leonh/prediction_research/knowledge/WS-BMLL-KALSHI-L2L3-001.md
FILE 5466 /home/leonh/prediction_research/negative_evidence/KALSHI_HIGH_PROBABILITY_FAVORITE_SCAN_2026-09-19.md
FILE 3057 /home/leonh/prediction_research/negative_evidence/KALSHI_MLB_STRIKEOUT_LADDER_SCAN_2026-09-19.md
FILE 18221 /home/leonh/prediction_research/knowledge/runs/kalshi-hourly-source-transition-e212.json
FILE 44809 /home/leonh/prediction_research/knowledge/runs/twc-kalshi-status-semantics-e178.json
FILE 562418 /home/leonh/prediction_research/knowledge/runs/kalshi-weather-config-discovery-e229.json
FILE 265723 /home/leonh/prediction_research/knowledge/runs/kalshi-weather-index-schema-e231.json
FILE 48402 /home/leonh/prediction_research/knowledge/runs/kalshi-hourly-universe-e213.json
FILE 9286 /home/leonh/prediction_research/knowledge/runs/kalshi-weather-timeseries-markets-e208.json
FILE 54991 /home/leonh/prediction_research/knowledge/runs/kalshi-weather-index-lifecycle-e239.json
FILE 13708 /home/leonh/prediction_research/knowledge/runs/kalshi-weather-index-degraded-e221.json
FILE 34704 /home/leonh/prediction_research/knowledge/runs/kalshi-weather-index-first-seen-e236.json
FILE 6229 /home/leonh/prediction_research/knowledge/runs/kalshi-hourly-universe-strict-e215.json
FILE 201585 /home/leonh/prediction_research/knowledge/runs/kalshi-hourly-series-e209.json
FILE 5733 /home/leonh/prediction_research/knowledge/runs/kalshi-weather-index-methodology-summary-e228.json
FILE 62065 /home/leonh/prediction_research/knowledge/runs/kalshi-weather-config-candidate-context-e230.json
FILE 126134 /home/leonh/prediction_research/knowledge/runs/kalshi-hourly-source-transition-e211.json
FILE 10572 /home/leonh/prediction_research/knowledge/runs/kalshi-weather-index-pdf-probe-e226.json
FILE 42501 /home/leonh/prediction_research/knowledge/runs/kalshi-weather-index-chicago-degraded-analysis-e233.json
FILE 21336 /home/leonh/prediction_research/knowledge/runs/kalshi-weather-index-manifest-schema-e235.json
FILE 41734 /home/leonh/prediction_research/knowledge/runs/twc-kalshi-full-revision-audit-e181.json
FILE 2940 /home/leonh/prediction_research/knowledge/runs/twc-kalshi-metar-listonly-e172.json
FILE 2920 /home/leonh/prediction_research/knowledge/runs/twc-kalshi-hourly-transition-e180.json
FILE 91177 /home/leonh/prediction_research/knowledge/runs/twc-kalshi-primary-week-e176.json
FILE 8273 /home/leonh/prediction_research/knowledge/runs/kalshi-weather-index-miami-interpol-e227.json
FILE 1639 /home/leonh/prediction_research/knowledge/runs/kalshi-hourly-rules-live-e202.json
FILE 40798 /home/leonh/prediction_research/knowledge/runs/kalshi-weather-index-schema-detail-e232.json
FILE 19015 /home/leonh/prediction_research/knowledge/runs/kalshi-weather-index-official-docs-e223.json
FILE 7487 /home/leonh/prediction_research/knowledge/runs/kalshi-weather-index-official-docs-text-e224.json
FILE 3733 /home/leonh/prediction_research/knowledge/kalshi/KALSHI_FIRST_STABLE_DECIDABILITY_PAPER_2026-09-19.md
FILE 9121 /home/leonh/prediction_research/knowledge/kalshi/INDEX_THRESHOLD_RANGE_CROSS_REPRESENTATION_2026-09-19.md
FILE 5419 /home/leonh/prediction_research/knowledge/kalshi/FEE_ROUNDING_MINIMUM_VIABLE_EDGE_2026-09-19.md
FILE 14328 /home/leonh/prediction_research/knowledge/kalshi/claims.yaml
FILE 5169 /home/leonh/prediction_research/knowledge/kalshi/EXECUTION_PRIORITY_FOLLOWUPS_V2_2026-09-19.yaml
FILE 9060 /home/leonh/prediction_research/knowledge/kalshi/KALSHI_WEATHER_INDEX_PREPUBLICATION_HYPOTHESIS_2026-09-19.md
FILE 9945 /home/leonh/prediction_research/knowledge/kalshi/CRYPTO_RANGE_THRESHOLD_ROBUST_FLOOR_2026-09-19.md
FILE 5398 /home/leonh/prediction_research/knowledge/kalshi/CRYPTO_XREP_EXECUTION_DATA_CONTEXT_2026-09-19.md
FILE 17351 /home/leonh/prediction_research/knowledge/kalshi/INFORMED_FLOW_SHADOWING_2026-09-19.md
FILE 7624 /home/leonh/prediction_research/knowledge/kalshi/mve_nested_dominance_2026-09-19.yaml
FILE 3578 /home/leonh/prediction_research/knowledge/kalshi/weather_index_source_resolution_2026-09-19.yaml
FILE 6177 /home/leonh/prediction_research/knowledge/kalshi/EXECUTION_PRIORITY_FOLLOWUPS_V3_2026-09-19.yaml
FILE 4551 /home/leonh/prediction_research/knowledge/kalshi/hourly_findings_2026-09-21_0800.md
FILE 7233 /home/leonh/prediction_research/knowledge/kalshi/KALSHI_WEATHER_SOURCE_MIGRATION_MISPRICING_HYPOTHESIS_2026-09-19.md
FILE 12243 /home/leonh/prediction_research/knowledge/kalshi/behavioral_flow_edge_2026-09-19.yaml
FILE 3106 /home/leonh/prediction_research/knowledge/kalshi/KXTEMPMIAH_PARTICIPATION_REGIME_AROUND_KWI_2026-09-19.md
FILE 4111 /home/leonh/prediction_research/knowledge/kalshi/hourly_findings_2026-09-20_1400.md
FILE 10640 /home/leonh/prediction_research/knowledge/kalshi/priority_followups_2026-09-19.yaml
FILE 7175 /home/leonh/prediction_research/knowledge/kalshi/INDEX_RANGE_THRESHOLD_DOMINANCE_2026-09-19.md
FILE 4594 /home/leonh/prediction_research/knowledge/kalshi/CRYPTO_CROSS_REPRESENTATION_UNIVERSE_2026-09-19.yaml
FILE 6948 /home/leonh/prediction_research/knowledge/kalshi/KALSHI_KWI_BOUNDARY_NOWCAST_EXPERIMENT_2026-09-19.md
FILE 4588 /home/leonh/prediction_research/knowledge/kalshi/hourly_findings_2026-09-21_0600.md
FILE 3657 /home/leonh/prediction_research/knowledge/kalshi/KALSHI_WEATHER_INDEX_FREE_REPLAY_CASE_2026-09-09.md
FILE 4366 /home/leonh/prediction_research/knowledge/kalshi/incentive_adjusted_maker_edge_2026-09-19.yaml
FILE 2813 /home/leonh/prediction_research/knowledge/kalshi/hourly_findings_2026-09-21_0100.md
FILE 5125 /home/leonh/prediction_research/knowledge/kalshi/CRYPTO_ROBUST_FLOOR_FOLLOWUP_2026-09-19.md
FILE 2814 /home/leonh/prediction_research/knowledge/kalshi/RESEARCH_STOP_INFORMED_FLOW_2026-09-19.md
FILE 5550 /home/leonh/prediction_research/knowledge/kalshi/SHORT_HORIZON_REDUCED_FEE_INDEX_ALGEBRA_2026-09-19.md
FILE 2429 /home/leonh/prediction_research/knowledge/kalshi/WEATHER_SOURCE_REGIME_DRIFT_SUPERSEDING_CONTEXT_2026-09-19.yaml
FILE 7004 /home/leonh/prediction_research/knowledge/kalshi/EXECUTION_FEE_REGIME_AND_MAKER_TRIGGER_2026-09-19.md
FILE 7070 /home/leonh/prediction_research/knowledge/kalshi/EXECUTION_FIRST_SCAN_2026-09-19.md
FILE 7487 /home/leonh/prediction_research/knowledge/kalshi/KALSHI_WEATHER_INDEX_SOURCE_TRANSITION_2026-09-19.md
FILE 7758 /home/leonh/prediction_research/knowledge/kalshi/THRESHOLD_EXACT_EXECUTION_FIRST_2026-09-19.md
FILE 2106 /home/leonh/prediction_research/knowledge/kalshi/weather_index_bootstrap_corpus_2026-09-19.yaml
FILE 8277 /home/leonh/prediction_research/knowledge/kalshi/FEE_FREE_PARTITION_EXECUTION_2026-09-19.md
FILE 360 /home/leonh/prediction_research/knowledge/documents/manifests/kalshi_weather_rules/20260920T030020Z_686cf456af0c.json
FILE 360 /home/leonh/prediction_research/knowledge/documents/manifests/kalshi_weather_rules/20260920T010050Z_48cb73fffd00.json
FILE 360 /home/leonh/prediction_research/knowledge/documents/manifests/kalshi_weather_rules/20260920T153456Z_d2f1e8491642.json
FILE 360 /home/leonh/prediction_research/knowledge/documents/manifests/kalshi_weather_rules/20260920T210013Z_a98e949cb4a8.json
FILE 360 /home/leonh/prediction_research/knowledge/documents/manifests/kalshi_weather_rules/20260920T160018Z_abd5635b484f.json
FILE 360 /home/leonh/prediction_research/knowledge/documents/manifests/kalshi_weather_rules/20260921T020013Z_970bf7e5875a.json
FILE 360 /home/leonh/prediction_research/knowledge/documents/manifests/kalshi_weather_rules/20260920T050020Z_01dc59239c43.json
FILE 360 /home/leonh/prediction_research/knowledge/documents/manifests/kalshi_weather_rules/20260921T030013Z_51a15238e7f4.json
FILE 360 /home/leonh/prediction_research/knowledge/documents/manifests/kalshi_weather_rules/20260920T220015Z_b8bcc3bb663f.json
FILE 360 /home/leonh/prediction_research/knowledge/documents/manifests/kalshi_weather_rules/20260920T141925Z_2b0f0c5a080a.json
FILE 360 /home/leonh/prediction_research/knowledge/documents/manifests/kalshi_weather_rules/20260920T150018Z_7a7654d540c6.json
FILE 360 /home/leonh/prediction_research/knowledge/documents/manifests/kalshi_weather_rules/20260920T170013Z_d7a1591606e4.json
FILE 360 /home/leonh/prediction_research/knowledge/documents/manifests/kalshi_weather_rules/20260919T230030Z_1c1c1110d5aa.json
FILE 360 /home/leonh/prediction_research/knowledge/documents/manifests/kalshi_weather_rules/20260920T230013Z_d1f545bc419b.json
FILE 360 /home/leonh/prediction_research/knowledge/documents/manifests/kalshi_weather_rules/20260921T040013Z_047a7b3b0024.json
FILE 360 /home/leonh/prediction_research/knowledge/documents/manifests/kalshi_weather_rules/20260921T050013Z_19a9f3a9f53e.json
FILE 360 /home/leonh/prediction_research/knowledge/documents/manifests/kalshi_weather_rules/20260919T221729Z_ed25de24cd74.json
FILE 360 /home/leonh/prediction_research/knowledge/documents/manifests/kalshi_weather_rules/20260920T040020Z_74ade695fc5e.json
FILE 360 /home/leonh/prediction_research/knowledge/documents/manifests/kalshi_weather_rules/20260920T190014Z_59299631d688.json
FILE 360 /home/leonh/prediction_research/knowledge/documents/manifests/kalshi_weather_rules/20260920T010020Z_50f008134d66.json
FILE 360 /home/leonh/prediction_research/knowledge/documents/manifests/kalshi_weather_rules/20260920T020020Z_87f6e9aa1d94.json
FILE 360 /home/leonh/prediction_research/knowledge/documents/manifests/kalshi_weather_rules/20260921T000013Z_7572e2f4dd64.json
FILE 360 /home/leonh/prediction_research/knowledge/documents/manifests/kalshi_weather_rules/20260920T180013Z_ef46d1899c91.json
FILE 360 /home/leonh/prediction_research/knowledge/documents/manifests/kalshi_weather_rules/20260920T003238Z_633803fc9af9.json
FILE 360 /home/leonh/prediction_research/knowledge/documents/manifests/kalshi_weather_rules/20260920T000020Z_ed4856f1dc65.json
FILE 360 /home/leonh/prediction_research/knowledge/documents/manifests/kalshi_weather_rules/20260921T070014Z_df78631d13db.json
FILE 360 /home/leonh/prediction_research/knowledge/documents/manifests/kalshi_weather_rules/20260921T080014Z_7e19a91cba1c.json
FILE 353 /home/leonh/prediction_research/knowledge/documents/manifests/kalshi_docs/20260920T170013Z_94c183be8dd7.json
FILE 353 /home/leonh/prediction_research/knowledge/documents/manifests/kalshi_docs/20260921T080013Z_9c4119aa7f5b.json
FILE 353 /home/leonh/prediction_research/knowledge/documents/manifests/kalshi_docs/20260921T020012Z_9c4119aa7f5b.json
FILE 353 /home/leonh/prediction_research/knowledge/documents/manifests/kalshi_docs/20260920T040019Z_94c183be8dd7.json
FILE 353 /home/leonh/prediction_research/knowledge/documents/manifests/kalshi_docs/20260920T003238Z_94c183be8dd7.json
FILE 353 /home/leonh/prediction_research/knowledge/documents/manifests/kalshi_docs/20260920T010049Z_94c183be8dd7.json
FILE 353 /home/leonh/prediction_research/knowledge/documents/manifests/kalshi_docs/20260920T220014Z_9c4119aa7f5b.json
FILE 353 /home/leonh/prediction_research/knowledge/documents/manifests/kalshi_docs/20260919T230030Z_94c183be8dd7.json
FILE 353 /home/leonh/prediction_research/knowledge/documents/manifests/kalshi_docs/20260919T205924Z_94c183be8dd7.json
FILE 353 /home/leonh/prediction_research/knowledge/documents/manifests/kalshi_docs/20260920T010019Z_94c183be8dd7.json
FILE 353 /home/leonh/prediction_research/knowledge/documents/manifests/kalshi_docs/20260919T215534Z_94c183be8dd7.json
FILE 352 /home/leonh/prediction_research/knowledge/documents/manifests/kalshi_docs/20260920T190013Z_7a3a118facf2.json
FILE 353 /home/leonh/prediction_research/knowledge/documents/manifests/kalshi_docs/20260920T160018Z_94c183be8dd7.json
FILE 353 /home/leonh/prediction_research/knowledge/documents/manifests/kalshi_docs/20260921T040012Z_9c4119aa7f5b.json
FILE 353 /home/leonh/prediction_research/knowledge/documents/manifests/kalshi_docs/20260920T000019Z_94c183be8dd7.json
FILE 353 /home/leonh/prediction_research/knowledge/documents/manifests/kalshi_docs/20260920T230012Z_9c4119aa7f5b.json
FILE 353 /home/leonh/prediction_research/knowledge/documents/manifests/kalshi_docs/20260920T050019Z_94c183be8dd7.json
FILE 353 /home/leonh/prediction_research/knowledge/documents/manifests/kalshi_docs/20260921T070013Z_9c4119aa7f5b.json
FILE 353 /home/leonh/prediction_research/knowledge/documents/manifests/kalshi_docs/20260919T205801Z_94c183be8dd7.json
FILE 353 /home/leonh/prediction_research/knowledge/documents/manifests/kalshi_docs/20260920T153455Z_94c183be8dd7.json
FILE 353 /home/leonh/prediction_research/knowledge/documents/manifests/kalshi_docs/20260921T030012Z_9c4119aa7f5b.json
FILE 353 /home/leonh/prediction_research/knowledge/documents/manifests/kalshi_docs/20260919T215413Z_94c183be8dd7.json
FILE 353 /home/leonh/prediction_research/knowledge/documents/manifests/kalshi_docs/20260919T220029Z_94c183be8dd7.json
FILE 353 /home/leonh/prediction_research/knowledge/documents/manifests/kalshi_docs/20260920T020019Z_94c183be8dd7.json
FILE 353 /home/leonh/prediction_research/knowledge/documents/manifests/kalshi_docs/20260920T141924Z_94c183be8dd7.json
FILE 353 /home/leonh/prediction_research/knowledge/documents/manifests/kalshi_docs/20260920T180013Z_94c183be8dd7.json
FILE 352 /home/leonh/prediction_research/knowledge/documents/manifests/kalshi_docs/20260919T205711Z_94c183be8dd7.json
TRUNCATED /home/leonh/prediction_research
ROOT /home/leonh/proof_hunter EXISTS False
ROOT /home/leonh/surplus_maker EXISTS False
UNIT prediction-research-kalshi-weather-index-recorder.service static    -
UNIT prediction-research-kalshi-weather-index-recorder.timer   enabled   enabled
E394_INVENTORY_DONE
