LINE_COUNT 67
LINE 1 'from pathlib import Path'
LINE 2 'from urllib.request import Request,urlopen'
LINE 3 'from datetime import datetime,timezone'
LINE 4 'import json'
LINE 5 ''
LINE 6 'root=Path.cwd()'
LINE 7 "agent='PredictionEdgeHunter/1.0'"
LINE 8 "base='https:'+chr(47)+chr(47)+'gamma-api.polymarket.com/events?active=true&closed=false&limit=100&offset='"
LINE 9 'seen=set()'
LINE 10 'eligible=[]'
LINE 11 'scanned=0'
LINE 12 ''
LINE 13 'for off in [0,100,200,300,400]:'
LINE 14 "    req=Request(base+str(off),headers={'User-Agent':agent})"
LINE 15 '    with urlopen(req,timeout=30) as r:'
LINE 16 '        page=json.loads(r.read())'
LINE 17 '    if not isinstance(page,list):'
LINE 18 "        raise SystemExit('unexpected_event_shape')"
LINE 19 '    scanned+=len(page)'
LINE 20 '    for event in page:'
LINE 21 "        eid=str(event.get('id'))"
LINE 22 '        if eid in seen:'
LINE 23 '            continue'
LINE 24 '        seen.add(eid)'
LINE 25 "        if event.get('negRisk') is not True:"
LINE 26 '            continue'
LINE 27 "        if event.get('negRiskAugmented') is True:"
LINE 28 '            continue'
LINE 29 '        markets=[]'
LINE 30 '        groups=set()'
LINE 31 "        for market in event.get('markets') or []:"
LINE 32 "            if market.get('negRisk') is not True:"
LINE 33 '                continue'
LINE 34 "            ids=market.get('clobTokenIds')"
LINE 35 "            outs=market.get('outcomes')"
LINE 36 '            if isinstance(ids,str):'
LINE 37 '                ids=json.loads(ids)'
LINE 38 '            if isinstance(outs,str):'
LINE 39 '                outs=json.loads(outs)'
LINE 40 '            if not ids or not outs or len(ids)!=2 or len(outs)!=2:'
LINE 41 '                continue'
LINE 42 '            names=[str(x).lower() for x in outs]'
LINE 43 "            if 'yes' not in names or 'no' not in names:"
LINE 44 '                continue'
LINE 45 "            yi=names.index('yes')"
LINE 46 "            ni=names.index('no')"
LINE 47 "            gid=str(market.get('negRiskMarketID') or '')"
LINE 48 '            if gid:'
LINE 49 '                groups.add(gid)'
LINE 50 "            markets.append({'market_id':str(market.get('id')),'question':str(market.get('question') or ''),'yes_token':str(ids[yi]),'no_token':str(ids[ni])})"
LINE 51 '        if len(markets)>=3 and len(markets)<=40 and len(groups)==1:'
LINE 52 "            eligible.append({'event_id':eid,'title':str(event.get('title') or ''),'neg_risk_market_id':next(iter(groups)),'market_count':len(markets),'markets':markets})"
LINE 53 ''
LINE 54 "stamp=datetime.now(timezone.utc).strftime('%Y%m%dT%H%M%SZ')"
LINE 55 "outdir=root/'knowledge/raw/market_data/polymarket_neg_risk_manifests'"
LINE 56 'outdir.mkdir(parents=True,exist_ok=True)'
LINE 57 "out=outdir/(stamp+'.json')"
LINE 58 "payload={'retrieved_at':datetime.now(timezone.utc).isoformat(),'events_seen':len(seen),'raw_rows_scanned':scanned,'eligible_group_count':len(eligible),'live_trading':False,'paid_actions':False,'wallet_actions':False,'groups':eligible}"
LINE 59 "out.write_text(json.dumps(payload,indent=2,sort_keys=True)+chr(10),encoding='utf-8')"
LINE 60 ''
LINE 61 "print('NEG_RISK_MANIFEST_PASS')"
LINE 62 "print('EVENTS_SEEN',len(seen))"
LINE 63 "print('RAW_ROWS_SCANNED',scanned)"
LINE 64 "print('ELIGIBLE_GROUPS',len(eligible))"
LINE 65 'for row in eligible[:15]:'
LINE 66 "    print('GROUP',row['event_id'],row['market_count'],row['title'][:160])"
LINE 67 "print('PATH',out)"
NEG_RISK_MANIFEST_SOURCE_INSPECTION_PASS
