{
  "BROWSER-RELOAD-E046": {
    "hits": [
      "control/tasks/completed/BROWSER-RELOAD-E046.json",
      "control/results/BROWSER-RELOAD-E046",
      "control/lifecycle/BROWSER-RELOAD-E046.json"
    ],
    "git": [
      "b6578ee result(BROWSER-RELOAD-E046): completed"
    ],
    "found": true
  },
  "BROWSER-RELOAD-VERIFY-E047": {
    "hits": [
      "control/tasks/completed/BROWSER-RELOAD-VERIFY-E047.json",
      "control/results/BROWSER-RELOAD-VERIFY-E047",
      "control/lifecycle/BROWSER-RELOAD-VERIFY-E047.json"
    ],
    "git": [
      "a1bba5d result(BROWSER-RELOAD-VERIFY-E047): completed"
    ],
    "found": true
  },
  "RETRY-REGRESSION-E049": {
    "hits": [
      "control/tasks/completed/RETRY-REGRESSION-E049.json",
      "control/results/RETRY-REGRESSION-E049",
      "control/lifecycle/RETRY-REGRESSION-E049.json"
    ],
    "git": [
      "3a1289a result(RETRY-REGRESSION-E049): completed"
    ],
    "found": true
  },
  "WATCHDOG-FOUNDATION-E051": {
    "hits": [
      "control/tasks/completed/WATCHDOG-FOUNDATION-E051.json",
      "control/results/WATCHDOG-FOUNDATION-E051",
      "control/lifecycle/WATCHDOG-FOUNDATION-E051.json"
    ],
    "git": [
      "7885852 result(WATCHDOG-FOUNDATION-E051): completed"
    ],
    "found": true
  },
  "RELIABILITY-AUDIT-E053A": {
    "hits": [
      "control/tasks/completed/RELIABILITY-AUDIT-E053A.json",
      "control/results/RELIABILITY-AUDIT-E053A",
      "control/lifecycle/RELIABILITY-AUDIT-E053A.json"
    ],
    "git": [
      "61ea9ed result(RELIABILITY-AUDIT-E053A): completed"
    ],
    "found": true
  },
  "RELIABILITY-VALIDATE-E053B": {
    "hits": [],
    "git": [],
    "found": false
  },
  "TRANSPORT-PING-E054": {
    "hits": [
      "control/tasks/completed/TRANSPORT-PING-E054.json",
      "control/results/TRANSPORT-PING-E054",
      "control/lifecycle/TRANSPORT-PING-E054.json"
    ],
    "git": [
      "94d3a7b result(TRANSPORT-PING-E054): completed"
    ],
    "found": true
  },
  "RELIABILITY-INSPECT-E055": {
    "hits": [
      "control/tasks/completed/RELIABILITY-INSPECT-E055.json",
      "control/results/RELIABILITY-INSPECT-E055",
      "control/lifecycle/RELIABILITY-INSPECT-E055.json"
    ],
    "git": [
      "acca853 result(RELIABILITY-INSPECT-E055): completed"
    ],
    "found": true
  },
  "POST-WAKE-AUDIT-E057": {
    "hits": [
      "control/tasks/completed/POST-WAKE-AUDIT-E057.json",
      "control/results/POST-WAKE-AUDIT-E057",
      "control/lifecycle/POST-WAKE-AUDIT-E057.json"
    ],
    "git": [
      "5524777 result(POST-WAKE-AUDIT-E057): completed"
    ],
    "found": true
  },
  "RELIABILITY-CONSOLIDATE-E058": {
    "hits": [
      "control/tasks/completed/RELIABILITY-CONSOLIDATE-E058.json",
      "control/results/RELIABILITY-CONSOLIDATE-E058",
      "control/lifecycle/RELIABILITY-CONSOLIDATE-E058.json"
    ],
    "git": [
      "af16bf6 result(RELIABILITY-CONSOLIDATE-E058): completed"
    ],
    "found": true
  },
  "DIFF-DIAG-E059": {
    "hits": [
      "control/tasks/completed/DIFF-DIAG-E059.json",
      "control/results/DIFF-DIAG-E059",
      "control/lifecycle/DIFF-DIAG-E059.json"
    ],
    "git": [
      "318baef result(DIFF-DIAG-E059): completed"
    ],
    "found": true
  },
  "RELIABILITY-CONSOLIDATE-E060": {
    "hits": [
      "control/tasks/completed/RELIABILITY-CONSOLIDATE-E060.json",
      "control/results/RELIABILITY-CONSOLIDATE-E060",
      "control/lifecycle/RELIABILITY-CONSOLIDATE-E060.json"
    ],
    "git": [
      "e8d1299 result(RELIABILITY-CONSOLIDATE-E060): completed"
    ],
    "found": true
  },
  "AUTONOMOUS-FOUNDATION-E061": {
    "hits": [
      "control/tasks/failed/AUTONOMOUS-FOUNDATION-E061.json",
      "control/results/AUTONOMOUS-FOUNDATION-E061",
      "control/lifecycle/AUTONOMOUS-FOUNDATION-E061.json"
    ],
    "git": [
      "521ede9 result(AUTONOMOUS-FOUNDATION-E061): failed"
    ],
    "found": true
  },
  "AUTONOMOUS-FOUNDATION-E062": {
    "hits": [
      "control/tasks/completed/AUTONOMOUS-FOUNDATION-E062.json",
      "control/results/AUTONOMOUS-FOUNDATION-E062",
      "control/lifecycle/AUTONOMOUS-FOUNDATION-E062.json"
    ],
    "git": [
      "267007e result(AUTONOMOUS-FOUNDATION-E062): completed"
    ],
    "found": true
  },
  "EXECUTOR-BACKOFF-E063": {
    "hits": [],
    "git": [],
    "found": false
  },
  "TRANSPORT-HEALTH-E064": {
    "hits": [
      "control/tasks/completed/TRANSPORT-HEALTH-E064.json",
      "control/results/TRANSPORT-HEALTH-E064",
      "control/lifecycle/TRANSPORT-HEALTH-E064.json"
    ],
    "git": [
      "3d4d5d6 result(TRANSPORT-HEALTH-E064): completed"
    ],
    "found": true
  },
  "MISSING-E063-DIAG-E065": {
    "hits": [
      "control/tasks/completed/MISSING-E063-DIAG-E065.json",
      "control/results/MISSING-E063-DIAG-E065",
      "control/lifecycle/MISSING-E063-DIAG-E065.json"
    ],
    "git": [
      "08aa3ad result(MISSING-E063-DIAG-E065): completed"
    ],
    "found": true
  },
  "PREDISCOVER-INSPECT-E066": {
    "hits": [
      "control/tasks/completed/PREDISCOVER-INSPECT-E066.json",
      "control/results/PREDISCOVER-INSPECT-E066",
      "control/lifecycle/PREDISCOVER-INSPECT-E066.json"
    ],
    "git": [
      "d0e02ee result(PREDISCOVER-INSPECT-E066): completed"
    ],
    "found": true
  },
  "PREDISCOVER-CONTEXT-E067": {
    "hits": [
      "control/tasks/completed/PREDISCOVER-CONTEXT-E067.json",
      "control/results/PREDISCOVER-CONTEXT-E067",
      "control/lifecycle/PREDISCOVER-CONTEXT-E067.json"
    ],
    "git": [
      "c3ea02e result(PREDISCOVER-CONTEXT-E067): completed"
    ],
    "found": true
  },
  "PREDISCOVER-ANCHORS-E068": {
    "hits": [
      "control/tasks/completed/PREDISCOVER-ANCHORS-E068.json",
      "control/results/PREDISCOVER-ANCHORS-E068",
      "control/lifecycle/PREDISCOVER-ANCHORS-E068.json"
    ],
    "git": [
      "f20951f result(PREDISCOVER-ANCHORS-E068): completed"
    ],
    "found": true
  },
  "DISCOVER-ENQUEUE-DIAG-E069": {
    "hits": [
      "control/tasks/completed/DISCOVER-ENQUEUE-DIAG-E069.json",
      "control/results/DISCOVER-ENQUEUE-DIAG-E069",
      "control/lifecycle/DISCOVER-ENQUEUE-DIAG-E069.json"
    ],
    "git": [
      "d886020 result(DISCOVER-ENQUEUE-DIAG-E069): completed"
    ],
    "found": true
  },
  "PREDISCOVER-INCIDENT-E070": {
    "hits": [],
    "git": [],
    "found": false
  },
  "E065-ACCEPT-DIAG-E071": {
    "hits": [
      "control/tasks/completed/E065-ACCEPT-DIAG-E071.json",
      "control/results/E065-ACCEPT-DIAG-E071",
      "control/lifecycle/E065-ACCEPT-DIAG-E071.json"
    ],
    "git": [
      "b4fdf0a result(E065-ACCEPT-DIAG-E071): completed"
    ],
    "found": true
  },
  "DUPLICATE-ACCEPT-FIX-E072": {
    "hits": [],
    "git": [],
    "found": false
  },
  "E072-STATUS-E073": {
    "hits": [
      "control/tasks/completed/E072-STATUS-E073.json",
      "control/results/E072-STATUS-E073",
      "control/lifecycle/E072-STATUS-E073.json"
    ],
    "git": [
      "8a73010 result(E072-STATUS-E073): completed"
    ],
    "found": true
  },
  "POSTFIX-NORMAL-E074A": {
    "hits": [
      "control/tasks/completed/POSTFIX-NORMAL-E074A.json",
      "control/results/POSTFIX-NORMAL-E074A",
      "control/lifecycle/POSTFIX-NORMAL-E074A.json"
    ],
    "git": [
      "7674b5d result(POSTFIX-NORMAL-E074A): completed"
    ],
    "found": true
  },
  "AUTONOMOUS-PICKUP-E075": {
    "hits": [
      "control/tasks/completed/AUTONOMOUS-PICKUP-E075.json",
      "control/results/AUTONOMOUS-PICKUP-E075",
      "control/lifecycle/AUTONOMOUS-PICKUP-E075.json"
    ],
    "git": [
      "8a7d8e4 result(AUTONOMOUS-PICKUP-E075): completed"
    ],
    "found": true
  }
}
