PROTOCOL_ID ASSET-RANK-MAKER-HEDGE-V1-FILL-FEASIBILITY-24H-V1
PROTOCOL_WINDOW_START 2026-09-20T02:26:08.593734+00:00
BASELINE_CAPTURED_AT 2026-09-20T02:26:54.567961+00:00
CREDIT_START 2026-09-20T02:26:54.567961+00:00
PRE_BASELINE_FILL_CREDIT False
MARKET 950852
BEST_BID 0.2
QUEUE_AHEAD 158.07
BEST_ASK 0.21
BEST_ASK_SIZE 30.0
---
MARKET 950853
BEST_BID 0.21
QUEUE_AHEAD 81.06
BEST_ASK 0.22
BEST_ASK_SIZE 27.4
---
MARKET 950854
BEST_BID 0.54
QUEUE_AHEAD 70.0
BEST_ASK 0.55
BEST_ASK_SIZE 686.93
---
PATH /home/leonh/prediction_research/knowledge/raw/market_data/polymarket_shadow_baselines/20260920T022654Z106981_fill_baseline.json
ASSET_FILL_BASELINE_CAPTURE_PASS
