GDP_STATEWISE_PROOF_PASS
STATE_COUNT 6
IDENTITY 677164
QUESTION Will US GDP growth in 2026 be less than 0.5%?
DIRECT_NO_BID 0.939
DIRECT_NO_ASK 0.994
OTHER_YES_ASK_SUM 1.157
OTHER_YES_BID_SUM 0.8640000000000001
EDGE_SYNTH_TO_DIRECT -0.21800000000000008
EDGE_DIRECT_TO_SYNTH -0.1299999999999999
BUY_SYNTH_TOP_SIZE 20.0
SELL_SYNTH_TOP_SIZE 18.32
IDENTITY 677165
QUESTION Will US GDP growth in 2026 be between 0.5% and 1.0%?
DIRECT_NO_BID 0.956
DIRECT_NO_ASK 0.996
OTHER_YES_ASK_SUM 1.174
OTHER_YES_BID_SUM 0.8660000000000001
EDGE_SYNTH_TO_DIRECT -0.21799999999999997
EDGE_DIRECT_TO_SYNTH -0.1299999999999999
BUY_SYNTH_TOP_SIZE 11.44
SELL_SYNTH_TOP_SIZE 8.84
IDENTITY 677166
QUESTION Will US GDP growth in 2026 be between 1.0% and 1.5%?
DIRECT_NO_BID 0.832
DIRECT_NO_ASK 0.988
OTHER_YES_ASK_SUM 1.05
OTHER_YES_BID_SUM 0.8580000000000001
EDGE_SYNTH_TO_DIRECT -0.21800000000000008
EDGE_DIRECT_TO_SYNTH -0.1299999999999999
BUY_SYNTH_TOP_SIZE 11.44
SELL_SYNTH_TOP_SIZE 8.84
IDENTITY 677167
QUESTION Will US GDP growth in 2026 be between 1.5% and 2.0%?
DIRECT_NO_BID 0.854
DIRECT_NO_ASK 0.86
OTHER_YES_ASK_SUM 1.072
OTHER_YES_BID_SUM 0.7300000000000001
EDGE_SYNTH_TO_DIRECT -0.21800000000000008
EDGE_DIRECT_TO_SYNTH -0.1299999999999999
BUY_SYNTH_TOP_SIZE 11.44
SELL_SYNTH_TOP_SIZE 8.84
IDENTITY 677168
QUESTION Will US GDP growth in 2026 be between 2.0% and 2.5%?
DIRECT_NO_BID 0.42
DIRECT_NO_ASK 0.44
OTHER_YES_ASK_SUM 0.638
OTHER_YES_BID_SUM 0.31
EDGE_SYNTH_TO_DIRECT -0.21800000000000003
EDGE_DIRECT_TO_SYNTH -0.13
BUY_SYNTH_TOP_SIZE 11.44
SELL_SYNTH_TOP_SIZE 8.84
IDENTITY 677169
QUESTION Will US GDP growth in 2026 be greater than 2.5%?
DIRECT_NO_BID 0.781
DIRECT_NO_ASK 0.852
OTHER_YES_ASK_SUM 0.999
OTHER_YES_BID_SUM 0.7220000000000001
EDGE_SYNTH_TO_DIRECT -0.21799999999999997
EDGE_DIRECT_TO_SYNTH -0.1299999999999999
BUY_SYNTH_TOP_SIZE 11.44
SELL_SYNTH_TOP_SIZE 8.84
CROSS_REP_GROSS_POSITIVE 0
BEST_CROSS_REP_EDGE -0.1299999999999999
GDP_CROSS_REP_TEST_PASS
