PAGE 1 ROWS 100 FIRST 16183 LAST 57206 SHA 9259c249c640b9a04db51ec0760367ff32a9e4b49842217debc08751f93e6f04
PAGE 2 ROWS 100 FIRST 16183 LAST 57206 SHA ca84e489e1dd8daa9471eda5c2e9760b4fa6661a6b477d8bda50dd533c62d2ca
PAGE 3 ROWS 100 FIRST 16183 LAST 57206 SHA ca84e489e1dd8daa9471eda5c2e9760b4fa6661a6b477d8bda50dd533c62d2ca
PAGE 4 ROWS 100 FIRST 16183 LAST 57206 SHA ca84e489e1dd8daa9471eda5c2e9760b4fa6661a6b477d8bda50dd533c62d2ca
PAGE 5 ROWS 100 FIRST 16183 LAST 57206 SHA ca84e489e1dd8daa9471eda5c2e9760b4fa6661a6b477d8bda50dd533c62d2ca
PAGE 6 ROWS 100 FIRST 16183 LAST 57206 SHA ca84e489e1dd8daa9471eda5c2e9760b4fa6661a6b477d8bda50dd533c62d2ca
PAGE 7 ROWS 100 FIRST 16183 LAST 57206 SHA ca84e489e1dd8daa9471eda5c2e9760b4fa6661a6b477d8bda50dd533c62d2ca
PAGE 8 ROWS 100 FIRST 16183 LAST 57206 SHA ca84e489e1dd8daa9471eda5c2e9760b4fa6661a6b477d8bda50dd533c62d2ca
PAGE 9 ROWS 100 FIRST 16183 LAST 57206 SHA ca84e489e1dd8daa9471eda5c2e9760b4fa6661a6b477d8bda50dd533c62d2ca
PAGE 10 ROWS 100 FIRST 16183 LAST 57206 SHA ca84e489e1dd8daa9471eda5c2e9760b4fa6661a6b477d8bda50dd533c62d2ca
PAGE 11 ROWS 100 FIRST 16183 LAST 57206 SHA ca84e489e1dd8daa9471eda5c2e9760b4fa6661a6b477d8bda50dd533c62d2ca
PAGE 12 ROWS 100 FIRST 16183 LAST 57206 SHA ca84e489e1dd8daa9471eda5c2e9760b4fa6661a6b477d8bda50dd533c62d2ca
PAGE 13 ROWS 100 FIRST 16183 LAST 57206 SHA ca84e489e1dd8daa9471eda5c2e9760b4fa6661a6b477d8bda50dd533c62d2ca
PAGE 14 ROWS 100 FIRST 16183 LAST 57206 SHA ca84e489e1dd8daa9471eda5c2e9760b4fa6661a6b477d8bda50dd533c62d2ca
PAGE 15 ROWS 100 FIRST 16183 LAST 57206 SHA ca84e489e1dd8daa9471eda5c2e9760b4fa6661a6b477d8bda50dd533c62d2ca
PAGE 16 ROWS 100 FIRST 16183 LAST 57206 SHA ca84e489e1dd8daa9471eda5c2e9760b4fa6661a6b477d8bda50dd533c62d2ca
PAGE 17 ROWS 100 FIRST 16183 LAST 57206 SHA ca84e489e1dd8daa9471eda5c2e9760b4fa6661a6b477d8bda50dd533c62d2ca
PAGE 18 ROWS 100 FIRST 16183 LAST 57206 SHA ca84e489e1dd8daa9471eda5c2e9760b4fa6661a6b477d8bda50dd533c62d2ca
PAGE 19 ROWS 100 FIRST 16183 LAST 57206 SHA ca84e489e1dd8daa9471eda5c2e9760b4fa6661a6b477d8bda50dd533c62d2ca
PAGE 20 ROWS 100 FIRST 16183 LAST 57206 SHA ca84e489e1dd8daa9471eda5c2e9760b4fa6661a6b477d8bda50dd533c62d2ca
PAGE 21 ROWS 100 FIRST 16183 LAST 57206 SHA ca84e489e1dd8daa9471eda5c2e9760b4fa6661a6b477d8bda50dd533c62d2ca
PAGE 22 ROWS 100 FIRST 16183 LAST 57206 SHA ca84e489e1dd8daa9471eda5c2e9760b4fa6661a6b477d8bda50dd533c62d2ca
PAGE 23 ROWS 100 FIRST 16183 LAST 57206 SHA ca84e489e1dd8daa9471eda5c2e9760b4fa6661a6b477d8bda50dd533c62d2ca
PAGE 24 ROWS 100 FIRST 16183 LAST 57206 SHA ca84e489e1dd8daa9471eda5c2e9760b4fa6661a6b477d8bda50dd533c62d2ca
PAGE 25 ROWS 100 FIRST 16183 LAST 57206 SHA ca84e489e1dd8daa9471eda5c2e9760b4fa6661a6b477d8bda50dd533c62d2ca
PAGES_SCANNED 25
EVENTS_SEEN 100
RAW_BYTES_TOTAL 117488281
ELIGIBLE_GROUPS 3
KNOWN_GROUP_IDS 78
NEW_GROUP_COUNT 0
NEXT_CURSOR_PRESENT True
PATH /home/leonh/prediction_research/knowledge/raw/market_data/polymarket_neg_risk_keyset_manifests/20260920T025918Z.json
GAMMA_KEYSET_NEGRISK_CRAWL_PASS
