EVENT_ID 51456
TITLE How many Fed rate cuts in 2026?
MARKET 616902 Will no Fed rate cuts happen in 2026?
FIELD acceptingOrders True
FIELD acceptingOrdersTimestamp 2025-09-29T22:24:25Z
FIELD enableOrderBook True
FIELD feeSchedule {'exponent': 1, 'rate': 0.05, 'takerOnly': True, 'rebateRate': 0.25}
FIELD feeType economics_fees
FIELD feesEnabled True
FIELD makerBaseFee 1000
FIELD marketMakerAddress 
FIELD orderMinSize 5
FIELD orderPriceMinTickSize 0.001
FIELD takerBaseFee 1000
FEE_FIELDS_FOUND 11
---
MARKET 616903 Will 1 Fed rate cut happen in 2026?
FIELD acceptingOrders True
FIELD acceptingOrdersTimestamp 2025-09-29T22:24:27Z
FIELD enableOrderBook True
FIELD feeSchedule {'exponent': 1, 'rate': 0.05, 'takerOnly': True, 'rebateRate': 0.25}
FIELD feeType economics_fees
FIELD feesEnabled True
FIELD makerBaseFee 1000
FIELD marketMakerAddress 
FIELD orderMinSize 5
FIELD orderPriceMinTickSize 0.001
FIELD takerBaseFee 1000
FEE_FIELDS_FOUND 11
---
MARKET 616904 Will 2 Fed rate cuts happen in 2026?
FIELD acceptingOrders True
FIELD acceptingOrdersTimestamp 2025-09-29T22:24:27Z
FIELD enableOrderBook True
FIELD feeSchedule {'exponent': 1, 'rate': 0.05, 'takerOnly': True, 'rebateRate': 0.25}
FIELD feeType economics_fees
FIELD feesEnabled True
FIELD makerBaseFee 1000
FIELD marketMakerAddress 
FIELD orderMinSize 5
FIELD orderPriceMinTickSize 0.001
FIELD takerBaseFee 1000
FEE_FIELDS_FOUND 11
---
MARKET 616905 Will 3 Fed rate cuts happen in 2026?
FIELD acceptingOrders True
FIELD acceptingOrdersTimestamp 2025-09-29T22:24:29Z
FIELD enableOrderBook True
FIELD feeSchedule {'exponent': 1, 'rate': 0.05, 'takerOnly': True, 'rebateRate': 0.25}
FIELD feeType economics_fees
FIELD feesEnabled True
FIELD makerBaseFee 1000
FIELD marketMakerAddress 
FIELD orderMinSize 5
FIELD orderPriceMinTickSize 0.001
FIELD takerBaseFee 1000
FEE_FIELDS_FOUND 11
---
MARKET 616906 Will 4 Fed rate cuts happen in 2026?
FIELD acceptingOrders True
FIELD acceptingOrdersTimestamp 2025-09-29T22:24:29Z
FIELD enableOrderBook True
FIELD feeSchedule {'exponent': 1, 'rate': 0.05, 'takerOnly': True, 'rebateRate': 0.25}
FIELD feeType economics_fees
FIELD feesEnabled True
FIELD makerBaseFee 1000
FIELD marketMakerAddress 
FIELD orderMinSize 5
FIELD orderPriceMinTickSize 0.001
FIELD takerBaseFee 1000
FEE_FIELDS_FOUND 11
---
MARKET 616907 Will 5 Fed rate cuts happen in 2026?
FIELD acceptingOrders True
FIELD acceptingOrdersTimestamp 2025-09-29T22:24:29Z
FIELD enableOrderBook True
FIELD feeSchedule {'exponent': 1, 'rate': 0.05, 'takerOnly': True, 'rebateRate': 0.25}
FIELD feeType economics_fees
FIELD feesEnabled True
FIELD makerBaseFee 1000
FIELD marketMakerAddress 
FIELD orderMinSize 5
FIELD orderPriceMinTickSize 0.001
FIELD takerBaseFee 1000
FEE_FIELDS_FOUND 11
---
MARKET 616908 Will 6 Fed rate cuts happen in 2026?
FIELD acceptingOrders True
FIELD acceptingOrdersTimestamp 2025-09-29T22:24:31Z
FIELD enableOrderBook True
FIELD feeSchedule {'exponent': 1, 'rate': 0.05, 'takerOnly': True, 'rebateRate': 0.25}
FIELD feeType economics_fees
FIELD feesEnabled True
FIELD makerBaseFee 1000
FIELD marketMakerAddress 
FIELD orderMinSize 5
FIELD orderPriceMinTickSize 0.001
FIELD takerBaseFee 1000
FEE_FIELDS_FOUND 11
---
MARKET 616909 Will 7 Fed rate cuts happen in 2026?
FIELD acceptingOrders True
FIELD acceptingOrdersTimestamp 2025-09-29T22:24:33Z
FIELD enableOrderBook True
FIELD feeSchedule {'exponent': 1, 'rate': 0.05, 'takerOnly': True, 'rebateRate': 0.25}
FIELD feeType economics_fees
FIELD feesEnabled True
FIELD makerBaseFee 1000
FIELD marketMakerAddress 
FIELD orderMinSize 5
FIELD orderPriceMinTickSize 0.001
FIELD takerBaseFee 1000
FEE_FIELDS_FOUND 11
---
MARKET 616910 Will 8 Fed rate cuts happen in 2026?
FIELD acceptingOrders True
FIELD acceptingOrdersTimestamp 2025-09-29T22:24:35Z
FIELD enableOrderBook True
FIELD feeSchedule {'exponent': 1, 'rate': 0.05, 'takerOnly': True, 'rebateRate': 0.25}
FIELD feeType economics_fees
FIELD feesEnabled True
FIELD makerBaseFee 1000
FIELD marketMakerAddress 
FIELD orderMinSize 5
FIELD orderPriceMinTickSize 0.001
FIELD takerBaseFee 1000
FEE_FIELDS_FOUND 11
---
MARKET 616911 Will 9 Fed rate cuts happen in 2026?
FIELD acceptingOrders True
FIELD acceptingOrdersTimestamp 2025-09-29T22:24:35Z
FIELD enableOrderBook True
FIELD feeSchedule {'exponent': 1, 'rate': 0.05, 'takerOnly': True, 'rebateRate': 0.25}
FIELD feeType economics_fees
FIELD feesEnabled True
FIELD makerBaseFee 1000
FIELD marketMakerAddress 
FIELD orderMinSize 5
FIELD orderPriceMinTickSize 0.001
FIELD takerBaseFee 1000
FEE_FIELDS_FOUND 11
---
MARKET 616912 Will 10 Fed rate cuts happen in 2026?
FIELD acceptingOrders True
FIELD acceptingOrdersTimestamp 2025-09-29T22:24:37Z
FIELD enableOrderBook True
FIELD feeSchedule {'exponent': 1, 'rate': 0.05, 'takerOnly': True, 'rebateRate': 0.25}
FIELD feeType economics_fees
FIELD feesEnabled True
FIELD makerBaseFee 1000
FIELD marketMakerAddress 
FIELD orderMinSize 5
FIELD orderPriceMinTickSize 0.001
FIELD takerBaseFee 1000
FEE_FIELDS_FOUND 11
---
MARKET 616913 Will 11 Fed rate cuts happen in 2026?
FIELD acceptingOrders True
FIELD acceptingOrdersTimestamp 2025-09-29T22:24:37Z
FIELD enableOrderBook True
FIELD feeSchedule {'exponent': 1, 'rate': 0.05, 'takerOnly': True, 'rebateRate': 0.25}
FIELD feeType economics_fees
FIELD feesEnabled True
FIELD makerBaseFee 1000
FIELD marketMakerAddress 
FIELD orderMinSize 5
FIELD orderPriceMinTickSize 0.001
FIELD takerBaseFee 1000
FEE_FIELDS_FOUND 11
---
MARKET 616914 Will 12 or more Fed rate cuts happen in 2026?
FIELD acceptingOrders True
FIELD acceptingOrdersTimestamp 2025-09-29T22:24:39Z
FIELD enableOrderBook True
FIELD feeSchedule {'exponent': 1, 'rate': 0.05, 'takerOnly': True, 'rebateRate': 0.25}
FIELD feeType economics_fees
FIELD feesEnabled True
FIELD makerBaseFee 1000
FIELD marketMakerAddress 
FIELD orderMinSize 5
FIELD orderPriceMinTickSize 0.001
FIELD takerBaseFee 1000
FEE_FIELDS_FOUND 11
---
FED_FEE_FIELD_INSPECTION_PASS
