MARKET 950852
MAKER_BID 0.2
INITIAL_QUEUE_AHEAD 158.07
REQUIRED_VOLUME 163.07
QUALIFYING_TRADE_COUNT 0
QUALIFYING_VOLUME 0.0
REMAINING_TO_FILL 163.07
FULL_SHADOW_FILL False
---
MARKET 950854
MAKER_BID 0.54
INITIAL_QUEUE_AHEAD 70.0
REQUIRED_VOLUME 75.0
QUALIFYING_TRADE_COUNT 0
QUALIFYING_VOLUME 0.0
REMAINING_TO_FILL 75.0
FULL_SHADOW_FILL False
---
MARKET 950853
MAKER_BID 0.21
INITIAL_QUEUE_AHEAD 81.06
REQUIRED_VOLUME 86.06
QUALIFYING_TRADE_COUNT 0
QUALIFYING_VOLUME 0.0
REMAINING_TO_FILL 86.06
FULL_SHADOW_FILL False
---
BASELINE 20260920T022654Z106981_fill_baseline.json
EFFECTIVE_CREDIT_START 2026-09-20T02:26:55+00:00
FETCHED_PAGES 1
FETCHED_ROWS 100
FULL_SHADOW_FILL_COUNT 0
PATH /home/leonh/prediction_research/knowledge/raw/market_data/polymarket_fill_checkpoints/20260920T023012Z106981_fill_checkpoint.json
ASSET_FILL_CHECKPOINT_PASS
ASSET_FILL_HOURLY_EVALUATOR_RC 0
ASSET_FILL_HOURLY_PASS
EVALUATOR_WINDOW_BOUND_PATCHED
HOURLY_EDGE_HUNTER_HOOK_PATCHED
HOOK_SMOKE_RC 0
HOURLY_FILL_HOOK_INSTALL_PASS
