PRISON_RULE_FEE_CAPTURE_PASS
HTTP 200
EVENT_ID 85579
TITLE Jack Doherty Prison Time?
NEG_RISK True
NEG_RISK_AUGMENTED False
NEG_RISK_MARKET_ID 0x40aa6389fd3e62f022292ecc397620484d54fb585463cf568c8918508d9c2700
DESCRIPTION
YouTuber Jack Doherty was recently arrested in Miami, Florida and charged with possession of a controlled substance (amphetamine), possession of 20 grams or less of marijuana, and resisting an officer without violence.

This market will resolve according to the prison sentence, if any, imposed on Jack Doherty in relation to these charges by October 31, 2026, 11:59 PM ET.

This market will resolve immediately based on the first sentence rendered in relation to these charges, regardless of any appeals. If the charges are tried separately, this market will stay open until the first sentence has been rendered for all three charges and will resolve based on the cumulative sentence imposed across all three charges. If sentencing has taken place for some, but not all, of these charges on October 31, 2026, 11:59 PM ET, this market will resolve based on sentencing up to that point.

If Doherty is found not guilty, there is a mistrial, or if his sentencing does not include any jail or prison time, this market will resolve to "No Prison Time."

If no sentencing takes place by October 31, 2026, 11:59 PM ET, this market will also resolve to "No Prison Time."

If the sentence falls exactly between two brackets, then this market will resolve to the higher range bracket.

For the purposes of this market, it does not matter whether the sentence is concurrent or consecutive to any existing sentence Doherty is already serving. The market will resolve based on the total prison sentence imposed in this case.

The primary resolution source for this market will be official information from the Florida court system or other involved U.S. government sources; however, a consensus of credible reporting may also be used.
MARKET_COUNT 4
MARKET_ID 691980
QUESTION Will Jack Doherty be sentenced to no prison time?
NEG_RISK True
NEG_RISK_OTHER False
FEES_ENABLED True
FEE_SCHEDULE {'exponent': 1, 'rate': 0.05, 'takerOnly': True, 'rebateRate': 0.25}
FEE_TYPE culture_fees
ORDER_MIN_SIZE 5
TICK_SIZE 0.001
END_DATE 2026-10-31T00:00:00Z
DESCRIPTION YouTuber Jack Doherty was recently arrested in Miami, Florida and charged with possession of a controlled substance (amphetamine), possession of 20 grams or less of marijuana, and resisting an officer without violence.  This market will resolve according to the prison sentence, if any, imposed on Jack Doherty in relation to these charges by October 31, 2026, 11:59 PM ET.  This market will resolve immediately based on the first sentence rendered in relation to these charges, regardless of any appeals. If the charges are tried separately, this market will stay open until the first sentence has been rendered for all three charges and will resolve based on the cumulative sentence imposed across all three charges. If sentencing has taken place for some, but not all, of these charges on October 31, 2026, 11:59 PM ET, this market will resolve based on sentencing up to that point.  If Doherty is found not guilty, there is a mistrial, or if his sentencing does not include any jail or prison time, this market will resolve to "No Prison Time."  If no sentencing takes place by October 31, 2026, 11:59 PM ET, this market will also resolve to "No Prison Time."  If the sentence falls exactly between two brackets, then this market will resolve to the higher range bracket.  For the purposes of this market, it does not matter whether the sentence is concurrent or consecutive to any existing sentence Doherty is already serving. The market will resolve based on the total prison sentence imposed in this case.  The primary resolution source for this market will be official information from the Florida court system or other involved U.S. government sources; however, a consensus of credible reporting may also be used.
---
MARKET_ID 691981
QUESTION Will Jack Doherty be sentenced to less than 2 years in prison?
NEG_RISK True
NEG_RISK_OTHER False
FEES_ENABLED True
FEE_SCHEDULE {'exponent': 1, 'rate': 0.05, 'takerOnly': True, 'rebateRate': 0.25}
FEE_TYPE culture_fees
ORDER_MIN_SIZE 5
TICK_SIZE 0.001
END_DATE 2026-10-31T00:00:00Z
DESCRIPTION YouTuber Jack Doherty was recently arrested in Miami, Florida and charged with possession of a controlled substance (amphetamine), possession of 20 grams or less of marijuana, and resisting an officer without violence.  This market will resolve according to the prison sentence, if any, imposed on Jack Doherty in relation to these charges by October 31, 2026, 11:59 PM ET.  This market will resolve immediately based on the first sentence rendered in relation to these charges, regardless of any appeals. If the charges are tried separately, this market will stay open until the first sentence has been rendered for all three charges and will resolve based on the cumulative sentence imposed across all three charges. If sentencing has taken place for some, but not all, of these charges on October 31, 2026, 11:59 PM ET, this market will resolve based on sentencing up to that point.  If Doherty is found not guilty, there is a mistrial, or if his sentencing does not include any jail or prison time, this market will resolve to "No Prison Time."  If no sentencing takes place by October 31, 2026, 11:59 PM ET, this market will also resolve to "No Prison Time."  If the sentence falls exactly between two brackets, then this market will resolve to the higher range bracket.  For the purposes of this market, it does not matter whether the sentence is concurrent or consecutive to any existing sentence Doherty is already serving. The market will resolve based on the total prison sentence imposed in this case.  The primary resolution source for this market will be official information from the Florida court system or other involved U.S. government sources; however, a consensus of credible reporting may also be used.
---
MARKET_ID 691982
QUESTION Will Jack Doherty be sentenced to 2 to 5 years in prison?
NEG_RISK True
NEG_RISK_OTHER False
FEES_ENABLED True
FEE_SCHEDULE {'exponent': 1, 'rate': 0.05, 'takerOnly': True, 'rebateRate': 0.25}
FEE_TYPE culture_fees
ORDER_MIN_SIZE 5
TICK_SIZE 0.001
END_DATE 2026-10-31T00:00:00Z
DESCRIPTION YouTuber Jack Doherty was recently arrested in Miami, Florida and charged with possession of a controlled substance (amphetamine), possession of 20 grams or less of marijuana, and resisting an officer without violence.  This market will resolve according to the prison sentence, if any, imposed on Jack Doherty in relation to these charges by October 31, 2026, 11:59 PM ET.  This market will resolve immediately based on the first sentence rendered in relation to these charges, regardless of any appeals. If the charges are tried separately, this market will stay open until the first sentence has been rendered for all three charges and will resolve based on the cumulative sentence imposed across all three charges. If sentencing has taken place for some, but not all, of these charges on October 31, 2026, 11:59 PM ET, this market will resolve based on sentencing up to that point.  If Doherty is found not guilty, there is a mistrial, or if his sentencing does not include any jail or prison time, this market will resolve to "No Prison Time."  If no sentencing takes place by October 31, 2026, 11:59 PM ET, this market will also resolve to "No Prison Time."  If the sentence falls exactly between two brackets, then this market will resolve to the higher range bracket.  For the purposes of this market, it does not matter whether the sentence is concurrent or consecutive to any existing sentence Doherty is already serving. The market will resolve based on the total prison sentence imposed in this case.  The primary resolution source for this market will be official information from the Florida court system or other involved U.S. government sources; however, a consensus of credible reporting may also be used.
---
MARKET_ID 691983
QUESTION Will Jack Doherty be sentenced to at least 5 years in prison?
NEG_RISK True
NEG_RISK_OTHER False
FEES_ENABLED True
FEE_SCHEDULE {'exponent': 1, 'rate': 0.05, 'takerOnly': True, 'rebateRate': 0.25}
FEE_TYPE culture_fees
ORDER_MIN_SIZE 5
TICK_SIZE 0.001
END_DATE 2026-10-31T00:00:00Z
DESCRIPTION YouTuber Jack Doherty was recently arrested in Miami, Florida and charged with possession of a controlled substance (amphetamine), possession of 20 grams or less of marijuana, and resisting an officer without violence.  This market will resolve according to the prison sentence, if any, imposed on Jack Doherty in relation to these charges by October 31, 2026, 11:59 PM ET.  This market will resolve immediately based on the first sentence rendered in relation to these charges, regardless of any appeals. If the charges are tried separately, this market will stay open until the first sentence has been rendered for all three charges and will resolve based on the cumulative sentence imposed across all three charges. If sentencing has taken place for some, but not all, of these charges on October 31, 2026, 11:59 PM ET, this market will resolve based on sentencing up to that point.  If Doherty is found not guilty, there is a mistrial, or if his sentencing does not include any jail or prison time, this market will resolve to "No Prison Time."  If no sentencing takes place by October 31, 2026, 11:59 PM ET, this market will also resolve to "No Prison Time."  If the sentence falls exactly between two brackets, then this market will resolve to the higher range bracket.  For the purposes of this market, it does not matter whether the sentence is concurrent or consecutive to any existing sentence Doherty is already serving. The market will resolve based on the total prison sentence imposed in this case.  The primary resolution source for this market will be official information from the Florida court system or other involved U.S. government sources; however, a consensus of credible reporting may also be used.
---
PATH /home/leonh/prediction_research/knowledge/raw/market_rules/polymarket/20260920T013720Zevent_85579.json
