ARCHIVE 20260920T021521Z106981.jsonl
LINE_COUNT 10
ASSET_COUNT 3
COUNT PONG 4
COUNT book 3
COUNT new_market 3
COUNT price_change 2
EVENT_TYPE book
TOP_LEVEL_KEYS ['asks', 'asset_id', 'bids', 'event_type', 'hash', 'last_trade_price', 'market', 'tick_size', 'timestamp']
FIELD asks LIST_LEN 28
FIELD_FIRST_KEYS asks ['price', 'size']
FIELD_FIRST_SAMPLE asks {"price": "0.99", "size": "238676.67"}
FIELD asset_id 32825140231045567473519733823753658145488577746690815504132235066565756510499
FIELD bids LIST_LEN 29
FIELD_FIRST_KEYS bids ['price', 'size']
FIELD_FIRST_SAMPLE bids {"price": "0.01", "size": "131309.99"}
FIELD event_type book
FIELD hash 9dcee7d7287decb915ac61ba6b87c20954c65f98
FIELD last_trade_price 0.540
FIELD market 0x5290e1debd1d164f7828f32c9da7747018462293928a8624e27a070b7255f1f1
FIELD tick_size 0.01
FIELD timestamp 1789870481706
---
EVENT_TYPE new_market
TOP_LEVEL_KEYS ['active', 'assets_ids', 'clob_token_ids', 'condition_id', 'description', 'event_message', 'event_type', 'fee_schedule', 'fees_enabled', 'game_start_time', 'group_item_title', 'id', 'line', 'market', 'order_price_min_tick_size', 'outcomes', 'question', 'slug', 'sports_market_type', 'tags', 'taker_base_fee', 'timestamp']
FIELD active False
FIELD assets_ids LIST_LEN 2
FIELD_FIRST_SAMPLE assets_ids 49617414104723710642780580235284107101634554305536614593855023643567107656672
FIELD clob_token_ids LIST_LEN 2
FIELD_FIRST_SAMPLE clob_token_ids 49617414104723710642780580235284107101634554305536614593855023643567107656672
FIELD condition_id 0xccfba9d9321fc6d9b2550cd599dac22036282d58ce64c06ac148f256c034c338
FIELD description This market will resolve to "Up" if the time-weighted average price (TWAP) of BNB, generated by Chainlink, of the time range specified in the title is greater than or equal to the price at the beginning of that range. Otherwise, it will resolve to "Down".
The resolution source for this market is information from Chainlink, specifically the BNB/USD TWAP data stream available at https://data.chain.link/streams/bnb-usd-twap-60s-streams.
Please note that this market is about the price according to the TWAP Chainlink data stream for the asset pair BNB/USD, not according to any other sources or spot markets.
FIELD event_message OBJECT_KEYS ['description', 'id', 'slug', 'ticker', 'title']
FIELD_SAMPLE event_message {"description": "This market will resolve to \"Up\" if the time-weighted average price (TWAP) of BNB, generated by Chainlink, of the time range specified in the title is greater than or equal to the price at the beginning of that range. Otherwise, it will resolve to \"Down\".\nThe resolution source for this market is information from Chainlink, specifically the BNB/USD TWAP data stream available at https://data.chain.link/streams/bnb-usd-twap-60s-streams.\nPlease note that this market is about the price according to the TWAP Chainlink data stream for the asset pair BNB/USD, not according to any other sources or spot markets.", "id": "1049892", "slug": "bnb-updown-5m-1789935300", "ticker": "bnb-updown-5m-1789935300", "title": "BNB Up or Down - September 20, 4:15PM-4:20PM ET"}
FIELD event_type new_market
FIELD fee_schedule OBJECT_KEYS ['exponent', 'rate', 'rebate_rate', 'taker_only']
FIELD_SAMPLE fee_schedule {"exponent": "1", "rate": "0.07", "rebate_rate": "0.2", "taker_only": true}
FIELD fees_enabled True
FIELD game_start_time 
FIELD group_item_title 
FIELD id 4733647
FIELD line 
FIELD market 0xccfba9d9321fc6d9b2550cd599dac22036282d58ce64c06ac148f256c034c338
FIELD order_price_min_tick_size 0.01
FIELD outcomes LIST_LEN 2
FIELD_FIRST_SAMPLE outcomes Up
FIELD question BNB Up or Down - September 20, 4:15PM-4:20PM ET
FIELD slug bnb-updown-5m-1789935300
FIELD sports_market_type 
FIELD tags LIST_LEN 0
FIELD taker_base_fee 1000
FIELD timestamp 1789870532818
---
EVENT_TYPE price_change
TOP_LEVEL_KEYS ['event_type', 'market', 'price_changes', 'timestamp']
FIELD event_type price_change
FIELD market 0x23db4bef50396fe700d23cb2eaa7d726da9280f7ce3ecd54126a976e9591c7bf
FIELD price_changes LIST_LEN 2
FIELD_FIRST_KEYS price_changes ['asset_id', 'best_ask', 'best_bid', 'hash', 'price', 'side', 'size']
FIELD_FIRST_SAMPLE price_changes {"asset_id": "4655209727295513535859117642120184432334179761721646415109648555849060899062", "best_ask": "0.22", "best_bid": "0.21", "hash": "d559b8b245f0731fcce0f16c0b3e9c89690f7c8f", "price": "0.35", "side": "SELL", "size": "57"}
FIELD timestamp 1789870538771
---
HAS_LAST_TRADE_PRICE False
HAS_PRICE_CHANGE True
ASSET_STREAM_SCHEMA_INSPECTION_PASS
