SNAPSHOT 20260920T010726Z.json
BOOK_COUNT 18
BOOK_KEYS asks,asset_id,bids,hash,last_trade_price,market,min_order_size,neg_risk,tick_size,timestamp
MAPPED_BOOKS 18
MIN_SPREAD 0.0030000000000000027
MAX_SPREAD 0.44999999999999996
MEAN_SPREAD 0.1082222222222222
BOOK 58364840349378772688 BID 0.96 ASK 0.963 SPREAD 0.0030000000000000027 BID_DEPTH 653567.36 ASK_DEPTH 27253.83 LEVELS 47 15
QUESTION Macron out by December 31, 2026?
BOOK 92851423033817768518 BID 0.037 ASK 0.04 SPREAD 0.0030000000000000027 BID_DEPTH 27253.83 ASK_DEPTH 653567.36 LEVELS 15 47
QUESTION Macron out by December 31, 2026?
BOOK 10081849900335988455 BID 0.93 ASK 0.94 SPREAD 0.009999999999999898 BID_DEPTH 82305.57 ASK_DEPTH 8762.87 LEVELS 28 6
QUESTION China x India military clash by December 31, 2026?
BOOK 36135303630970774358 BID 0.06 ASK 0.07 SPREAD 0.010000000000000009 BID_DEPTH 8762.87 ASK_DEPTH 82305.57 LEVELS 6 28
QUESTION China x India military clash by December 31, 2026?
BOOK 28557614648090529004 BID 0.932 ASK 0.953 SPREAD 0.020999999999999908 BID_DEPTH 37290.79 ASK_DEPTH 35357.25 LEVELS 39 18
QUESTION Kraken IPO by December 31, 2026?
BOOK 34626184950254225208 BID 0.047 ASK 0.068 SPREAD 0.021000000000000005 BID_DEPTH 35357.25 ASK_DEPTH 37290.79 LEVELS 18 39
QUESTION Kraken IPO by December 31, 2026?
BOOK 17799682251044587344 BID 0.919 ASK 0.959 SPREAD 0.039999999999999925 BID_DEPTH 91945.08 ASK_DEPTH 31759.8 LEVELS 39 17
QUESTION NATO/EU troops fighting in Ukraine by December 31, 2026?
BOOK 10721995827700152803 BID 0.25 ASK 0.29 SPREAD 0.03999999999999998 BID_DEPTH 28423.24 ASK_DEPTH 2030.84 LEVELS 23 12
QUESTION Will the next UK election be called by June 30, 2027?
BOOK 83822435716035660497 BID 0.041 ASK 0.081 SPREAD 0.04 BID_DEPTH 31759.8 ASK_DEPTH 91945.08 LEVELS 17 39
QUESTION NATO/EU troops fighting in Ukraine by December 31, 2026?
BOOK 31627048520492227354 BID 0.09 ASK 0.13 SPREAD 0.04000000000000001 BID_DEPTH 10234.83 ASK_DEPTH 1517.78 LEVELS 8 14
QUESTION Will the next UK election be called by December 31, 2026?
CROSSED_BOOKS 0
POLYMARKET_L2_ANALYSIS_PASS
