HTTP_STATUS 200
BODY_BYTES 4699417
SHA256 9259c249c640b9a04db51ec0760367ff32a9e4b49842217debc08751f93e6f04
RAW_PATH /home/leonh/.local/state/prediction-research/raw/polymarket_gamma_keyset/9259c249c640b9a04db51ec0760367ff32a9e4b49842217debc08751f93e6f04.json
TOP_KIND dict
TOP_KEYS ['$schema', 'events', 'next_cursor']
ROWS_KIND list
ROW_COUNT 100
FIRST_KEYS ['active', 'archived', 'automaticallyActive', 'closed', 'commentCount', 'competitive', 'createdAt', 'creationDate', 'cumulativeMarkets', 'cyom', 'deploying', 'description', 'enableNegRisk', 'enableOrderBook', 'endDate', 'estimateValue', 'eventMetadata', 'featured', 'gmpChartMode', 'icon', 'id', 'image', 'liquidity', 'liquidityClob', 'markets', 'negRisk', 'negRiskAugmented', 'new', 'openInterest', 'pendingDeployment', 'requiresTranslation', 'resolutionSource', 'restricted', 'showAllOutcomes', 'showMarketImages', 'slug', 'sortBy', 'startDate', 'tags', 'ticker', 'title', 'updatedAt', 'version', 'volume', 'volume1mo', 'volume1wk', 'volume1yr', 'volume24hr']
FIRST_ID 16183
FIRST_TITLE Kraken IPO by ___ ?
FIRST_ACTIVE True
FIRST_CLOSED False
LAST_ID 57206
LAST_TITLE Pennsylvania Governor Election Winner
LAST_ACTIVE True
LAST_CLOSED False
NEXT_CURSOR _WIxoc4B8aciXdad3eo3ZBV76nNRvkDs6pAFURlMoyh7InYiOjEsImsiOiJldmVudHMiLCJvaCI6IjRmNTNjZGExOGMyYmFhMGMwMzU0YmI1ZjlhM2VjYmU1ZWQxMmFiNGQ4ZTExYmE4NzNjMmYxMTE2MTIwMmI5NDUiLCJrZXlzIjpbeyJ0Ijoic3RyaW5nIiwidiI6IjU3MjA2In1dfQ
NEXT_CURSOR_ALT None
GAMMA_KEYSET_PROBE_E396_PASS
