LEG 616902 PRICE 0.957 SIZE 2987.34 FEE 0.15432
LEG 616903 PRICE 0.015 SIZE 75.0 FEE 0.05541
LEG 616904 PRICE 0.005 SIZE 2335.94 FEE 0.01866
LEG 616905 PRICE 0.006 SIZE 2333.51 FEE 0.02236
LEG 616906 PRICE 0.003 SIZE 4737.18 FEE 0.01122
LEG 616907 PRICE 0.002 SIZE 5762.92 FEE 0.00748
LEG 616908 PRICE 0.001 SIZE 274.79 FEE 0.00375
LEG 616909 PRICE 0.002 SIZE 21132.37 FEE 0.00748
LEG 616910 PRICE 0.001 SIZE 168145.15 FEE 0.00375
LEG 616911 PRICE 0.001 SIZE 442983.73 FEE 0.00375
LEG 616912 PRICE 0.001 SIZE 461176.62 FEE 0.00375
LEG 616913 PRICE 0.001 SIZE 470192.54 FEE 0.00375
LEG 616914 PRICE 0.001 SIZE 194022.31 FEE 0.00375
ASK_SUM 0.996
GROSS_PER_SET 0.0040000000000000036
GROSS_TOTAL 0.30000000000000027
FEE_TOTAL 0.29942999999999986
NET_TOTAL 0.0005700000000004035
NET_PER_SET 7.6000000000053804e-06
CAPITAL 74.99943
NET_ROI 7.600057760444359e-06
PROVISIONAL_RESULT POSITIVE_BUT_TINY
POINT_IN_TIME_FEE_PROVENANCE PENDING
FED_FEE_QUANTIFICATION_PASS
