MAKER_LEG 950852
QUESTION Will Bitcoin have the best performance in 2026?
MAKER_BID 0.2
MAKER_ASK 0.21
SPREAD 0.009999999999999981
QUEUE_AHEAD_AT_BEST_BID 158.07
SHADOW_SIZE 5.0
HEDGE_ASK_COST 0.77
HEDGE_COMMON_DEPTH 27.4
TOTAL_ENTRY_PRICE 0.97
GROSS_PER_SET_AFTER_FILL 0.030000000000000027
TAKER_HEDGE_FEES 0.08382
NET_TOTAL_AFTER_FILL 0.06618000000000013
NET_PER_SET_AFTER_FILL 0.013236000000000026
ONE_TICK_HEDGE_WORSE_NET_PER_SET 0.0032360000000000253
TWO_TICK_HEDGE_WORSE_NET_PER_SET -0.006763999999999975
---
MAKER_LEG 950853
QUESTION Will Gold have the best performance in 2026?
MAKER_BID 0.21
MAKER_ASK 0.22
SPREAD 0.010000000000000009
QUEUE_AHEAD_AT_BEST_BID 81.06
SHADOW_SIZE 5.0
HEDGE_ASK_COST 0.76
HEDGE_COMMON_DEPTH 30.0
TOTAL_ENTRY_PRICE 0.97
GROSS_PER_SET_AFTER_FILL 0.030000000000000027
TAKER_HEDGE_FEES 0.08268
NET_TOTAL_AFTER_FILL 0.06732000000000013
NET_PER_SET_AFTER_FILL 0.013464000000000026
ONE_TICK_HEDGE_WORSE_NET_PER_SET 0.003464000000000026
TWO_TICK_HEDGE_WORSE_NET_PER_SET -0.006535999999999974
---
MAKER_LEG 950854
QUESTION Will the S&P 500 have the best performance in 2026?
MAKER_BID 0.54
MAKER_ASK 0.55
SPREAD 0.010000000000000009
QUEUE_AHEAD_AT_BEST_BID 70.0
SHADOW_SIZE 5.0
HEDGE_ASK_COST 0.43
HEDGE_COMMON_DEPTH 27.4
TOTAL_ENTRY_PRICE 0.97
GROSS_PER_SET_AFTER_FILL 0.030000000000000027
TAKER_HEDGE_FEES 0.0675
NET_TOTAL_AFTER_FILL 0.08250000000000013
NET_PER_SET_AFTER_FILL 0.016500000000000025
ONE_TICK_HEDGE_WORSE_NET_PER_SET 0.006500000000000025
TWO_TICK_HEDGE_WORSE_NET_PER_SET -0.0034999999999999754
---
BEST_CONDITIONAL_NET_PER_SET 0.016500000000000025
PREBUILD_RESULT SURVIVES_ARITHMETIC_ONLY_NEEDS_PROSPECTIVE_FILL_TEST
MAKER_FILL_ASSUMPTION UNPROVEN
QUEUE_POSITION_ASSUMPTION JOIN_BEHIND_DISPLAYED_BEST_BID
ASSET_MAKER_HEDGE_PREBUILD_PASS
