ASSET_RULE_FEE_CAPTURE_PASS
HTTP 200
EVENT_ID 106981
TITLE Bitcoin vs. Gold vs. S&P 500 in 2026
NEG_RISK True
NEG_RISK_AUGMENTED False
NEG_RISK_MARKET_ID 0x339a89111ad048709ef27ac9da11e70a28ceaae3a4f494e949c9d68be7c39a00
DESCRIPTION
This market will resolve according to the asset which has the best performance in 2026 among Bitcoin, Gold, and the S&P 500 with performance measured as the percentage change in price during the year for each asset. 

The percentage change in price for Bitcoin will be calculated by comparing the "Close" price for the Binance 1 minute candle for BTC/USDT on January 1, 2026 12:00 AM ET to the "Close" price for the Binance 1 minute candle for BTC/USDT on December 31, 2026 11:59 PM ET.

The resolution source for Bitcoin will be Binance, specifically the BTC/USDT "Close" prices currently available at https://www.binance.com/en/trade/BTC_USDT in the chart with "1m" and "Candles" selected on the top bar and the mouse on the candle for the relevant minute (the “time tools” selection may be used to view historical candles).

The percentage change in Gold will be calculated by comparing the official Gold Continuous Contract (GC00) Close price for the last trading day in 2025 to the official Gold Continuous Contract (GC00) Close price for the last trading day in 2026, as reported by MarketWatch.

The resolution source for Gold will be MarketWatch, specifically the close values reported for Gold Continuous Contract (GC00) under “Historical Quotes” at https://www.marketwatch.com/investing/future/gc00.

The percentage change in the S&P 500 will be calculated by comparing the official S&P 500 Index (^SPX) Close price for the last trading day in 2025 to the official S&P 500 Index (^SPX) Close price for the last trading day in 2026, as reported by Yahoo Finance.

The resolution source for the S&P 500 will be Yahoo Finance, specifically the Close values published by Yahoo Finance for S&P 500 Index (^SPX) at https://finance.yahoo.com/quote/%5ESPX/history/.

If two or more listed assets have exactly the same performance for 2026, this market will resolve according to the asset whose name, as listed in the title of this market, comes first alphabetically (e.g. if Bitcoin and Gold tie, this market will resolve to Bitcoin).

Only closing prices will be used for all calculations; total return measures will not be applied.

If either of the relevant trading days are shortened, the official closing price published for that session will be used.

If any relevant day lacks a specified closing price, the last valid historical closing price offered by the resolution source will be used.
MARKET_COUNT 3
MARKET_ID 950852
QUESTION Will Bitcoin have the best performance in 2026?
NEG_RISK True
NEG_RISK_OTHER False
FEES_ENABLED True
FEE_SCHEDULE {'exponent': 1, 'rate': 0.04, 'takerOnly': True, 'rebateRate': 0.25}
FEE_TYPE finance_prices_fees
ORDER_MIN_SIZE 5
TICK_SIZE 0.01
END_DATE 2027-01-01T04:59:00Z
DESCRIPTION This market will resolve according to the asset which has the best performance in 2026 among Bitcoin, Gold, and the S&P 500 with performance measured as the percentage change in price during the year for each asset.   The percentage change in price for Bitcoin will be calculated by comparing the "Close" price for the Binance 1 minute candle for BTC/USDT on January 1, 2026 12:00 AM ET to the "Close" price for the Binance 1 minute candle for BTC/USDT on December 31, 2026 11:59 PM ET.  The resolution source for Bitcoin will be Binance, specifically the BTC/USDT "Close" prices currently available at https://www.binance.com/en/trade/BTC_USDT in the chart with "1m" and "Candles" selected on the top bar and the mouse on the candle for the relevant minute (the “time tools” selection may be used to view historical candles).  The percentage change in Gold will be calculated by comparing the official Gold Continuous Contract (GC00) Close price for the last trading day in 2025 to the official Gold Continuous Contract (GC00) Close price for the last trading day in 2026, as reported by MarketWatch.  The resolution source for Gold will be MarketWatch, specifically the close values reported for Gold Continuous Contract (GC00) under “Historical Quotes” at https://www.marketwatch.com/investing/future/gc00.  The percentage change in the S&P 500 will be calculated by comparing the official S&P 500 Index (^SPX) Close price for the last trading day in 2025 to the official S&P 500 Index (^SPX) Close price for the last trading day in 2026, as reported by Yahoo Finance.  The resolution source for the S&P 500 will be Yahoo Finance, specifically the Close values published by Yahoo Finance for S&P 500 Index (^SPX) at https://finance.yahoo.com/quote/%5ESPX/history/.  If two or more listed assets have exactly the same performance for 2026, this market will resolve according to the asset whose name, as listed in the title of this market, comes first alphabetically (e.g. if Bitcoin and Gold tie, this market will resolve to Bitcoin).  Only closing prices will be used for all calculations; total return measures will not be applied.  If either of the relevant trading days are shortened, the official closing price published for that session will be used.  If any relevant day lacks a specified closing price, the last valid historical closing price offered by the resolution source will be used.
---
MARKET_ID 950853
QUESTION Will Gold have the best performance in 2026?
NEG_RISK True
NEG_RISK_OTHER False
FEES_ENABLED True
FEE_SCHEDULE {'exponent': 1, 'rate': 0.04, 'takerOnly': True, 'rebateRate': 0.25}
FEE_TYPE finance_prices_fees
ORDER_MIN_SIZE 5
TICK_SIZE 0.01
END_DATE 2027-01-01T04:59:00Z
DESCRIPTION This market will resolve according to the asset which has the best performance in 2026 among Bitcoin, Gold, and the S&P 500 with performance measured as the percentage change in price during the year for each asset.   The percentage change in price for Bitcoin will be calculated by comparing the "Close" price for the Binance 1 minute candle for BTC/USDT on January 1, 2026 12:00 AM ET to the "Close" price for the Binance 1 minute candle for BTC/USDT on December 31, 2026 11:59 PM ET.  The resolution source for Bitcoin will be Binance, specifically the BTC/USDT "Close" prices currently available at https://www.binance.com/en/trade/BTC_USDT in the chart with "1m" and "Candles" selected on the top bar and the mouse on the candle for the relevant minute (the “time tools” selection may be used to view historical candles).  The percentage change in Gold will be calculated by comparing the official Gold Continuous Contract (GC00) Close price for the last trading day in 2025 to the official Gold Continuous Contract (GC00) Close price for the last trading day in 2026, as reported by MarketWatch.  The resolution source for Gold will be MarketWatch, specifically the close values reported for Gold Continuous Contract (GC00) under “Historical Quotes” at https://www.marketwatch.com/investing/future/gc00.  The percentage change in the S&P 500 will be calculated by comparing the official S&P 500 Index (^SPX) Close price for the last trading day in 2025 to the official S&P 500 Index (^SPX) Close price for the last trading day in 2026, as reported by Yahoo Finance.  The resolution source for the S&P 500 will be Yahoo Finance, specifically the Close values published by Yahoo Finance for S&P 500 Index (^SPX) at https://finance.yahoo.com/quote/%5ESPX/history/.  If two or more listed assets have exactly the same performance for 2026, this market will resolve according to the asset whose name, as listed in the title of this market, comes first alphabetically (e.g. if Bitcoin and Gold tie, this market will resolve to Bitcoin).  Only closing prices will be used for all calculations; total return measures will not be applied.  If either of the relevant trading days are shortened, the official closing price published for that session will be used.  If any relevant day lacks a specified closing price, the last valid historical closing price offered by the resolution source will be used.
---
MARKET_ID 950854
QUESTION Will the S&P 500 have the best performance in 2026?
NEG_RISK True
NEG_RISK_OTHER False
FEES_ENABLED True
FEE_SCHEDULE {'exponent': 1, 'rate': 0.04, 'takerOnly': True, 'rebateRate': 0.25}
FEE_TYPE finance_prices_fees
ORDER_MIN_SIZE 5
TICK_SIZE 0.01
END_DATE 2027-01-01T04:59:00Z
DESCRIPTION This market will resolve according to the asset which has the best performance in 2026 among Bitcoin, Gold, and the S&P 500 with performance measured as the percentage change in price during the year for each asset.   The percentage change in price for Bitcoin will be calculated by comparing the "Close" price for the Binance 1 minute candle for BTC/USDT on January 1, 2026 12:00 AM ET to the "Close" price for the Binance 1 minute candle for BTC/USDT on December 31, 2026 11:59 PM ET.  The resolution source for Bitcoin will be Binance, specifically the BTC/USDT "Close" prices currently available at https://www.binance.com/en/trade/BTC_USDT in the chart with "1m" and "Candles" selected on the top bar and the mouse on the candle for the relevant minute (the “time tools” selection may be used to view historical candles).  The percentage change in Gold will be calculated by comparing the official Gold Continuous Contract (GC00) Close price for the last trading day in 2025 to the official Gold Continuous Contract (GC00) Close price for the last trading day in 2026, as reported by MarketWatch.  The resolution source for Gold will be MarketWatch, specifically the close values reported for Gold Continuous Contract (GC00) under “Historical Quotes” at https://www.marketwatch.com/investing/future/gc00.  The percentage change in the S&P 500 will be calculated by comparing the official S&P 500 Index (^SPX) Close price for the last trading day in 2025 to the official S&P 500 Index (^SPX) Close price for the last trading day in 2026, as reported by Yahoo Finance.  The resolution source for the S&P 500 will be Yahoo Finance, specifically the Close values published by Yahoo Finance for S&P 500 Index (^SPX) at https://finance.yahoo.com/quote/%5ESPX/history/.  If two or more listed assets have exactly the same performance for 2026, this market will resolve according to the asset whose name, as listed in the title of this market, comes first alphabetically (e.g. if Bitcoin and Gold tie, this market will resolve to Bitcoin).  Only closing prices will be used for all calculations; total return measures will not be applied.  If either of the relevant trading days are shortened, the official closing price published for that session will be used.  If any relevant day lacks a specified closing price, the last valid historical closing price offered by the resolution source will be used.
---
PATH /home/leonh/prediction_research/knowledge/raw/market_rules/polymarket/20260920T013931Zevent_106981.json
